Godot Engine v4.7.stable.official.5b4e0cb0f - https://godotengine.org
Vulkan 1.2.334 - Forward+ - Using Device #0: Apple - Apple M4

WARNING: The local variable "basis" is shadowing an already-declared property in the base class "Node3D".
     at: GDScript::reload (res://scripts/reference_continuous_sleeve.gd:162)
WARNING: The local variable "rotation" is shadowing an already-declared property in the base class "Node3D".
     at: GDScript::reload (res://scripts/sword_long_grip_visual.gd:163)
WARNING: Integer division. Decimal part will be discarded.
     at: GDScript::reload (res://scripts/reference_sword_motion.gd:95)
WARNING: Integer division. Decimal part will be discarded.
     at: GDScript::reload (res://scripts/reference_sword_motion.gd:154)
WARNING: The local function parameter "shield" is shadowing an already-declared function at line 118 in the current class.
     at: GDScript::reload (res://scripts/first_person_motion.gd:32)
WARNING: The local function parameter "shield" is shadowing an already-declared function at line 118 in the current class.
     at: GDScript::reload (res://scripts/first_person_motion.gd:42)
WARNING: The local variable "basis" is shadowing an already-declared property in the base class "Node3D".
     at: GDScript::reload (res://scripts/sword_shield_arm_visual.gd:211)
WARNING: Integer division. Decimal part will be discarded.
     at: GDScript::reload (res://scripts/sword_shield_arm_visual.gd:447)
WARNING: The local variable "rotation" is shadowing an already-declared property in the base class "Node3D".
     at: GDScript::reload (res://scripts/sword_shield_arm_visual.gd:499)
WARNING: The function parameter "seed" has the same name as a built-in function.
     at: GDScript::reload (res://scripts/sword_shield_arm_visual.gd:511)
WARNING: The variable "correction" is declared below in the parent block.
     at: GDScript::reload (res://scripts/sword_shield_arm_visual.gd:531)
WARNING: The function parameter "seed" has the same name as a built-in function.
     at: GDScript::reload (res://scripts/sword_shield_arm_visual.gd:541)
WARNING: The variable "delta" is declared below in the parent block.
     at: GDScript::reload (res://scripts/sword_shield_arm_visual.gd:562)
WARNING: The variable "wrap" has the same name as a built-in function.
     at: GDScript::reload (res://scripts/flail_visuals.gd:31)
WARNING: The variable "wrap" has the same name as a built-in function.
     at: GDScript::reload (res://scripts/equipment_concept_visual.gd:238)
WARNING: The variable "finger_axis" is declared below in the parent block.
     at: GDScript::reload (res://scripts/loot_chest.gd:402)
WARNING: The variable "wrap" has the same name as a built-in function.
     at: GDScript::reload (res://scripts/loot_chest.gd:435)
WARNING: The parameter "dark_steel" is never used in the function "_build_sword_visual()". If this is intended, prefix it with an underscore: "_dark_steel".
     at: GDScript::reload (res://scripts/player.gd:394)
WARNING: The parameter "blade_steel" is never used in the function "_build_sword_visual()". If this is intended, prefix it with an underscore: "_blade_steel".
     at: GDScript::reload (res://scripts/player.gd:394)
WARNING: The parameter "rusted_steel" is never used in the function "_build_sword_visual()". If this is intended, prefix it with an underscore: "_rusted_steel".
     at: GDScript::reload (res://scripts/player.gd:394)
WARNING: The parameter "iron" is never used in the function "_build_shield()". If this is intended, prefix it with an underscore: "_iron".
     at: GDScript::reload (res://scripts/player.gd:461)
WARNING: The parameter "leather" is never used in the function "_build_shield()". If this is intended, prefix it with an underscore: "_leather".
     at: GDScript::reload (res://scripts/player.gd:461)
WARNING: The local function parameter "owner" is shadowing an already-declared property in the base class "Node".
     at: GDScript::reload (res://scripts/player.gd:1131)
WARNING: The variable "result" is declared below in the parent block.
     at: GDScript::reload (res://scripts/player.gd:2444)
WARNING: The variable "wrist" is declared below in the parent block.
     at: GDScript::reload (res://scripts/player.gd:2791)
WARNING: The variable "fitted" is declared below in the parent block.
     at: GDScript::reload (res://scripts/player.gd:2794)
WARNING: The variable "axis" is declared below in the parent block.
     at: GDScript::reload (res://scripts/player.gd:2801)
WARNING: The variable "shoulder" is declared below in the parent block.
     at: GDScript::reload (res://scripts/player.gd:2808)
WARNING: The variable "pole" is declared below in the parent block.
     at: GDScript::reload (res://scripts/player.gd:2817)
WARNING: The local variable "scale" is shadowing an already-declared property in the base class "Node3D".
     at: GDScript::reload (res://scripts/player.gd:3127)
Embedded window can't be resized.
WARNING: The variable "ease" has the same name as a built-in function.
     at: GDScript::reload (res://scripts/wrist_cuff_deformer.gd:214)
     GDScript backtrace (most recent call first):
         [0] set_visual_profile (res://scripts/player_arm_visual.gd:131)
         [1] setup (res://scripts/player_arm_visual.gd:36)
         [2] _add_character_arm (res://scripts/player.gd:2511)
         [3] _build_viewmodel (res://scripts/player.gd:366)
         [4] _ready (res://scripts/player.gd:309)
         [5] populate_viewport (res://tests/player_arm_preview.gd:200)
         [6] populate_viewport (res://tests/first_person_motion_preview.gd:279)
         [7] run (res://tests/shield_corner_preview.gd:20)
SHIELD CORNER PREVIEW PASS
