Godot Engine v4.7.stable.official.5b4e0cb0f - https://godotengine.org
Vulkan 1.2.334 - Forward+ - Using Device #0: Apple - Apple M4

WARNING: The local variable "basis" is shadowing an already-declared property in the base class "Node3D".
     at: GDScript::reload (res://scripts/reference_continuous_sleeve.gd:162)
WARNING: The local variable "basis" is shadowing an already-declared property in the base class "Node3D".
     at: GDScript::reload (res://scripts/supplied_fp_arm.gd:149)
WARNING: The class variable "_forearm" is declared but never used in the class.
     at: GDScript::reload (res://scripts/sword_long_grip_visual.gd:28)
WARNING: The class variable "_upper_arm" is declared but never used in the class.
     at: GDScript::reload (res://scripts/sword_long_grip_visual.gd:29)
WARNING: The class variable "_cuff" is declared but never used in the class.
     at: GDScript::reload (res://scripts/sword_long_grip_visual.gd:30)
WARNING: The parameter "preserve_authored_elbow" is never used in the function "fit_arm()". If this is intended, prefix it with an underscore: "_preserve_authored_elbow".
     at: GDScript::reload (res://scripts/sword_long_grip_visual.gd:118)
WARNING: The local variable "rotation" is shadowing an already-declared property in the base class "Node3D".
     at: GDScript::reload (res://scripts/sword_long_grip_visual.gd:141)
WARNING: The local variable "basis" is shadowing an already-declared property in the base class "Node3D".
     at: GDScript::reload (res://scripts/sword_shield_arm_visual.gd:212)
WARNING: Integer division. Decimal part will be discarded.
     at: GDScript::reload (res://scripts/sword_shield_arm_visual.gd:448)
WARNING: The local variable "rotation" is shadowing an already-declared property in the base class "Node3D".
     at: GDScript::reload (res://scripts/sword_shield_arm_visual.gd:500)
WARNING: The function parameter "seed" has the same name as a built-in function.
     at: GDScript::reload (res://scripts/sword_shield_arm_visual.gd:512)
WARNING: The variable "correction" is declared below in the parent block.
     at: GDScript::reload (res://scripts/sword_shield_arm_visual.gd:532)
WARNING: The function parameter "seed" has the same name as a built-in function.
     at: GDScript::reload (res://scripts/sword_shield_arm_visual.gd:542)
WARNING: The variable "delta" is declared below in the parent block.
     at: GDScript::reload (res://scripts/sword_shield_arm_visual.gd:563)
WARNING: The variable "wrap" has the same name as a built-in function.
     at: GDScript::reload (res://scripts/flail_visuals.gd:31)
WARNING: The variable "wrap" has the same name as a built-in function.
     at: GDScript::reload (res://scripts/equipment_concept_visual.gd:238)
WARNING: Integer division. Decimal part will be discarded.
     at: GDScript::reload (res://scripts/reference_sword_motion.gd:95)
WARNING: Integer division. Decimal part will be discarded.
     at: GDScript::reload (res://scripts/reference_sword_motion.gd:177)
WARNING: The local function parameter "shield" is shadowing an already-declared function at line 118 in the current class.
     at: GDScript::reload (res://scripts/first_person_motion.gd:32)
WARNING: The local function parameter "shield" is shadowing an already-declared function at line 118 in the current class.
     at: GDScript::reload (res://scripts/first_person_motion.gd:42)
WARNING: Values of the ternary operator are not mutually compatible.
     at: GDScript::reload (res://scripts/dungeon_combat_hud.gd:122)
WARNING: Values of the ternary operator are not mutually compatible.
     at: GDScript::reload (res://scripts/dungeon_combat_hud.gd:128)
WARNING: Integer division. Decimal part will be discarded.
     at: GDScript::reload (res://scripts/dungeon_combat_hud.gd:156)
WARNING: The local "for" iterator variable "name" is shadowing an already-declared property in the base class "Node".
     at: GDScript::reload (res://scripts/splint_use_visuals.gd:159)
WARNING: Integer division. Decimal part will be discarded.
     at: GDScript::reload (res://scripts/splint_use_visuals.gd:181)
WARNING: Integer division. Decimal part will be discarded.
     at: GDScript::reload (res://scripts/splint_use_visuals.gd:263)
WARNING: Integer division. Decimal part will be discarded.
     at: GDScript::reload (res://scripts/splint_use_visuals.gd:296)
WARNING: The variable "finger_axis" is declared below in the parent block.
     at: GDScript::reload (res://scripts/loot_chest.gd:402)
WARNING: The variable "wrap" has the same name as a built-in function.
     at: GDScript::reload (res://scripts/loot_chest.gd:435)
WARNING: The parameter "dark_steel" is never used in the function "_build_sword_visual()". If this is intended, prefix it with an underscore: "_dark_steel".
     at: GDScript::reload (res://scripts/player.gd:468)
WARNING: The parameter "blade_steel" is never used in the function "_build_sword_visual()". If this is intended, prefix it with an underscore: "_blade_steel".
     at: GDScript::reload (res://scripts/player.gd:468)
WARNING: The parameter "rusted_steel" is never used in the function "_build_sword_visual()". If this is intended, prefix it with an underscore: "_rusted_steel".
     at: GDScript::reload (res://scripts/player.gd:468)
WARNING: The parameter "iron" is never used in the function "_build_shield()". If this is intended, prefix it with an underscore: "_iron".
     at: GDScript::reload (res://scripts/player.gd:535)
WARNING: The parameter "leather" is never used in the function "_build_shield()". If this is intended, prefix it with an underscore: "_leather".
     at: GDScript::reload (res://scripts/player.gd:535)
WARNING: The local function parameter "owner" is shadowing an already-declared property in the base class "Node".
     at: GDScript::reload (res://scripts/player.gd:1305)
WARNING: The variable "result" is declared below in the parent block.
     at: GDScript::reload (res://scripts/player.gd:3023)
WARNING: The variable "wrist" is declared below in the parent block.
     at: GDScript::reload (res://scripts/player.gd:3423)
WARNING: The variable "fitted" is declared below in the parent block.
     at: GDScript::reload (res://scripts/player.gd:3426)
WARNING: The variable "axis" is declared below in the parent block.
     at: GDScript::reload (res://scripts/player.gd:3433)
WARNING: The variable "shoulder" is declared below in the parent block.
     at: GDScript::reload (res://scripts/player.gd:3440)
WARNING: The variable "pole" is declared below in the parent block.
     at: GDScript::reload (res://scripts/player.gd:3449)
WARNING: The local variable "scale" is shadowing an already-declared property in the base class "Node3D".
     at: GDScript::reload (res://scripts/player.gd:3769)
WARNING: Values of the ternary operator are not mutually compatible.
     at: GDScript::reload (res://scripts/health_panel.gd:301)
WARNING: The signal "health_requested" is declared but never explicitly used in the class.
     at: GDScript::reload (res://scripts/health_chrome.gd:6)
WARNING: Integer division. Decimal part will be discarded.
     at: GDScript::reload (res://scripts/combined_loadout_panel.gd:99)
WARNING: Integer division. Decimal part will be discarded.
     at: GDScript::reload (res://scripts/combined_loadout_panel.gd:104)
Embedded window can't be resized.
WARNING: 'res://assets/3d/player/gravebound_player.glb': In external resource #0, invalid UID: 'uid://bscljxbpwlfk3' - using text path instead: 'res://assets/3d/player/gravebound_player_Gravebound_Facial_Skin_Clean_2048.png'.
     at: open (core/io/resource_format_binary.cpp:1025)
     GDScript backtrace (most recent call first):
         [0] create_body (res://scripts/player_appearance.gd:16)
         [1] _ready (res://scripts/player_portrait.gd:30)
         [2] _capture_body (res://tests/player_appearance_preview.gd:77)
         [3] _run (res://tests/player_appearance_preview.gd:43)
WARNING: 'res://assets/3d/player/gravebound_player.glb': In external resource #1, invalid UID: 'uid://b6t50rsqqasrc' - using text path instead: 'res://assets/3d/player/gravebound_player_Gravebound_ShortHair_Hairline_1024.png'.
     at: open (core/io/resource_format_binary.cpp:1025)
     GDScript backtrace (most recent call first):
         [0] create_body (res://scripts/player_appearance.gd:16)
         [1] _ready (res://scripts/player_portrait.gd:30)
         [2] _capture_body (res://tests/player_appearance_preview.gd:77)
         [3] _run (res://tests/player_appearance_preview.gd:43)
WARNING: 'res://assets/3d/player/gravebound_player.glb': In external resource #2, invalid UID: 'uid://cst5iwnsho0vf' - using text path instead: 'res://assets/3d/player/gravebound_player_skin_basecolor_4k.jpg'.
     at: open (core/io/resource_format_binary.cpp:1025)
     GDScript backtrace (most recent call first):
         [0] create_body (res://scripts/player_appearance.gd:16)
         [1] _ready (res://scripts/player_portrait.gd:30)
         [2] _capture_body (res://tests/player_appearance_preview.gd:77)
         [3] _run (res://tests/player_appearance_preview.gd:43)
WARNING: 'res://assets/3d/player/gravebound_player.glb': In external resource #3, invalid UID: 'uid://cedd08067i0yt' - using text path instead: 'res://assets/3d/player/gravebound_player_skin_orm_4k.png'.
     at: open (core/io/resource_format_binary.cpp:1025)
     GDScript backtrace (most recent call first):
         [0] create_body (res://scripts/player_appearance.gd:16)
         [1] _ready (res://scripts/player_portrait.gd:30)
         [2] _capture_body (res://tests/player_appearance_preview.gd:77)
         [3] _run (res://tests/player_appearance_preview.gd:43)
WARNING: 'res://assets/3d/player/gravebound_player.glb': In external resource #4, invalid UID: 'uid://bo4pywt0vq4yc' - using text path instead: 'res://assets/3d/player/gravebound_player_skin_normal_4k.png'.
     at: open (core/io/resource_format_binary.cpp:1025)
     GDScript backtrace (most recent call first):
         [0] create_body (res://scripts/player_appearance.gd:16)
         [1] _ready (res://scripts/player_portrait.gd:30)
         [2] _capture_body (res://tests/player_appearance_preview.gd:77)
         [3] _run (res://tests/player_appearance_preview.gd:43)
WARNING: 'res://assets/3d/player/gravebound_player.glb': In external resource #5, invalid UID: 'uid://dbinnb2uvm1bj' - using text path instead: 'res://assets/3d/player/gravebound_player_reference_projection_back_basecolor_4k.png'.
     at: open (core/io/resource_format_binary.cpp:1025)
     GDScript backtrace (most recent call first):
         [0] create_body (res://scripts/player_appearance.gd:16)
         [1] _ready (res://scripts/player_portrait.gd:30)
         [2] _capture_body (res://tests/player_appearance_preview.gd:77)
         [3] _run (res://tests/player_appearance_preview.gd:43)
WARNING: 'res://assets/3d/player/gravebound_player.glb': In external resource #6, invalid UID: 'uid://bomkisjih3han' - using text path instead: 'res://assets/3d/player/gravebound_player_outer_wool_basecolor_4k.jpg'.
     at: open (core/io/resource_format_binary.cpp:1025)
     GDScript backtrace (most recent call first):
         [0] create_body (res://scripts/player_appearance.gd:16)
         [1] _ready (res://scripts/player_portrait.gd:30)
         [2] _capture_body (res://tests/player_appearance_preview.gd:77)
         [3] _run (res://tests/player_appearance_preview.gd:43)
WARNING: 'res://assets/3d/player/gravebound_player.glb': In external resource #7, invalid UID: 'uid://dqco2t0edp080' - using text path instead: 'res://assets/3d/player/gravebound_player_outer_wool_orm_4k.png'.
     at: open (core/io/resource_format_binary.cpp:1025)
     GDScript backtrace (most recent call first):
         [0] create_body (res://scripts/player_appearance.gd:16)
         [1] _ready (res://scripts/player_portrait.gd:30)
         [2] _capture_body (res://tests/player_appearance_preview.gd:77)
         [3] _run (res://tests/player_appearance_preview.gd:43)
WARNING: 'res://assets/3d/player/gravebound_player.glb': In external resource #8, invalid UID: 'uid://dp43bg0qsfq6w' - using text path instead: 'res://assets/3d/player/gravebound_player_outer_wool_normal_4k.png'.
     at: open (core/io/resource_format_binary.cpp:1025)
     GDScript backtrace (most recent call first):
         [0] create_body (res://scripts/player_appearance.gd:16)
         [1] _ready (res://scripts/player_portrait.gd:30)
         [2] _capture_body (res://tests/player_appearance_preview.gd:77)
         [3] _run (res://tests/player_appearance_preview.gd:43)
WARNING: 'res://assets/3d/player/gravebound_player.glb': In external resource #9, invalid UID: 'uid://b84kuq5w21hi5' - using text path instead: 'res://assets/3d/player/gravebound_player_Gravebound_TempleSkin_Continuous_1024.png'.
     at: open (core/io/resource_format_binary.cpp:1025)
     GDScript backtrace (most recent call first):
         [0] create_body (res://scripts/player_appearance.gd:16)
         [1] _ready (res://scripts/player_portrait.gd:30)
         [2] _capture_body (res://tests/player_appearance_preview.gd:77)
         [3] _run (res://tests/player_appearance_preview.gd:43)
WARNING: 'res://assets/3d/player/gravebound_player.glb': In external resource #11, invalid UID: 'uid://bx03hrbxap4iw' - using text path instead: 'res://assets/3d/player/gravebound_player_Gravebound_Sclera_Soft_Lid_Shade.png'.
     at: open (core/io/resource_format_binary.cpp:1025)
     GDScript backtrace (most recent call first):
         [0] create_body (res://scripts/player_appearance.gd:16)
         [1] _ready (res://scripts/player_portrait.gd:30)
         [2] _capture_body (res://tests/player_appearance_preview.gd:77)
         [3] _run (res://tests/player_appearance_preview.gd:43)
WARNING: 'res://assets/3d/player/gravebound_player.glb': In external resource #12, invalid UID: 'uid://bmxvkishkb6ul' - using text path instead: 'res://assets/3d/player/gravebound_player_Gravebound_Natural_Brown_Iris.png'.
     at: open (core/io/resource_format_binary.cpp:1025)
     GDScript backtrace (most recent call first):
         [0] create_body (res://scripts/player_appearance.gd:16)
         [1] _ready (res://scripts/player_portrait.gd:30)
         [2] _capture_body (res://tests/player_appearance_preview.gd:77)
         [3] _run (res://tests/player_appearance_preview.gd:43)
WARNING: 'res://assets/3d/player/gravebound_player.glb': In external resource #13, invalid UID: 'uid://by8m06mt6vmnl' - using text path instead: 'res://assets/3d/player/gravebound_player_Gravebound_Natural_Hand_Albedo.png'.
     at: open (core/io/resource_format_binary.cpp:1025)
     GDScript backtrace (most recent call first):
         [0] create_body (res://scripts/player_appearance.gd:16)
         [1] _ready (res://scripts/player_portrait.gd:30)
         [2] _capture_body (res://tests/player_appearance_preview.gd:77)
         [3] _run (res://tests/player_appearance_preview.gd:43)
WARNING: 'res://assets/3d/player/gravebound_player.glb': In external resource #16, invalid UID: 'uid://buvoevjkvebqq' - using text path instead: 'res://assets/3d/player/gravebound_player_Gravebound_Matched_Sleeve_Albedo.png'.
     at: open (core/io/resource_format_binary.cpp:1025)
     GDScript backtrace (most recent call first):
         [0] create_body (res://scripts/player_appearance.gd:16)
         [1] _ready (res://scripts/player_portrait.gd:30)
         [2] _capture_body (res://tests/player_appearance_preview.gd:77)
         [3] _run (res://tests/player_appearance_preview.gd:43)
WARNING: 'res://assets/3d/player/gravebound_player.glb': In external resource #17, invalid UID: 'uid://bo1vfne7ycobi' - using text path instead: 'res://assets/3d/player/gravebound_player_Gravebound_Shoulder_Cloth_Albedo.png'.
     at: open (core/io/resource_format_binary.cpp:1025)
     GDScript backtrace (most recent call first):
         [0] create_body (res://scripts/player_appearance.gd:16)
         [1] _ready (res://scripts/player_portrait.gd:30)
         [2] _capture_body (res://tests/player_appearance_preview.gd:77)
         [3] _run (res://tests/player_appearance_preview.gd:43)
PLAYER CAPTURE: /private/tmp/fullbody-fp-verify/artifacts/visual_qa/player_appearance/face_repair_20260921/player_front.png
PLAYER CAPTURE: /private/tmp/fullbody-fp-verify/artifacts/visual_qa/player_appearance/face_repair_20260921/player_three_quarter.png
PLAYER CAPTURE: /private/tmp/fullbody-fp-verify/artifacts/visual_qa/player_appearance/face_repair_20260921/player_side.png
PLAYER CAPTURE: /private/tmp/fullbody-fp-verify/artifacts/visual_qa/player_appearance/face_repair_20260921/player_back.png
PLAYER CAPTURE: /private/tmp/fullbody-fp-verify/artifacts/visual_qa/player_appearance/face_repair_20260921/player_face_detail.png
PLAYER CAPTURE: /private/tmp/fullbody-fp-verify/artifacts/visual_qa/player_appearance/face_repair_20260921/player_face_front_close.png
PLAYER CAPTURE: /private/tmp/fullbody-fp-verify/artifacts/visual_qa/player_appearance/face_repair_20260921/player_face_left_close.png
PLAYER CAPTURE: /private/tmp/fullbody-fp-verify/artifacts/visual_qa/player_appearance/face_repair_20260921/player_face_right_close.png
PLAYER CAPTURE: /private/tmp/fullbody-fp-verify/artifacts/visual_qa/player_appearance/face_repair_20260921/player_face_rear_close.png
PLAYER CAPTURE: /private/tmp/fullbody-fp-verify/artifacts/visual_qa/player_appearance/face_repair_20260921/player_face_crown_close.png
PLAYER APPEARANCE PREVIEW PASS: 10 actual-renderer captures, input and expedition preserved; /private/tmp/fullbody-fp-verify/artifacts/visual_qa/player_appearance/face_repair_20260921
