[HEADLESS] player_finger_joints_test.gd
JOINT GEOMETRY DIAGNOSTIC: {"axial_extent_m":0.0131023153662682,"changed_vertices":282,"context":"-1/little0","maximum_delta_m":0.000180332353920676,"mixed_vertices_changed":0,"skin_section_radius_m":0.0231285225600004,"skin_section_samples":127,"unrelated_maximum_delta_m":0.0,"unrelated_vertices_changed":0}
JOINT GEOMETRY DIAGNOSTIC: {"axial_extent_m":0.0117342621088028,"changed_vertices":373,"context":"-1/little1","maximum_delta_m":0.000409081025281921,"mixed_vertices_changed":0,"skin_section_radius_m":0.0174785815179348,"skin_section_samples":167,"unrelated_maximum_delta_m":0.0,"unrelated_vertices_changed":0}
JOINT GEOMETRY DIAGNOSTIC: {"axial_extent_m":0.00814124941825867,"changed_vertices":226,"context":"-1/little2","maximum_delta_m":0.000267068826360628,"mixed_vertices_changed":0,"skin_section_radius_m":0.0108750918880105,"skin_section_samples":181,"unrelated_maximum_delta_m":0.0,"unrelated_vertices_changed":0}
JOINT GEOMETRY DIAGNOSTIC: {"axial_extent_m":0.0140419900417328,"changed_vertices":311,"context":"-1/ring0","maximum_delta_m":0.000183064985321835,"mixed_vertices_changed":0,"skin_section_radius_m":0.0249193832278252,"skin_section_samples":82,"unrelated_maximum_delta_m":0.0,"unrelated_vertices_changed":0}
JOINT GEOMETRY DIAGNOSTIC: {"axial_extent_m":0.0146690011024475,"changed_vertices":331,"context":"-1/ring1","maximum_delta_m":0.000512200233060867,"mixed_vertices_changed":0,"skin_section_radius_m":0.017314312979579,"skin_section_samples":170,"unrelated_maximum_delta_m":0.0,"unrelated_vertices_changed":0}
JOINT GEOMETRY DIAGNOSTIC: {"axial_extent_m":0.00790409743785858,"changed_vertices":244,"context":"-1/ring2","maximum_delta_m":0.000286497990600765,"mixed_vertices_changed":0,"skin_section_radius_m":0.0114094074815512,"skin_section_samples":171,"unrelated_maximum_delta_m":0.0,"unrelated_vertices_changed":0}
JOINT GEOMETRY DIAGNOSTIC: {"axial_extent_m":0.0138581246137619,"changed_vertices":191,"context":"-1/middle0","maximum_delta_m":0.000179371869307943,"mixed_vertices_changed":0,"skin_section_radius_m":0.0217554774135351,"skin_section_samples":88,"unrelated_maximum_delta_m":0.0,"unrelated_vertices_changed":0}
JOINT GEOMETRY DIAGNOSTIC: {"axial_extent_m":0.0142985433340073,"changed_vertices":286,"context":"-1/middle1","maximum_delta_m":0.000484121934277937,"mixed_vertices_changed":0,"skin_section_radius_m":0.0169701743870974,"skin_section_samples":122,"unrelated_maximum_delta_m":0.0,"unrelated_vertices_changed":0}
JOINT GEOMETRY DIAGNOSTIC: {"axial_extent_m":0.00848188996315002,"changed_vertices":188,"context":"-1/middle2","maximum_delta_m":0.000226033866056241,"mixed_vertices_changed":0,"skin_section_radius_m":0.0121606765314937,"skin_section_samples":133,"unrelated_maximum_delta_m":0.0,"unrelated_vertices_changed":0}
JOINT GEOMETRY DIAGNOSTIC: {"axial_extent_m":0.0136254653334618,"changed_vertices":298,"context":"-1/index0","maximum_delta_m":0.00019566758419387,"mixed_vertices_changed":0,"skin_section_radius_m":0.0241302847862244,"skin_section_samples":138,"unrelated_maximum_delta_m":0.0,"unrelated_vertices_changed":0}
JOINT GEOMETRY DIAGNOSTIC: {"axial_extent_m":0.0127360373735428,"changed_vertices":379,"context":"-1/index1","maximum_delta_m":0.000440237607108429,"mixed_vertices_changed":0,"skin_section_radius_m":0.0167252160608768,"skin_section_samples":170,"unrelated_maximum_delta_m":0.0,"unrelated_vertices_changed":0}
JOINT GEOMETRY DIAGNOSTIC: {"axial_extent_m":0.00832271575927734,"changed_vertices":211,"context":"-1/index2","maximum_delta_m":0.000241803107201122,"mixed_vertices_changed":0,"skin_section_radius_m":0.0123873651027679,"skin_section_samples":145,"unrelated_maximum_delta_m":0.0,"unrelated_vertices_changed":0}
JOINT GEOMETRY DIAGNOSTIC: {"axial_extent_m":0.0140665099024773,"changed_vertices":219,"context":"-1/thumb0","maximum_delta_m":0.000154434776050039,"mixed_vertices_changed":0,"skin_section_radius_m":0.029028257355094,"skin_section_samples":71,"unrelated_maximum_delta_m":0.0,"unrelated_vertices_changed":0}
JOINT GEOMETRY DIAGNOSTIC: {"axial_extent_m":0.0136286094784737,"changed_vertices":468,"context":"-1/thumb1","maximum_delta_m":0.000491003796923906,"mixed_vertices_changed":0,"skin_section_radius_m":0.0268194302916527,"skin_section_samples":176,"unrelated_maximum_delta_m":0.0,"unrelated_vertices_changed":0}
JOINT GEOMETRY DIAGNOSTIC: {"axial_extent_m":0.0116227641701698,"changed_vertices":247,"context":"-1/thumb2","maximum_delta_m":0.000313157011987641,"mixed_vertices_changed":0,"skin_section_radius_m":0.0157424714416265,"skin_section_samples":138,"unrelated_maximum_delta_m":0.0,"unrelated_vertices_changed":0}
JOINT GEOMETRY DIAGNOSTIC: {"axial_extent_m":0.0130943059921265,"changed_vertices":273,"context":"1/little0","maximum_delta_m":0.000179586815647781,"mixed_vertices_changed":0,"skin_section_radius_m":0.0232962407171726,"skin_section_samples":120,"unrelated_maximum_delta_m":0.0,"unrelated_vertices_changed":0}
JOINT GEOMETRY DIAGNOSTIC: {"axial_extent_m":0.0117343217134476,"changed_vertices":424,"context":"1/little1","maximum_delta_m":0.000409563566790894,"mixed_vertices_changed":0,"skin_section_radius_m":0.0171184074133635,"skin_section_samples":195,"unrelated_maximum_delta_m":0.0,"unrelated_vertices_changed":0}
JOINT GEOMETRY DIAGNOSTIC: {"axial_extent_m":0.00814123451709747,"changed_vertices":239,"context":"1/little2","maximum_delta_m":0.000266376446234062,"mixed_vertices_changed":0,"skin_section_radius_m":0.0108750918880105,"skin_section_samples":217,"unrelated_maximum_delta_m":0.0,"unrelated_vertices_changed":0}
JOINT GEOMETRY DIAGNOSTIC: {"axial_extent_m":0.0141208171844482,"changed_vertices":330,"context":"1/ring0","maximum_delta_m":0.000183705153176561,"mixed_vertices_changed":0,"skin_section_radius_m":0.0249231290072203,"skin_section_samples":83,"unrelated_maximum_delta_m":0.0,"unrelated_vertices_changed":0}
JOINT GEOMETRY DIAGNOSTIC: {"axial_extent_m":0.0146686285734177,"changed_vertices":322,"context":"1/ring1","maximum_delta_m":0.00051250564865768,"mixed_vertices_changed":0,"skin_section_radius_m":0.017310531809926,"skin_section_samples":148,"unrelated_maximum_delta_m":0.0,"unrelated_vertices_changed":0}
JOINT GEOMETRY DIAGNOSTIC: {"axial_extent_m":0.00790409743785858,"changed_vertices":238,"context":"1/ring2","maximum_delta_m":0.000286659982521087,"mixed_vertices_changed":0,"skin_section_radius_m":0.0114090302959085,"skin_section_samples":169,"unrelated_maximum_delta_m":0.0,"unrelated_vertices_changed":0}
JOINT GEOMETRY DIAGNOSTIC: {"axial_extent_m":0.0138570964336395,"changed_vertices":185,"context":"1/middle0","maximum_delta_m":0.000179431735887192,"mixed_vertices_changed":0,"skin_section_radius_m":0.0217555668205023,"skin_section_samples":83,"unrelated_maximum_delta_m":0.0,"unrelated_vertices_changed":0}
JOINT GEOMETRY DIAGNOSTIC: {"axial_extent_m":0.0142984837293625,"changed_vertices":289,"context":"1/middle1","maximum_delta_m":0.00048341607907787,"mixed_vertices_changed":0,"skin_section_radius_m":0.0169706642627716,"skin_section_samples":123,"unrelated_maximum_delta_m":0.0,"unrelated_vertices_changed":0}
JOINT GEOMETRY DIAGNOSTIC: {"axial_extent_m":0.00848186016082764,"changed_vertices":190,"context":"1/middle2","maximum_delta_m":0.000226073170779273,"mixed_vertices_changed":0,"skin_section_radius_m":0.012159826233983,"skin_section_samples":148,"unrelated_maximum_delta_m":0.0,"unrelated_vertices_changed":0}
JOINT GEOMETRY DIAGNOSTIC: {"axial_extent_m":0.0136099755764008,"changed_vertices":293,"context":"1/index0","maximum_delta_m":0.000195641128811985,"mixed_vertices_changed":0,"skin_section_radius_m":0.0241191238164902,"skin_section_samples":130,"unrelated_maximum_delta_m":0.0,"unrelated_vertices_changed":0}
JOINT GEOMETRY DIAGNOSTIC: {"axial_extent_m":0.012735977768898,"changed_vertices":368,"context":"1/index1","maximum_delta_m":0.000439634255599231,"mixed_vertices_changed":0,"skin_section_radius_m":0.0168471392244101,"skin_section_samples":169,"unrelated_maximum_delta_m":0.0,"unrelated_vertices_changed":0}
JOINT GEOMETRY DIAGNOSTIC: {"axial_extent_m":0.00832268595695496,"changed_vertices":214,"context":"1/index2","maximum_delta_m":0.000241686080698855,"mixed_vertices_changed":0,"skin_section_radius_m":0.0123879751190543,"skin_section_samples":158,"unrelated_maximum_delta_m":0.0,"unrelated_vertices_changed":0}
JOINT GEOMETRY DIAGNOSTIC: {"axial_extent_m":0.0140704419463873,"changed_vertices":216,"context":"1/thumb0","maximum_delta_m":0.000154433873831294,"mixed_vertices_changed":0,"skin_section_radius_m":0.029027109965682,"skin_section_samples":89,"unrelated_maximum_delta_m":0.0,"unrelated_vertices_changed":0}
JOINT GEOMETRY DIAGNOSTIC: {"axial_extent_m":0.0136320218443871,"changed_vertices":452,"context":"1/thumb1","maximum_delta_m":0.00049079064046964,"mixed_vertices_changed":0,"skin_section_radius_m":0.0268206801265478,"skin_section_samples":172,"unrelated_maximum_delta_m":0.0,"unrelated_vertices_changed":0}
JOINT GEOMETRY DIAGNOSTIC: {"axial_extent_m":0.0116246789693832,"changed_vertices":244,"context":"1/thumb2","maximum_delta_m":0.000312662567012012,"mixed_vertices_changed":0,"skin_section_radius_m":0.0157435182482004,"skin_section_samples":137,"unrelated_maximum_delta_m":0.0,"unrelated_vertices_changed":0}
ERROR: corrective geometry must stay near its skin joint and preserve vertices with no target-digit weight: -1/ring1 radius=0.01731431297958 axial=0.01466900110245 unrelated=0 unrelated_max=0.0
   at: push_error (core/variant/variant_utility.cpp:1023)
   GDScript backtrace (most recent call first):
       [0] _run (res://tests/player_finger_joints_test.gd:26)
ERROR: corrective geometry must stay near its skin joint and preserve vertices with no target-digit weight: -1/middle1 radius=0.0169701743871 axial=0.01429854333401 unrelated=0 unrelated_max=0.0
   at: push_error (core/variant/variant_utility.cpp:1023)
   GDScript backtrace (most recent call first):
       [0] _run (res://tests/player_finger_joints_test.gd:26)
ERROR: corrective geometry must stay near its skin joint and preserve vertices with no target-digit weight: 1/ring1 radius=0.01731053180993 axial=0.01466862857342 unrelated=0 unrelated_max=0.0
   at: push_error (core/variant/variant_utility.cpp:1023)
   GDScript backtrace (most recent call first):
       [0] _run (res://tests/player_finger_joints_test.gd:26)
ERROR: corrective geometry must stay near its skin joint and preserve vertices with no target-digit weight: 1/middle1 radius=0.01697066426277 axial=0.01429848372936 unrelated=0 unrelated_max=0.0
   at: push_error (core/variant/variant_utility.cpp:1023)
   GDScript backtrace (most recent call first):
       [0] _run (res://tests/player_finger_joints_test.gd:26)
PLAYER FINGER JOINTS FAIL: thirty independent local joints, actual localized morph and weighted skin, rigid nails, limits/reset, bow/chest linkage, real controls and isolated F2/repeat/switch/reset/exit
WARNING: 2 ObjectDB instances were leaked at exit (run with `--verbose` for details).
   at: cleanup (core/object/object.cpp:2535)
[HEADLESS] player_hands_detailed_test.gd
PBR CUFF SOURCE FRAME: WristCuff_Surface_001/0/Detailed_Glove; 5170 imported frames, 9216 UV-derivative comparisons, signed U/normal-map-Y min=(0.979325, 0.925216); no runtime tangent fallback
PBR CUFF SOURCE FRAME: WristCuff_001_Surface_001/0/Detailed_Glove; 5172 imported frames, 9216 UV-derivative comparisons, signed U/normal-map-Y min=(0.978201, 0.899378); no runtime tangent fallback
PLAYER HANDS DETAILED PASS: bilateral imported skin and handedness, real finger deformation, free/bow/chest gameplay, render layers, default fidelity and isolated F2/repeat/switch/reset/exit
WARNING: 2 ObjectDB instances were leaked at exit (run with `--verbose` for details).
   at: cleanup (core/object/object.cpp:2535)
[HEADLESS] player_hands_greybox_test.gd
PLAYER HANDS GREYBOX PASS: bilateral imported skin and handedness, real finger deformation, free/bow/chest gameplay, render layers, default fidelity and isolated F2/repeat/switch/reset/exit
WARNING: 2 ObjectDB instances were leaked at exit (run with `--verbose` for details).
   at: cleanup (core/object/object.cpp:2535)
[HEADLESS] player_arm_test.gd
PLAYER ARM PASS: full-body GLB/atlas sharing, articulated grip and wrist-preserving arm fit, actual combat/bow/chest preview paths, trial hits and contacts, F2/repeat/reset and expedition restoration
WARNING: 2 ObjectDB instances were leaked at exit (run with `--verbose` for details).
   at: cleanup (core/object/object.cpp:2535)
[HEADLESS] weapon_hand_contacts_test.gd
WEAPON HAND CONTACTS PASS: real bow grip/string/nock/rest, fixed cord length, draw cache, transformed contacts, slim arrow and forked nock, flail chain/ball continuity and state isolation
[HEADLESS] chest_hands_test.gd
CHEST HANDS PASS: real stow/reach/fidget/lift phases, articulated fingers, synced lid, container hold/restore, all loadouts/full bag, cancellation, pause/scaled timing and scene cleanup
[HEADLESS] test_room_session_test.gd
TEST ROOM SESSION TEST PASS: inventory identity, stress accumulation/recovery isolation, camping supplies, bow and arrows, chain flail, wallet, deep stock copies, needs, ailments, magic, and unstarted-session restoration

Headless validation: 6 passed, 1 failed.
FAILED: player_finger_joints_test.gd (1)
