01:26:20 | INFO: Data are loaded, start creating Blender stuff
01:26:20 | INFO: Blender create Mesh node FittedLeather.002
01:26:20 | INFO: Blender create Mesh node Nail_index_Mesh
01:26:20 | INFO: Blender create Mesh node Nail_little_Mesh
01:26:20 | INFO: Blender create Mesh node Nail_middle_Mesh
01:26:20 | INFO: Blender create Mesh node Nail_ring_Mesh
01:26:20 | INFO: Blender create Mesh node Nail_thumb_Mesh
01:26:20 | INFO: Blender create Mesh node Supplied_AnatomicalHand_Mesh
01:26:20 | INFO: Blender create Mesh node TailoredClothSleeve.002
01:26:20 | INFO: Blender create Mesh node WristTransitionMesh_v1.002
01:26:20 | INFO: glTF import finished in 0.14s
Info: Saved as "left_hand_torch_weights.blend"
INFO Draco is available, use library at /Applications/Blender.app/Contents/Resources/5.2/scripts/addons_core/io_scene_gltf2/libbf_intern_draco_bridge.dylib
INFO MeshOptimizer is available, use library at /Applications/Blender.app/Contents/Resources/5.2/scripts/addons_core/io_scene_gltf2/libbf_intern_meshopt_bridge.dylib
01:26:20 | INFO: Starting glTF 2.0 export
01:26:20 | INFO: Extracting primitive: FittedLeather.002
01:26:21 | WARNING: More than one shader node tex image used for a texture. The resulting glTF sampler will behave like the first shader node tex image.
01:26:21 | WARNING: More than one shader node tex image used for a texture. The resulting glTF sampler will behave like the first shader node tex image.
01:26:21 | INFO: Primitives created: 2
01:26:21 | INFO: Extracting primitive: Nail_index_Mesh
01:26:21 | WARNING: More than one shader node tex image used for a texture. The resulting glTF sampler will behave like the first shader node tex image.
01:26:21 | INFO: Primitives created: 1
01:26:21 | INFO: Extracting primitive: Nail_little_Mesh
01:26:21 | INFO: Primitives created: 1
01:26:21 | INFO: Extracting primitive: Nail_middle_Mesh
01:26:21 | INFO: Primitives created: 1
01:26:21 | INFO: Extracting primitive: Nail_ring_Mesh
01:26:21 | INFO: Primitives created: 1
01:26:21 | INFO: Extracting primitive: Nail_thumb_Mesh
01:26:21 | INFO: Primitives created: 1
01:26:21 | INFO: Extracting primitive: Supplied_AnatomicalHand_Mesh
01:26:22 | WARNING: More than one shader node tex image used for a texture. The resulting glTF sampler will behave like the first shader node tex image.
01:26:22 | INFO: Primitives created: 1
01:26:22 | WARNING: There are more than 4 joint vertex influences.The 4 with highest weight will be used (and normalized).
01:26:22 | INFO: Extracting primitive: TailoredClothSleeve.002
01:26:22 | INFO: Primitives created: 2
01:26:22 | INFO: Extracting primitive: WristTransitionMesh_v1.002
01:26:22 | WARNING: More than one shader node tex image used for a texture. The resulting glTF sampler will behave like the first shader node tex image.
01:26:22 | INFO: Primitives created: 1
01:26:22 | INFO: Finished glTF 2.0 export in 1.489527940750122 s

Blender 5.2.1 LTS (hash 9e2066aef7ef built 2026-08-25 01:35:57)

Blender quit
