FK_RUNTIME_DELTA_MAX 0.000102097694486325
CONTACT_COUNTS {'thumb': 70, 'index': 105, 'middle': 224, 'ring': 337, 'little': 218, 'palm': 691}
HANDLE_RINGS [[-0.0814, 0.0384800045730381], [0.2442, 0.03330000447865004], [0.5698, 0.028120000553505848]]
BASELINE [('thumb', -0.0134929494426986), ('index', -0.02160306253359981), ('middle', -0.02725585737290458), ('ring', -0.00595775810957036), ('little', 0.003365004201922643), ('palm', 0.009515639854620637)]
SEED 0 COST 0.06890025132155277 EVAL 10
{
  "parameters": [
    -0.08290628746996541,
    -0.6025573413912582,
    0.070210326890412,
    -1.088472661991294,
    0.33490463407297477,
    -0.2584383343157027,
    -0.9110896127811543,
    0.11921562171983162,
    -0.24686524747826993,
    -0.6980947388516929,
    0.29230610128677753,
    -0.5493888098658278,
    -0.2789658822856192,
    0.15418956176020435,
    -0.039836481459950904,
    -0.37492293386166253,
    0.0699185487158366,
    -0.0208454649501413,
    0.24285618675742832,
    0.29999,
    -0.22973609742702222,
    -0.29999,
    -0.29999,
    0.928495881920889
  ],
  "degrees": {
    "thumb": [
      -4.750180367127358,
      -34.5239925763426,
      4.022755409054481
    ],
    "index": [
      -62.36488964747097,
      19.18862207175468,
      -14.807425820680757
    ],
    "middle": [
      -52.201589570568565,
      6.8305519765745,
      -14.144336788957457
    ],
    "ring": [
      -39.99788223648938,
      16.747905929655914,
      -31.477660117027177
    ],
    "little": [
      -15.983567683109316,
      8.834411133831457,
      -2.2824622583063388
    ]
  },
  "thumb_opposition_degrees": -21.481501752935763,
  "shaft_in_hand": {
    "center": [
      0,
      0.0699185487158366,
      -0.0208454649501413
    ],
    "axis": [
      0.97065509069218,
      0.2404759757509171,
      0
    ]
  },
  "full_skin_min_clearance_m": 0.0005653383242822871,
  "penetrating_vertices": 0,
  "contacts": {
    "thumb": {
      "minimum_m": 0.0007951674218462552,
      "closest_patch_mean_m": 0.0009701573251375316
    },
    "index": {
      "minimum_m": 0.0007310251850536978,
      "closest_patch_mean_m": 0.0009232956541564002
    },
    "middle": {
      "minimum_m": 0.000635159607676565,
      "closest_patch_mean_m": 0.0009016672507007272
    },
    "ring": {
      "minimum_m": 0.0005996085258267794,
      "closest_patch_mean_m": 0.0009444840843054943
    },
    "little": {
      "minimum_m": 0.0006733596986865757,
      "closest_patch_mean_m": 0.0008424125179294858
    },
    "palm": {
      "minimum_m": 0.000745769610537083,
      "closest_patch_mean_m": 0.0015392355938367037
    }
  },
  "root_adduction_radians": {
    "index": 0.29999,
    "middle": -0.22973609742702222,
    "ring": -0.29999,
    "little": -0.29999
  },
  "thumb_root_adduction": 0.928495881920889,
  "radius_ratio": 0.85,
  "cost": 0.06890025132155277,
  "evaluations": 10,
  "runtime_delta_reproduction_error": 0.000102097694486325,
  "handle_rings": [
    [
      -0.0814,
      0.0384800045730381
    ],
    [
      0.2442,
      0.03330000447865004
    ],
    [
      0.5698,
      0.028120000553505848
    ]
  ]
}
