FK_RUNTIME_DELTA_MAX 0.000102097694486325
CONTACT_COUNTS {'thumb': 70, 'index': 105, 'middle': 224, 'ring': 337, 'little': 218, 'palm': 691}
HANDLE_RINGS [[-0.0814, 0.0384800045730381], [0.2442, 0.03330000447865004], [0.5698, 0.028120000553505848]]
BASELINE [('thumb', -0.018689682028628255), ('index', -0.026778368600631382), ('middle', -0.03250496387682697), ('ring', -0.011338896128397363), ('little', -0.0020593460640068867), ('palm', 0.004277700060445304)]
SEED 0 COST 0.06802928634440275 EVAL 27
SEED 1 COST 0.05617970198906123 EVAL 52
SEED 2 COST 0.05369541601189301 EVAL 49
{
  "parameters": [
    -0.11364368496560885,
    -0.5578415941179473,
    0.057747462262716084,
    -0.9830896815993122,
    0.34819017989147144,
    -0.10799968353219067,
    -0.8290690514677784,
    0.1465965950363278,
    0.03289629324561145,
    -0.5062724023195885,
    0.10673072116018896,
    0.018618338763220714,
    -0.20884905788766692,
    0.22951351996468,
    0.0714919719416702,
    -0.4088925924225427,
    0.07224921393203554,
    -0.026408074275213293,
    0.24342401124682253,
    0.29999999999999993,
    -0.16965834091166485,
    -0.29999912416200264,
    -0.2999999999999749,
    0.9477495175856526
  ],
  "degrees": {
    "thumb": [
      -6.5113035168437134,
      -31.96196897980827,
      3.3086858652446227
    ],
    "index": [
      -56.3268896385005,
      19.949827775682216,
      -6.187926055143064
    ],
    "middle": [
      -47.502157574018135,
      8.399366186570056,
      1.8848187645982528
    ],
    "ring": [
      -29.00727193686165,
      6.115219866866457,
      1.066752232677368
    ],
    "little": [
      -11.96616957224673,
      13.150156035167724,
      4.096188261325404
    ]
  },
  "thumb_opposition_degrees": -23.427819819974644,
  "shaft_in_hand": {
    "center": [
      0,
      0.07224921393203554,
      -0.026408074275213293
    ],
    "axis": [
      0.9705183860698153,
      0.24102709868485903,
      0
    ]
  },
  "full_skin_min_clearance_m": 0.0005345969464008449,
  "penetrating_vertices": 0,
  "contacts": {
    "thumb": {
      "minimum_m": 0.0006979424733627518,
      "closest_patch_mean_m": 0.0008670433841270354
    },
    "index": {
      "minimum_m": 0.0007256866365140183,
      "closest_patch_mean_m": 0.0009658199171147658
    },
    "middle": {
      "minimum_m": 0.0005345969464008449,
      "closest_patch_mean_m": 0.0010396055554083444
    },
    "ring": {
      "minimum_m": 0.0006517888306426523,
      "closest_patch_mean_m": 0.0009502709871676222
    },
    "little": {
      "minimum_m": 0.0006436435157872594,
      "closest_patch_mean_m": 0.000856430316260893
    },
    "palm": {
      "minimum_m": 0.0007737352886356269,
      "closest_patch_mean_m": 0.001405101995168712
    }
  },
  "root_adduction_radians": {
    "index": 0.29999999999999993,
    "middle": -0.16965834091166485,
    "ring": -0.29999912416200264,
    "little": -0.2999999999999749
  },
  "thumb_root_adduction": 0.9477495175856526,
  "radius_ratio": 1.0,
  "cost": 0.05369541601189301,
  "evaluations": 49,
  "runtime_delta_reproduction_error": 0.000102097694486325,
  "handle_rings": [
    [
      -0.0814,
      0.0384800045730381
    ],
    [
      0.2442,
      0.03330000447865004
    ],
    [
      0.5698,
      0.028120000553505848
    ]
  ]
}
