FK_RUNTIME_DELTA_MAX 0.000102097694486325
CONTACT_COUNTS {'thumb': 70, 'index': 105, 'middle': 224, 'ring': 337, 'little': 218, 'palm': 691}
HANDLE_RINGS [[-0.0814, 0.0384800045730381], [0.2442, 0.03330000447865004], [0.5698, 0.028120000553505848]]
BASELINE [('thumb', -0.0134929494426986), ('index', -0.02160306253359981), ('middle', -0.02725585737290458), ('ring', -0.00595775810957036), ('little', 0.003365004201922643), ('palm', 0.009515639854620637)]
SEED 0 COST 0.31975686058499453 EVAL 13
{
  "parameters": [
    0.015716727831005587,
    -0.785390339271601,
    0.0005772974126775582,
    -1.0552951517562403,
    0.34906573125555374,
    -0.16301122613590344,
    -0.987878156630202,
    0.339680847969891,
    -0.5486711381930506,
    -0.7638034185374311,
    0.25131698350717047,
    0.08171293586488702,
    -0.17453295281014453,
    -0.37963054514073374,
    0.4466501397784921,
    -0.4732518406724572,
    0.06849515260416683,
    -0.023803934385569027,
    0.32424481408361555,
    0.29999999845607117,
    -0.15372354277975736,
    -0.29999999706956676,
    -0.16132657318340035,
    0.9018452343717951
  ],
  "degrees": {
    "thumb": [
      0.9005021724724207,
      -44.99955171061057,
      0.03307670527024627
    ],
    "index": [
      -60.46395833625029,
      19.999993173591054,
      -9.339855270839927
    ],
    "middle": [
      -56.60124904807426,
      19.462278970099714,
      -31.436540559100948
    ],
    "ring": [
      -43.762712259859185,
      14.399402474919786,
      4.681806356681204
    ],
    "little": [
      -10.000001581977243,
      -21.751228010814728,
      25.591167928235883
    ]
  },
  "thumb_opposition_degrees": -27.11533311732947,
  "shaft_in_hand": {
    "center": [
      0,
      0.06849515260416683,
      -0.023803934385569027
    ],
    "axis": [
      0.9478915936646274,
      0.31859304239096753,
      0
    ]
  },
  "full_skin_min_clearance_m": 0.00036452666582410115,
  "penetrating_vertices": 0,
  "contacts": {
    "thumb": {
      "minimum_m": 0.0006938238005380279,
      "closest_patch_mean_m": 0.000811136596154137
    },
    "index": {
      "minimum_m": 0.0007284684834828956,
      "closest_patch_mean_m": 0.0009802565918035522
    },
    "middle": {
      "minimum_m": 0.0006902886591639672,
      "closest_patch_mean_m": 0.0010156627166801725
    },
    "ring": {
      "minimum_m": 0.0030809017870191135,
      "closest_patch_mean_m": 0.0036092979210126026
    },
    "little": {
      "minimum_m": 0.00036452666582410115,
      "closest_patch_mean_m": 0.0006266392598064904
    },
    "palm": {
      "minimum_m": 0.0020515823541149385,
      "closest_patch_mean_m": 0.0027209677661315552
    }
  },
  "root_adduction_radians": {
    "index": 0.29999999845607117,
    "middle": -0.15372354277975736,
    "ring": -0.29999999706956676,
    "little": -0.16132657318340035
  },
  "thumb_root_adduction": 0.9018452343717951,
  "radius_ratio": 0.85,
  "cost": 0.31975686058499453,
  "evaluations": 13,
  "runtime_delta_reproduction_error": 0.000102097694486325,
  "handle_rings": [
    [
      -0.0814,
      0.0384800045730381
    ],
    [
      0.2442,
      0.03330000447865004
    ],
    [
      0.5698,
      0.028120000553505848
    ]
  ]
}
