FK_RUNTIME_DELTA_MAX 0.000102097694486325
CONTACT_COUNTS {'thumb': 70, 'index': 105, 'middle': 224, 'ring': 337, 'little': 218, 'palm': 691}
HANDLE_RINGS [[-0.0814, 0.0384800045730381], [0.2442, 0.03330000447865004], [0.5698, 0.028120000553505848]]
BASELINE [('thumb', -0.0134929494426986), ('index', -0.02160306253359981), ('middle', -0.02725585737290458), ('ring', -0.00595775810957036), ('little', 0.003365004201922643), ('palm', 0.009515639854620637)]
SEED 0 COST 0.07041862943362762 EVAL 32
{
  "parameters": [
    -0.036280687763662875,
    -0.7847972623727877,
    0.018946414335017793,
    -1.0864187432061143,
    0.3363230877954019,
    -0.2827942723824352,
    -0.8848225756329251,
    0.10986832045251473,
    -0.28367138984693013,
    -0.5666437758932704,
    0.10231713841949791,
    -0.284465132317511,
    -0.18244503885714122,
    0.046982794573382856,
    0.13289036936696008,
    -0.5681357529471119,
    0.07181726905730265,
    -0.019987921184364477,
    0.20718623190368965,
    0.2999999999999998,
    -0.20630358429530854,
    -0.29999999999998034,
    -0.2999999937437709,
    1.056118797768119
  ],
  "degrees": {
    "thumb": [
      -2.078730286689812,
      -44.96557090738186,
      1.0855495783026816
    ],
    "index": [
      -62.24720876961753,
      19.269893483484374,
      -16.202918277986555
    ],
    "middle": [
      -50.696599201661684,
      6.294991064119957,
      -16.253173406839327
    ],
    "ring": [
      -32.46629684604125,
      5.862340203293076,
      -16.2986515004239
    ],
    "little": [
      -10.4533307196145,
      2.691915838784985,
      7.614057302661414
    ]
  },
  "thumb_opposition_degrees": -32.551780834356734,
  "shaft_in_hand": {
    "center": [
      0,
      0.07181726905730265,
      -0.019987921184364477
    ],
    "axis": [
      0.978613600090628,
      0.20570712607408687,
      0
    ]
  },
  "full_skin_min_clearance_m": 0.0005791395931835953,
  "penetrating_vertices": 0,
  "contacts": {
    "thumb": {
      "minimum_m": 0.0007177043926172647,
      "closest_patch_mean_m": 0.0008160207561653168
    },
    "index": {
      "minimum_m": 0.0007183457798302616,
      "closest_patch_mean_m": 0.0009396014956000055
    },
    "middle": {
      "minimum_m": 0.0006256903379019234,
      "closest_patch_mean_m": 0.0008769058768119029
    },
    "ring": {
      "minimum_m": 0.0006635641969287426,
      "closest_patch_mean_m": 0.0009431855556532625
    },
    "little": {
      "minimum_m": 0.0006839312747244745,
      "closest_patch_mean_m": 0.0008524373924817279
    },
    "palm": {
      "minimum_m": 0.0007620848052256671,
      "closest_patch_mean_m": 0.0017060682443365584
    }
  },
  "root_adduction_radians": {
    "index": 0.2999999999999998,
    "middle": -0.20630358429530854,
    "ring": -0.29999999999998034,
    "little": -0.2999999937437709
  },
  "thumb_root_adduction": 1.056118797768119,
  "radius_ratio": 0.85,
  "cost": 0.07041862943362762,
  "evaluations": 32,
  "runtime_delta_reproduction_error": 0.000102097694486325,
  "handle_rings": [
    [
      -0.0814,
      0.0384800045730381
    ],
    [
      0.2442,
      0.03330000447865004
    ],
    [
      0.5698,
      0.028120000553505848
    ]
  ]
}
