FK_RUNTIME_DELTA_MAX 0.000102097694486325
CONTACT_COUNTS {'thumb': 70, 'index': 105, 'middle': 224, 'ring': 337, 'little': 218, 'palm': 691}
HANDLE_RINGS [[-0.0814, 0.0384800045730381], [0.2442, 0.03330000447865004], [0.5698, 0.028120000553505848]]
BASELINE [('thumb', -0.018689682028628255), ('index', -0.026778368600631382), ('middle', -0.03250496387682697), ('ring', -0.011338896128397363), ('little', -0.0020593460640068867), ('palm', 0.004277700060445304)]
SEED 0 COST 0.053268320752604556 EVAL 14
{
  "parameters": [
    -0.09646687845058324,
    -0.5969466478621033,
    0.10004049287496072,
    -0.9837598502308352,
    0.3485089817555878,
    -0.09000860347845248,
    -0.8271329371787763,
    0.14720034732865883,
    0.019626098489793013,
    -0.5013559286501535,
    0.10305249542676365,
    0.021362084212988887,
    -0.2021065138222355,
    0.21618971166315004,
    0.10316660689097087,
    -0.4105253370709821,
    0.0723764303010295,
    -0.026340110200978224,
    0.2405655141002706,
    0.29999990102265206,
    -0.16792615555234736,
    -0.29999992639519296,
    -0.29999978735658334,
    0.9496899537948471
  ],
  "degrees": {
    "thumb": [
      -5.52714499801993,
      -34.20252351698066,
      5.731898022143833
    ],
    "index": [
      -56.36528747264882,
      19.96809377699699,
      -5.157113099181868
    ],
    "middle": [
      -47.391226396603344,
      8.433958644791973,
      1.1244926117732184
    ],
    "ring": [
      -28.72557874551583,
      5.9044730562447745,
      1.223957267007308
    ],
    "little": [
      -11.57985025411653,
      12.386758052448686,
      5.911011161537907
    ]
  },
  "thumb_opposition_degrees": -23.52136919735279,
  "shaft_in_hand": {
    "center": [
      0,
      0.0723764303010295,
      -0.026340110200978224
    ],
    "axis": [
      0.9712033953523306,
      0.23825189370937763,
      0
    ]
  },
  "full_skin_min_clearance_m": 0.0005459417044371556,
  "penetrating_vertices": 0,
  "contacts": {
    "thumb": {
      "minimum_m": 0.000693226477760718,
      "closest_patch_mean_m": 0.0008620165699628531
    },
    "index": {
      "minimum_m": 0.0007614720168006156,
      "closest_patch_mean_m": 0.0010241559596397564
    },
    "middle": {
      "minimum_m": 0.0005544165831018327,
      "closest_patch_mean_m": 0.001020179287925114
    },
    "ring": {
      "minimum_m": 0.0006504395632076082,
      "closest_patch_mean_m": 0.0009467959974879904
    },
    "little": {
      "minimum_m": 0.0006677385985795828,
      "closest_patch_mean_m": 0.0008514351419109523
    },
    "palm": {
      "minimum_m": 0.0007700407072846541,
      "closest_patch_mean_m": 0.0013992202952428103
    }
  },
  "root_adduction_radians": {
    "index": 0.29999990102265206,
    "middle": -0.16792615555234736,
    "ring": -0.29999992639519296,
    "little": -0.29999978735658334
  },
  "thumb_root_adduction": 0.9496899537948471,
  "radius_ratio": 1.0,
  "cost": 0.053268320752604556,
  "evaluations": 14,
  "runtime_delta_reproduction_error": 0.000102097694486325,
  "handle_rings": [
    [
      -0.0814,
      0.0384800045730381
    ],
    [
      0.2442,
      0.03330000447865004
    ],
    [
      0.5698,
      0.028120000553505848
    ]
  ]
}
