FK_RUNTIME_DELTA_MAX 0.000102097694486325
CONTACT_COUNTS {'thumb': 70, 'index': 105, 'middle': 224, 'ring': 337, 'little': 218, 'palm': 691}
HANDLE_RINGS [[-0.0814, 0.0384800045730381], [0.2442, 0.03330000447865004], [0.5698, 0.028120000553505848]]
BASELINE [('thumb', -0.0134929494426986), ('index', -0.02160306253359981), ('middle', -0.02725585737290458), ('ring', -0.00595775810957036), ('little', 0.003365004201922643), ('palm', 0.009515639854620637)]
SEED 0 COST 0.412949896271074 EVAL 9
{
  "parameters": [
    0.0936093884677368,
    -0.785098057357231,
    -0.249058982985457,
    -1.0913153130582511,
    0.34577250756131384,
    -0.21856742823877162,
    -0.9857285824575499,
    0.33566577097391714,
    -0.5888082884216859,
    -0.7208673848191494,
    0.23705345302094563,
    -0.10812901046744303,
    -0.17496479024141148,
    -0.3431630826948493,
    0.509017467907318,
    -0.39437424941068405,
    0.06804111662546802,
    -0.02306199985036587,
    0.28547141167236245,
    0.14879982193847818,
    -0.26901910294611453,
    -0.4124475949292844,
    -0.21071623579729457,
    0.8246737607846465
  ],
  "degrees": {
    "thumb": [
      5.3634228820019185,
      -44.98280519048917,
      -14.270028574887267
    ],
    "index": [
      -62.527761556235966,
      19.811305354918627,
      -12.522991177110102
    ],
    "middle": [
      -56.478087520230964,
      19.232232003810346,
      -33.736229868884294
    ],
    "ring": [
      -41.30265873877025,
      13.58216237710292,
      -6.195335942710386
    ],
    "little": [
      -10.02474404422461,
      -19.66179632311372,
      29.164552609525153
    ]
  },
  "thumb_opposition_degrees": -22.59598003987189,
  "shaft_in_hand": {
    "center": [
      0,
      0.06804111662546802,
      -0.02306199985036587
    ],
    "axis": [
      0.9595290051256921,
      0.28160981574245536,
      0
    ]
  },
  "full_skin_min_clearance_m": 0.0001768303476293552,
  "penetrating_vertices": 0,
  "contacts": {
    "thumb": {
      "minimum_m": 0.000539861314250753,
      "closest_patch_mean_m": 0.0006407298844916844
    },
    "index": {
      "minimum_m": 0.0005999588626121356,
      "closest_patch_mean_m": 0.0008880709893689213
    },
    "middle": {
      "minimum_m": 0.0006486708892716464,
      "closest_patch_mean_m": 0.0009377342120726283
    },
    "ring": {
      "minimum_m": 0.0017712722193679656,
      "closest_patch_mean_m": 0.0020705318354432645
    },
    "little": {
      "minimum_m": 0.0003261920383206586,
      "closest_patch_mean_m": 0.0005163703987491575
    },
    "palm": {
      "minimum_m": 0.0012946783541383546,
      "closest_patch_mean_m": 0.0017697408460630598
    }
  },
  "root_adduction_radians": {
    "index": 0.14879982193847818,
    "middle": -0.26901910294611453,
    "ring": -0.4124475949292844,
    "little": -0.21071623579729457
  },
  "thumb_root_adduction": 0.8246737607846465,
  "radius_ratio": 0.85,
  "cost": 0.412949896271074,
  "evaluations": 9,
  "runtime_delta_reproduction_error": 0.000102097694486325,
  "handle_rings": [
    [
      -0.0814,
      0.0384800045730381
    ],
    [
      0.2442,
      0.03330000447865004
    ],
    [
      0.5698,
      0.028120000553505848
    ]
  ]
}
