FK_RUNTIME_DELTA_MAX 0.000102097694486325
CONTACT_COUNTS {'thumb': 70, 'index': 105, 'middle': 224, 'ring': 337, 'little': 218, 'palm': 691}
HANDLE_RINGS [[-0.0814, 0.0384800045730381], [0.2442, 0.03330000447865004], [0.5698, 0.028120000553505848]]
BASELINE [('thumb', -0.0134929494426986), ('index', -0.02160306253359981), ('middle', -0.02725585737290458), ('ring', -0.00595775810957036), ('little', 0.003365004201922643), ('palm', 0.009515639854620637)]
SEED 0 COST 0.3197031819915016 EVAL 8
{
  "parameters": [
    0.01584092548713925,
    -0.785388165268428,
    -0.00030198449219366895,
    -1.055430242608727,
    0.3490558720227997,
    -0.16279773167807968,
    -0.987924616166558,
    0.33968060073991274,
    -0.5486922497113322,
    -0.7638538577067345,
    0.25132957039996673,
    0.08175810789556028,
    -0.17454282542359503,
    -0.37966803364980006,
    0.4466519846554004,
    -0.4734821120059788,
    0.06849126943108172,
    -0.023805665733646574,
    0.32415991250835924,
    0.2999900608609361,
    -0.15373800110680416,
    -0.29999021565074296,
    -0.16134093703911973,
    0.901666140278485
  ],
  "degrees": {
    "thumb": [
      0.9076181739942968,
      -44.99942714940411,
      -0.017302436881098587
    ],
    "index": [
      -60.471698471948606,
      19.999428281165013,
      -9.327622939457191
    ],
    "middle": [
      -56.60391098342559,
      19.462264804865388,
      -31.4377501599976
    ],
    "ring": [
      -43.76560221138242,
      14.400123650754194,
      4.684394523390816
    ],
    "little": [
      -10.00056724106072,
      -21.753375944164464,
      25.59127363189645
    ]
  },
  "thumb_opposition_degrees": -27.12852669288311,
  "shaft_in_hand": {
    "center": [
      0,
      0.06849126943108172,
      -0.023805665733646574
    ],
    "axis": [
      0.9479186392994268,
      0.31851256375333636,
      0
    ]
  },
  "full_skin_min_clearance_m": 0.0003640468364631555,
  "penetrating_vertices": 0,
  "contacts": {
    "thumb": {
      "minimum_m": 0.0006870337890128725,
      "closest_patch_mean_m": 0.0008026320390096047
    },
    "index": {
      "minimum_m": 0.000728244489598729,
      "closest_patch_mean_m": 0.0009800509142671623
    },
    "middle": {
      "minimum_m": 0.0006917756163531477,
      "closest_patch_mean_m": 0.0010171873231689809
    },
    "ring": {
      "minimum_m": 0.0030822429070499237,
      "closest_patch_mean_m": 0.0036108612083147118
    },
    "little": {
      "minimum_m": 0.0003640468364631555,
      "closest_patch_mean_m": 0.0006261560419924512
    },
    "palm": {
      "minimum_m": 0.002052337389483412,
      "closest_patch_mean_m": 0.002719326674267564
    }
  },
  "root_adduction_radians": {
    "index": 0.2999900608609361,
    "middle": -0.15373800110680416,
    "ring": -0.29999021565074296,
    "little": -0.16134093703911973
  },
  "thumb_root_adduction": 0.901666140278485,
  "radius_ratio": 0.85,
  "cost": 0.3197031819915016,
  "evaluations": 8,
  "runtime_delta_reproduction_error": 0.000102097694486325,
  "handle_rings": [
    [
      -0.0814,
      0.0384800045730381
    ],
    [
      0.2442,
      0.03330000447865004
    ],
    [
      0.5698,
      0.028120000553505848
    ]
  ]
}
