FK_RUNTIME_DELTA_MAX 0.000102097694486325
CONTACT_COUNTS {'thumb': 70, 'index': 105, 'middle': 224, 'ring': 337, 'little': 218, 'palm': 691}
HANDLE_RINGS [[-0.0814, 0.0384800045730381], [0.2442, 0.03330000447865004], [0.5698, 0.028120000553505848]]
BASELINE [('thumb', -0.0134929494426986), ('index', -0.02160306253359981), ('middle', -0.02725585737290458), ('ring', -0.00595775810957036), ('little', 0.003365004201922643), ('palm', 0.009515639854620637)]
SEED 0 COST 0.23058875166012893 EVAL 34
{
  "parameters": [
    0.04515510754020385,
    -0.7360789469839149,
    -0.1164631126810655,
    -0.9207104217097267,
    0.3482739882545365,
    -0.1694603189522879,
    -0.8571450661668891,
    0.2686280198560679,
    -0.48445837142236176,
    -0.6198959453676426,
    0.18937967685415685,
    -0.011258031574923435,
    -0.2036104091665425,
    -0.14127696748177124,
    0.26075188217243267,
    -0.6075173657875138,
    0.07374887272986566,
    -0.02251590284640921,
    0.3929801050675945,
    0.29999819431501923,
    -0.10163725961361822,
    -0.2999999946681553,
    -0.20370980902959174,
    0.8828176434507514
  ],
  "degrees": {
    "thumb": [
      2.587197085513041,
      -42.1742170506122,
      -6.672844825581591
    ],
    "index": [
      -52.752821317677544,
      19.954629641173746,
      -9.709361070906894
    ],
    "middle": [
      -49.11079472182444,
      15.391251796709165,
      -27.75742003228258
    ],
    "ring": [
      -35.517421406838174,
      10.85065620929455,
      -0.6450376948681321
    ],
    "little": [
      -11.666017110174694,
      -8.094573979112466,
      14.939982348572924
    ]
  },
  "thumb_opposition_degrees": -34.80818104052997,
  "shaft_in_hand": {
    "center": [
      0,
      0.07374887272986566,
      -0.02251590284640921
    ],
    "axis": [
      0.9237719530440355,
      0.3829430489892829,
      0
    ]
  },
  "full_skin_min_clearance_m": 0.0001863634623285801,
  "penetrating_vertices": 0,
  "contacts": {
    "thumb": {
      "minimum_m": 0.0006525071957356847,
      "closest_patch_mean_m": 0.0008760693870978088
    },
    "index": {
      "minimum_m": 0.0006913681491494371,
      "closest_patch_mean_m": 0.0009890363952853361
    },
    "middle": {
      "minimum_m": 0.0006604021785866811,
      "closest_patch_mean_m": 0.0009086224957783051
    },
    "ring": {
      "minimum_m": 0.002270597157812384,
      "closest_patch_mean_m": 0.002633504696747388
    },
    "little": {
      "minimum_m": 0.0005452846307502125,
      "closest_patch_mean_m": 0.0007277502051759716
    },
    "palm": {
      "minimum_m": 0.002676055913864918,
      "closest_patch_mean_m": 0.003990617488780117
    }
  },
  "root_adduction_radians": {
    "index": 0.29999819431501923,
    "middle": -0.10163725961361822,
    "ring": -0.2999999946681553,
    "little": -0.20370980902959174
  },
  "thumb_root_adduction": 0.8828176434507514,
  "radius_ratio": 0.85,
  "cost": 0.23058875166012893,
  "evaluations": 34,
  "runtime_delta_reproduction_error": 0.000102097694486325,
  "handle_rings": [
    [
      -0.0814,
      0.0384800045730381
    ],
    [
      0.2442,
      0.03330000447865004
    ],
    [
      0.5698,
      0.028120000553505848
    ]
  ]
}
