FK_RUNTIME_DELTA_MAX 0.000102097694486325
CONTACT_COUNTS {'thumb': 70, 'index': 105, 'middle': 224, 'ring': 337, 'little': 218, 'palm': 691}
HANDLE_RINGS [[-0.0814, 0.0384800045730381], [0.2442, 0.03330000447865004], [0.5698, 0.028120000553505848]]
BASELINE [('thumb', -0.0134929494426986), ('index', -0.02160306253359981), ('middle', -0.02725585737290458), ('ring', -0.00595775810957036), ('little', 0.003365004201922643), ('palm', 0.009515639854620637)]
SEED 0 COST 0.32725742189044743 EVAL 26
{
  "parameters": [
    0.016348521561573265,
    -0.7853626305874027,
    -0.005853061424680475,
    -1.0557270142527964,
    0.3490150548715165,
    -0.16741008980905445,
    -0.9759238948157327,
    0.30207744781182794,
    -0.48705072974442964,
    -0.767907049358132,
    0.25934807749547434,
    0.06444840618976459,
    -0.17453298766534722,
    -0.3772065044112256,
    0.4415963940437069,
    -0.47363925431551823,
    0.06850376431455446,
    -0.02378531330564295,
    0.32344482387519025,
    0.29999915327905113,
    -0.15458201747396438,
    -0.2999999999999774,
    -0.16066043817589964,
    0.9020170727332605
  ],
  "degrees": {
    "thumb": [
      0.9367012867567741,
      -44.99796411995015,
      -0.33535571686502
    ],
    "index": [
      -60.48870223463294,
      19.99708963066474,
      -9.591891593964894
    ],
    "middle": [
      -55.91632029891077,
      17.307762845701127,
      -27.90595122312269
    ],
    "ring": [
      -43.99783298656516,
      14.859550265322484,
      3.692621671018322
    ],
    "little": [
      -10.000003579033251,
      -21.612340707646098,
      25.30160962690045
    ]
  },
  "thumb_opposition_degrees": -27.137530284002658,
  "shaft_in_hand": {
    "center": [
      0,
      0.06850376431455446,
      -0.02378531330564295
    ],
    "axis": [
      0.9481461616339583,
      0.3178346365309984,
      0
    ]
  },
  "full_skin_min_clearance_m": 0.0003730666096051806,
  "penetrating_vertices": 0,
  "contacts": {
    "thumb": {
      "minimum_m": 0.0006953942185847599,
      "closest_patch_mean_m": 0.0008039261039947763
    },
    "index": {
      "minimum_m": 0.0007154731435607235,
      "closest_patch_mean_m": 0.0009632677927931538
    },
    "middle": {
      "minimum_m": 0.0007894438550056782,
      "closest_patch_mean_m": 0.0010800603070853787
    },
    "ring": {
      "minimum_m": 0.0030556043707561688,
      "closest_patch_mean_m": 0.0035680417646780454
    },
    "little": {
      "minimum_m": 0.0003730666096051806,
      "closest_patch_mean_m": 0.0006353675630119954
    },
    "palm": {
      "minimum_m": 0.002054057048819013,
      "closest_patch_mean_m": 0.0027118750372527277
    }
  },
  "root_adduction_radians": {
    "index": 0.29999915327905113,
    "middle": -0.15458201747396438,
    "ring": -0.2999999999999774,
    "little": -0.16066043817589964
  },
  "thumb_root_adduction": 0.9020170727332605,
  "radius_ratio": 0.85,
  "cost": 0.32725742189044743,
  "evaluations": 26,
  "runtime_delta_reproduction_error": 0.000102097694486325,
  "handle_rings": [
    [
      -0.0814,
      0.0384800045730381
    ],
    [
      0.2442,
      0.03330000447865004
    ],
    [
      0.5698,
      0.028120000553505848
    ]
  ]
}
