{
  "variant": "slim",
  "shaft_samples": 202502,
  "minimum_shaft_clearance_m": 0.0001863634623285801,
  "shaft_penetration_samples": 0,
  "finger_surface_screening": {
    "thumb_index": {
      "suspect_interior_samples": 0,
      "maximum_depth_m": 0
    },
    "thumb_middle": {
      "suspect_interior_samples": 0,
      "maximum_depth_m": 0
    },
    "thumb_ring": {
      "suspect_interior_samples": 0,
      "maximum_depth_m": 0
    },
    "thumb_little": {
      "suspect_interior_samples": 0,
      "maximum_depth_m": 0
    },
    "index_middle": {
      "suspect_interior_samples": 0,
      "maximum_depth_m": 0
    },
    "index_ring": {
      "suspect_interior_samples": 0,
      "maximum_depth_m": 0
    },
    "index_little": {
      "suspect_interior_samples": 0,
      "maximum_depth_m": 0
    },
    "middle_ring": {
      "suspect_interior_samples": 2,
      "maximum_depth_m": 0.0010748263696314098
    },
    "middle_little": {
      "suspect_interior_samples": 0,
      "maximum_depth_m": 0
    },
    "ring_little": {
      "suspect_interior_samples": 0,
      "maximum_depth_m": 0
    }
  },
  "palm_normal_extent_rest_m": 0.08387091010808945,
  "palm_normal_extent_posed_m": 0.08453953504651715,
  "limits": "Nearest-surface screening on interior triangles with >1mm depth; inspect rendered views as well. Not an exhaustive mesh boolean."
}
Blender 5.2.1 LTS (hash 9e2066aef7ef built 2026-08-25 01:35:57)

Blender quit
