{
  "variant": "full",
  "shaft_samples": 202502,
  "minimum_shaft_clearance_m": 0.0005414210732295269,
  "shaft_penetration_samples": 0,
  "finger_surface_screening": {
    "thumb_index": {
      "suspect_interior_samples": 39,
      "maximum_depth_m": 0.0046170860005076975
    },
    "thumb_middle": {
      "suspect_interior_samples": 0,
      "maximum_depth_m": 0
    },
    "thumb_ring": {
      "suspect_interior_samples": 0,
      "maximum_depth_m": 0
    },
    "thumb_little": {
      "suspect_interior_samples": 0,
      "maximum_depth_m": 0
    },
    "index_middle": {
      "suspect_interior_samples": 7,
      "maximum_depth_m": 0.0012640318092280722
    },
    "index_ring": {
      "suspect_interior_samples": 0,
      "maximum_depth_m": 0
    },
    "index_little": {
      "suspect_interior_samples": 0,
      "maximum_depth_m": 0
    },
    "middle_ring": {
      "suspect_interior_samples": 0,
      "maximum_depth_m": 0
    },
    "middle_little": {
      "suspect_interior_samples": 0,
      "maximum_depth_m": 0
    },
    "ring_little": {
      "suspect_interior_samples": 67,
      "maximum_depth_m": 0.005200031155254692
    }
  },
  "palm_normal_extent_rest_m": 0.08387091010808945,
  "palm_normal_extent_posed_m": 0.0847955711461435,
  "limits": "Nearest-surface screening on interior triangles with >1mm depth; inspect rendered views as well. Not an exhaustive mesh boolean."
}
Blender 5.2.1 LTS (hash 9e2066aef7ef built 2026-08-25 01:35:57)

Blender quit
