[HEADLESS] player_finger_joints_test.gd
JOINT GEOMETRY DIAGNOSTIC: {"axial_extent_m":0.0131023153662682,"axial_limit_m":0.0142,"changed_vertices":282,"context":"-1/little0","maximum_delta_m":0.000180332353920676,"mixed_vertices_changed":0,"skin_section_radius_m":0.0231285225600004,"skin_section_samples":127,"unrelated_maximum_delta_m":0.0,"unrelated_vertices_changed":0}
JOINT GEOMETRY DIAGNOSTIC: {"axial_extent_m":0.0117349475622177,"axial_limit_m":0.0142,"changed_vertices":373,"context":"-1/little1","maximum_delta_m":0.000409081025281921,"mixed_vertices_changed":0,"skin_section_radius_m":0.0175136774778366,"skin_section_samples":170,"unrelated_maximum_delta_m":0.0,"unrelated_vertices_changed":0}
JOINT GEOMETRY DIAGNOSTIC: {"axial_extent_m":0.00816868245601654,"axial_limit_m":0.0142,"changed_vertices":226,"context":"-1/little2","maximum_delta_m":0.000267068826360628,"mixed_vertices_changed":0,"skin_section_radius_m":0.0107895042747259,"skin_section_samples":181,"unrelated_maximum_delta_m":0.0,"unrelated_vertices_changed":0}
JOINT GEOMETRY DIAGNOSTIC: {"axial_extent_m":0.0140419900417328,"axial_limit_m":0.0142,"changed_vertices":311,"context":"-1/ring0","maximum_delta_m":0.000183064985321835,"mixed_vertices_changed":0,"skin_section_radius_m":0.0249193832278252,"skin_section_samples":82,"unrelated_maximum_delta_m":0.0,"unrelated_vertices_changed":0}
JOINT GEOMETRY DIAGNOSTIC: {"axial_extent_m":0.0146689563989639,"axial_limit_m":0.015,"changed_vertices":331,"context":"-1/ring1","maximum_delta_m":0.000512200233060867,"mixed_vertices_changed":0,"skin_section_radius_m":0.0171914584934711,"skin_section_samples":170,"unrelated_maximum_delta_m":0.0,"unrelated_vertices_changed":0}
JOINT GEOMETRY DIAGNOSTIC: {"axial_extent_m":0.00790748000144958,"axial_limit_m":0.0142,"changed_vertices":244,"context":"-1/ring2","maximum_delta_m":0.000286497990600765,"mixed_vertices_changed":0,"skin_section_radius_m":0.0113035161048174,"skin_section_samples":171,"unrelated_maximum_delta_m":0.0,"unrelated_vertices_changed":0}
JOINT GEOMETRY DIAGNOSTIC: {"axial_extent_m":0.0138581246137619,"axial_limit_m":0.0142,"changed_vertices":191,"context":"-1/middle0","maximum_delta_m":0.000179371869307943,"mixed_vertices_changed":0,"skin_section_radius_m":0.0217554774135351,"skin_section_samples":88,"unrelated_maximum_delta_m":0.0,"unrelated_vertices_changed":0}
JOINT GEOMETRY DIAGNOSTIC: {"axial_extent_m":0.0142982751131058,"axial_limit_m":0.015,"changed_vertices":286,"context":"-1/middle1","maximum_delta_m":0.000484121934277937,"mixed_vertices_changed":0,"skin_section_radius_m":0.0170859396457672,"skin_section_samples":122,"unrelated_maximum_delta_m":0.0,"unrelated_vertices_changed":0}
JOINT GEOMETRY DIAGNOSTIC: {"axial_extent_m":0.00848247110843658,"axial_limit_m":0.0142,"changed_vertices":188,"context":"-1/middle2","maximum_delta_m":0.000226033866056241,"mixed_vertices_changed":0,"skin_section_radius_m":0.0120558328926563,"skin_section_samples":133,"unrelated_maximum_delta_m":0.0,"unrelated_vertices_changed":0}
JOINT GEOMETRY DIAGNOSTIC: {"axial_extent_m":0.0136254653334618,"axial_limit_m":0.0142,"changed_vertices":298,"context":"-1/index0","maximum_delta_m":0.00019566758419387,"mixed_vertices_changed":0,"skin_section_radius_m":0.0241302847862244,"skin_section_samples":138,"unrelated_maximum_delta_m":0.0,"unrelated_vertices_changed":0}
JOINT GEOMETRY DIAGNOSTIC: {"axial_extent_m":0.0127349197864532,"axial_limit_m":0.0142,"changed_vertices":379,"context":"-1/index1","maximum_delta_m":0.000440237607108429,"mixed_vertices_changed":0,"skin_section_radius_m":0.0167725514620543,"skin_section_samples":166,"unrelated_maximum_delta_m":0.0,"unrelated_vertices_changed":0}
JOINT GEOMETRY DIAGNOSTIC: {"axial_extent_m":0.0083223283290863,"axial_limit_m":0.0142,"changed_vertices":211,"context":"-1/index2","maximum_delta_m":0.000241803107201122,"mixed_vertices_changed":0,"skin_section_radius_m":0.0123424753546715,"skin_section_samples":145,"unrelated_maximum_delta_m":0.0,"unrelated_vertices_changed":0}
JOINT GEOMETRY DIAGNOSTIC: {"axial_extent_m":0.0140665099024773,"axial_limit_m":0.0142,"changed_vertices":219,"context":"-1/thumb0","maximum_delta_m":0.000154434776050039,"mixed_vertices_changed":0,"skin_section_radius_m":0.029028257355094,"skin_section_samples":71,"unrelated_maximum_delta_m":0.0,"unrelated_vertices_changed":0}
JOINT GEOMETRY DIAGNOSTIC: {"axial_extent_m":0.0136286094784737,"axial_limit_m":0.0142,"changed_vertices":468,"context":"-1/thumb1","maximum_delta_m":0.000491003796923906,"mixed_vertices_changed":0,"skin_section_radius_m":0.0268194302916527,"skin_section_samples":176,"unrelated_maximum_delta_m":0.0,"unrelated_vertices_changed":0}
JOINT GEOMETRY DIAGNOSTIC: {"axial_extent_m":0.0116227567195892,"axial_limit_m":0.0142,"changed_vertices":247,"context":"-1/thumb2","maximum_delta_m":0.000313156109768897,"mixed_vertices_changed":0,"skin_section_radius_m":0.0151824932545424,"skin_section_samples":138,"unrelated_maximum_delta_m":0.0,"unrelated_vertices_changed":0}
JOINT GEOMETRY DIAGNOSTIC: {"axial_extent_m":0.0130943059921265,"axial_limit_m":0.0142,"changed_vertices":273,"context":"1/little0","maximum_delta_m":0.000179586815647781,"mixed_vertices_changed":0,"skin_section_radius_m":0.0232962407171726,"skin_section_samples":120,"unrelated_maximum_delta_m":0.0,"unrelated_vertices_changed":0}
JOINT GEOMETRY DIAGNOSTIC: {"axial_extent_m":0.0117350071668625,"axial_limit_m":0.0142,"changed_vertices":424,"context":"1/little1","maximum_delta_m":0.000409563566790894,"mixed_vertices_changed":0,"skin_section_radius_m":0.0171299260109663,"skin_section_samples":197,"unrelated_maximum_delta_m":0.0,"unrelated_vertices_changed":0}
JOINT GEOMETRY DIAGNOSTIC: {"axial_extent_m":0.00816844403743744,"axial_limit_m":0.0142,"changed_vertices":239,"context":"1/little2","maximum_delta_m":0.000266377028310671,"mixed_vertices_changed":0,"skin_section_radius_m":0.0107901198789477,"skin_section_samples":217,"unrelated_maximum_delta_m":0.0,"unrelated_vertices_changed":0}
JOINT GEOMETRY DIAGNOSTIC: {"axial_extent_m":0.0141208171844482,"axial_limit_m":0.0142,"changed_vertices":330,"context":"1/ring0","maximum_delta_m":0.000183705153176561,"mixed_vertices_changed":0,"skin_section_radius_m":0.0249231290072203,"skin_section_samples":83,"unrelated_maximum_delta_m":0.0,"unrelated_vertices_changed":0}
JOINT GEOMETRY DIAGNOSTIC: {"axial_extent_m":0.0146685838699341,"axial_limit_m":0.015,"changed_vertices":322,"context":"1/ring1","maximum_delta_m":0.00051250564865768,"mixed_vertices_changed":0,"skin_section_radius_m":0.0171878132969141,"skin_section_samples":148,"unrelated_maximum_delta_m":0.0,"unrelated_vertices_changed":0}
JOINT GEOMETRY DIAGNOSTIC: {"axial_extent_m":0.00790770351886749,"axial_limit_m":0.0142,"changed_vertices":238,"context":"1/ring2","maximum_delta_m":0.000286659982521087,"mixed_vertices_changed":0,"skin_section_radius_m":0.0113017279654741,"skin_section_samples":169,"unrelated_maximum_delta_m":0.0,"unrelated_vertices_changed":0}
JOINT GEOMETRY DIAGNOSTIC: {"axial_extent_m":0.0138570964336395,"axial_limit_m":0.0142,"changed_vertices":185,"context":"1/middle0","maximum_delta_m":0.000179431735887192,"mixed_vertices_changed":0,"skin_section_radius_m":0.0217555668205023,"skin_section_samples":83,"unrelated_maximum_delta_m":0.0,"unrelated_vertices_changed":0}
JOINT GEOMETRY DIAGNOSTIC: {"axial_extent_m":0.0142982006072998,"axial_limit_m":0.015,"changed_vertices":289,"context":"1/middle1","maximum_delta_m":0.00048341607907787,"mixed_vertices_changed":0,"skin_section_radius_m":0.0170847699046135,"skin_section_samples":123,"unrelated_maximum_delta_m":0.0,"unrelated_vertices_changed":0}
JOINT GEOMETRY DIAGNOSTIC: {"axial_extent_m":0.00848254561424255,"axial_limit_m":0.0142,"changed_vertices":190,"context":"1/middle2","maximum_delta_m":0.000226073170779273,"mixed_vertices_changed":0,"skin_section_radius_m":0.0120558654889464,"skin_section_samples":148,"unrelated_maximum_delta_m":0.0,"unrelated_vertices_changed":0}
JOINT GEOMETRY DIAGNOSTIC: {"axial_extent_m":0.0136099755764008,"axial_limit_m":0.0142,"changed_vertices":293,"context":"1/index0","maximum_delta_m":0.000195641128811985,"mixed_vertices_changed":0,"skin_section_radius_m":0.0241191238164902,"skin_section_samples":130,"unrelated_maximum_delta_m":0.0,"unrelated_vertices_changed":0}
JOINT GEOMETRY DIAGNOSTIC: {"axial_extent_m":0.0127348750829697,"axial_limit_m":0.0142,"changed_vertices":368,"context":"1/index1","maximum_delta_m":0.000439634255599231,"mixed_vertices_changed":0,"skin_section_radius_m":0.016909547150135,"skin_section_samples":165,"unrelated_maximum_delta_m":0.0,"unrelated_vertices_changed":0}
JOINT GEOMETRY DIAGNOSTIC: {"axial_extent_m":0.00832216441631317,"axial_limit_m":0.0142,"changed_vertices":214,"context":"1/index2","maximum_delta_m":0.000241686080698855,"mixed_vertices_changed":0,"skin_section_radius_m":0.0123426457867026,"skin_section_samples":158,"unrelated_maximum_delta_m":0.0,"unrelated_vertices_changed":0}
JOINT GEOMETRY DIAGNOSTIC: {"axial_extent_m":0.0140704419463873,"axial_limit_m":0.0142,"changed_vertices":216,"context":"1/thumb0","maximum_delta_m":0.000154433873831294,"mixed_vertices_changed":0,"skin_section_radius_m":0.029027109965682,"skin_section_samples":89,"unrelated_maximum_delta_m":0.0,"unrelated_vertices_changed":0}
JOINT GEOMETRY DIAGNOSTIC: {"axial_extent_m":0.0136320218443871,"axial_limit_m":0.0142,"changed_vertices":452,"context":"1/thumb1","maximum_delta_m":0.00049079064046964,"mixed_vertices_changed":0,"skin_section_radius_m":0.0268206801265478,"skin_section_samples":172,"unrelated_maximum_delta_m":0.0,"unrelated_vertices_changed":0}
JOINT GEOMETRY DIAGNOSTIC: {"axial_extent_m":0.0116246789693832,"axial_limit_m":0.0142,"changed_vertices":244,"context":"1/thumb2","maximum_delta_m":0.000312658696202561,"mixed_vertices_changed":0,"skin_section_radius_m":0.0151878967881203,"skin_section_samples":137,"unrelated_maximum_delta_m":0.0,"unrelated_vertices_changed":0}
PLAYER FINGER JOINTS PASS: thirty independent local joints, actual localized morph and weighted skin, rigid nails, limits/reset, bow/chest linkage, real controls and isolated F2/repeat/switch/reset/exit
WARNING: 2 ObjectDB instances were leaked at exit (run with `--verbose` for details).
   at: cleanup (core/object/object.cpp:2535)
[HEADLESS] player_hands_detailed_test.gd
PBR CUFF SOURCE FRAME: WristCuff_Surface_001/0/Detailed_Glove; 5170 imported frames, 9216 UV-derivative comparisons, signed U/normal-map-Y min=(0.979325, 0.925216); no runtime tangent fallback
PBR CUFF SOURCE FRAME: WristCuff_001_Surface_001/0/Detailed_Glove; 5172 imported frames, 9216 UV-derivative comparisons, signed U/normal-map-Y min=(0.978201, 0.899378); no runtime tangent fallback
PLAYER HANDS DETAILED PASS: bilateral imported skin and handedness, real finger deformation, free/bow/chest gameplay, render layers, default fidelity and isolated F2/repeat/switch/reset/exit
WARNING: 2 ObjectDB instances were leaked at exit (run with `--verbose` for details).
   at: cleanup (core/object/object.cpp:2535)
[HEADLESS] player_hands_greybox_test.gd
PLAYER HANDS GREYBOX PASS: bilateral imported skin and handedness, real finger deformation, free/bow/chest gameplay, render layers, default fidelity and isolated F2/repeat/switch/reset/exit
WARNING: 2 ObjectDB instances were leaked at exit (run with `--verbose` for details).
   at: cleanup (core/object/object.cpp:2535)
[HEADLESS] player_arm_test.gd
PLAYER ARM PASS: full-body GLB/atlas sharing, articulated grip and wrist-preserving arm fit, actual combat/bow/chest preview paths, trial hits and contacts, F2/repeat/reset and expedition restoration
WARNING: 2 ObjectDB instances were leaked at exit (run with `--verbose` for details).
   at: cleanup (core/object/object.cpp:2535)
[HEADLESS] weapon_hand_contacts_test.gd
WEAPON HAND CONTACTS PASS: real bow grip/string/nock/rest, fixed cord length, draw cache, transformed contacts, slim arrow and forked nock, flail chain/ball continuity and state isolation
[HEADLESS] chest_hands_test.gd
CHEST HANDS PASS: real stow/reach/fidget/lift phases, articulated fingers, synced lid, container hold/restore, all loadouts/full bag, cancellation, pause/scaled timing and scene cleanup
[HEADLESS] test_room_session_test.gd
TEST ROOM SESSION TEST PASS: inventory identity, stress accumulation/recovery isolation, camping supplies, bow and arrows, chain flail, wallet, deep stock copies, needs, ailments, magic, and unstarted-session restoration

Headless validation: 7 passed, 0 failed.
