[HEADLESS] player_finger_joints_test.gd
ERROR: the authored detailed cuff must enable its real geometry transition: joint review/open/LeftSupportArm
   at: push_error (core/variant/variant_utility.cpp:1023)
   GDScript backtrace (most recent call first):
       [0] _run (res://tests/player_finger_joints_test.gd:26)
ERROR: the authored detailed cuff must enable its real geometry transition: joint review/open/RightRelaxedArm
   at: push_error (core/variant/variant_utility.cpp:1023)
   GDScript backtrace (most recent call first):
       [0] _run (res://tests/player_finger_joints_test.gd:26)
ERROR: the authored detailed cuff must enable its real geometry transition: joint review/palm/LeftSupportArm
   at: push_error (core/variant/variant_utility.cpp:1023)
   GDScript backtrace (most recent call first):
       [0] _run (res://tests/player_finger_joints_test.gd:26)
ERROR: the authored detailed cuff must enable its real geometry transition: joint review/palm/RightRelaxedArm
   at: push_error (core/variant/variant_utility.cpp:1023)
   GDScript backtrace (most recent call first):
       [0] _run (res://tests/player_finger_joints_test.gd:26)
ERROR: the authored detailed cuff must enable its real geometry transition: joint review/wrist_side/LeftSupportArm
   at: push_error (core/variant/variant_utility.cpp:1023)
   GDScript backtrace (most recent call first):
       [0] _run (res://tests/player_finger_joints_test.gd:26)
ERROR: the authored detailed cuff must enable its real geometry transition: joint review/wrist_side/RightRelaxedArm
   at: push_error (core/variant/variant_utility.cpp:1023)
   GDScript backtrace (most recent call first):
       [0] _run (res://tests/player_finger_joints_test.gd:26)
ERROR: the authored detailed cuff must enable its real geometry transition: joint review/fist/LeftSupportArm
   at: push_error (core/variant/variant_utility.cpp:1023)
   GDScript backtrace (most recent call first):
       [0] _run (res://tests/player_finger_joints_test.gd:26)
ERROR: the authored detailed cuff must enable its real geometry transition: joint review/fist/RightRelaxedArm
   at: push_error (core/variant/variant_utility.cpp:1023)
   GDScript backtrace (most recent call first):
       [0] _run (res://tests/player_finger_joints_test.gd:26)
PLAYER FINGER JOINTS FAIL: thirty independent local joints, actual localized morph and weighted skin, rigid nails, limits/reset, bow/chest linkage, real controls and isolated F2/repeat/switch/reset/exit
WARNING: 2 ObjectDB instances were leaked at exit (run with `--verbose` for details).
   at: cleanup (core/object/object.cpp:2535)
[HEADLESS] player_hands_detailed_test.gd
ERROR: the authored detailed cuff must enable its real geometry transition: source rest/-1
   at: push_error (core/variant/variant_utility.cpp:1023)
   GDScript backtrace (most recent call first):
       [0] _run (res://tests/player_hands_detailed_test.gd:22)
ERROR: the authored detailed cuff must enable its real geometry transition: fitted arm/-1
   at: push_error (core/variant/variant_utility.cpp:1023)
   GDScript backtrace (most recent call first):
       [0] _run (res://tests/player_hands_detailed_test.gd:22)
ERROR: the authored detailed cuff must enable its real geometry transition: reset arm/-1
   at: push_error (core/variant/variant_utility.cpp:1023)
   GDScript backtrace (most recent call first):
       [0] _run (res://tests/player_hands_detailed_test.gd:22)
ERROR: the authored detailed cuff must enable its real geometry transition: source rest/1
   at: push_error (core/variant/variant_utility.cpp:1023)
   GDScript backtrace (most recent call first):
       [0] _run (res://tests/player_hands_detailed_test.gd:22)
ERROR: the authored detailed cuff must enable its real geometry transition: fitted arm/1
   at: push_error (core/variant/variant_utility.cpp:1023)
   GDScript backtrace (most recent call first):
       [0] _run (res://tests/player_hands_detailed_test.gd:22)
ERROR: the authored detailed cuff must enable its real geometry transition: reset arm/1
   at: push_error (core/variant/variant_utility.cpp:1023)
   GDScript backtrace (most recent call first):
       [0] _run (res://tests/player_hands_detailed_test.gd:22)
ERROR: the authored detailed cuff must enable its real geometry transition: free_hands/LeftSupportArm
   at: push_error (core/variant/variant_utility.cpp:1023)
   GDScript backtrace (most recent call first):
       [0] _run (res://tests/player_hands_detailed_test.gd:22)
ERROR: the authored detailed cuff must enable its real geometry transition: free_hands/RightRelaxedArm
   at: push_error (core/variant/variant_utility.cpp:1023)
   GDScript backtrace (most recent call first):
       [0] _run (res://tests/player_hands_detailed_test.gd:22)
ERROR: the authored detailed cuff must enable its real geometry transition: bow_draw/LeftSupportArm
   at: push_error (core/variant/variant_utility.cpp:1023)
   GDScript backtrace (most recent call first):
       [0] _run (res://tests/player_hands_detailed_test.gd:22)
ERROR: the authored detailed cuff must enable its real geometry transition: bow_draw/CharacterArm
   at: push_error (core/variant/variant_utility.cpp:1023)
   GDScript backtrace (most recent call first):
       [0] _run (res://tests/player_hands_detailed_test.gd:22)
ERROR: the authored detailed cuff must enable its real geometry transition: bow_release/LeftSupportArm
   at: push_error (core/variant/variant_utility.cpp:1023)
   GDScript backtrace (most recent call first):
       [0] _run (res://tests/player_hands_detailed_test.gd:22)
ERROR: the authored detailed cuff must enable its real geometry transition: bow_release/CharacterArm
   at: push_error (core/variant/variant_utility.cpp:1023)
   GDScript backtrace (most recent call first):
       [0] _run (res://tests/player_hands_detailed_test.gd:22)
ERROR: the authored detailed cuff must enable its real geometry transition: chest_touch/CharacterArm
   at: push_error (core/variant/variant_utility.cpp:1023)
   GDScript backtrace (most recent call first):
       [0] _run (res://tests/player_hands_detailed_test.gd:22)
ERROR: the authored detailed cuff must enable its real geometry transition: chest_touch/CharacterArm
   at: push_error (core/variant/variant_utility.cpp:1023)
   GDScript backtrace (most recent call first):
       [0] _run (res://tests/player_hands_detailed_test.gd:22)
ERROR: the authored detailed cuff must enable its real geometry transition: chest_lift/CharacterArm
   at: push_error (core/variant/variant_utility.cpp:1023)
   GDScript backtrace (most recent call first):
       [0] _run (res://tests/player_hands_detailed_test.gd:22)
ERROR: the authored detailed cuff must enable its real geometry transition: chest_lift/CharacterArm
   at: push_error (core/variant/variant_utility.cpp:1023)
   GDScript backtrace (most recent call first):
       [0] _run (res://tests/player_hands_detailed_test.gd:22)
PLAYER HANDS DETAILED FAIL: bilateral imported skin and handedness, real finger deformation, free/bow/chest gameplay, render layers, default fidelity and isolated F2/repeat/switch/reset/exit
WARNING: 2 ObjectDB instances were leaked at exit (run with `--verbose` for details).
   at: cleanup (core/object/object.cpp:2535)
[HEADLESS] player_hands_greybox_test.gd
PLAYER HANDS GREYBOX PASS: bilateral imported skin and handedness, real finger deformation, free/bow/chest gameplay, render layers, default fidelity and isolated F2/repeat/switch/reset/exit
WARNING: 2 ObjectDB instances were leaked at exit (run with `--verbose` for details).
   at: cleanup (core/object/object.cpp:2535)

Headless validation: 1 passed, 2 failed.
FAILED: player_finger_joints_test.gd (1)
FAILED: player_hands_detailed_test.gd (1)
