[HEADLESS] player_finger_joints_test.gd
PLAYER FINGER JOINTS PASS: thirty independent local joints, actual localized morph and weighted skin, rigid nails, limits/reset, bow/chest linkage, real controls and isolated F2/repeat/switch/reset/exit
WARNING: 2 ObjectDB instances were leaked at exit (run with `--verbose` for details).
   at: cleanup (core/object/object.cpp:2535)
[HEADLESS] player_hands_detailed_test.gd
ERROR: fitted cuff surfaces must retain finite normals and avoid collapse or foldover: bow_draw/LeftSupportArm invalid=0 reversed=757 min_area_ratio=0.04728241699704
   at: push_error (core/variant/variant_utility.cpp:1023)
   GDScript backtrace (most recent call first):
       [0] _run (res://tests/player_hands_detailed_test.gd:22)
ERROR: fitted cuff surfaces must retain finite normals and avoid collapse or foldover: bow_release/LeftSupportArm invalid=0 reversed=833 min_area_ratio=0.02118952802493
   at: push_error (core/variant/variant_utility.cpp:1023)
   GDScript backtrace (most recent call first):
       [0] _run (res://tests/player_hands_detailed_test.gd:22)
ERROR: fitted cuff surfaces must retain finite normals and avoid collapse or foldover: chest_touch/CharacterArm invalid=0 reversed=1279 min_area_ratio=0.03433038404755
   at: push_error (core/variant/variant_utility.cpp:1023)
   GDScript backtrace (most recent call first):
       [0] _run (res://tests/player_hands_detailed_test.gd:22)
PLAYER HANDS DETAILED FAIL: bilateral imported skin and handedness, real finger deformation, free/bow/chest gameplay, render layers, default fidelity and isolated F2/repeat/switch/reset/exit
WARNING: 2 ObjectDB instances were leaked at exit (run with `--verbose` for details).
   at: cleanup (core/object/object.cpp:2535)
[HEADLESS] player_hands_greybox_test.gd
PLAYER HANDS GREYBOX PASS: bilateral imported skin and handedness, real finger deformation, free/bow/chest gameplay, render layers, default fidelity and isolated F2/repeat/switch/reset/exit
WARNING: 2 ObjectDB instances were leaked at exit (run with `--verbose` for details).
   at: cleanup (core/object/object.cpp:2535)

Headless validation: 2 passed, 1 failed.
FAILED: player_hands_detailed_test.gd (1)
