[HEADLESS] player_finger_joints_test.gd
PLAYER FINGER JOINTS PASS: thirty independent local joints, actual localized morph and weighted skin, rigid nails, limits/reset, bow/chest linkage, real controls and isolated F2/repeat/switch/reset/exit
WARNING: 2 ObjectDB instances were leaked at exit (run with `--verbose` for details).
   at: cleanup (core/object/object.cpp:2535)
[HEADLESS] player_hands_detailed_test.gd
ERROR: fitted cuff surfaces must retain finite normals and avoid collapse or foldover: bow_draw/LeftSupportArm invalid_normals=0 reversed=836 min_area_ratio=0.01325890520403 min_jacobian=-1.21081948280334 invalid_vertices=420 side=-1 bend_degrees=98.7259936005583 axial_scale=1.92902851104736
   at: push_error (core/variant/variant_utility.cpp:1023)
   GDScript backtrace (most recent call first):
       [0] _run (res://tests/player_hands_detailed_test.gd:22)
ERROR: fitted cuff surfaces must retain finite normals and avoid collapse or foldover: bow_release/LeftSupportArm invalid_normals=0 reversed=862 min_area_ratio=0.0493445113247 min_jacobian=-1.3058854341507 invalid_vertices=433 side=-1 bend_degrees=101.678492182699 axial_scale=1.89470732212067
   at: push_error (core/variant/variant_utility.cpp:1023)
   GDScript backtrace (most recent call first):
       [0] _run (res://tests/player_hands_detailed_test.gd:22)
ERROR: fitted cuff surfaces must retain finite normals and avoid collapse or foldover: chest_touch/CharacterArm invalid_normals=0 reversed=1192 min_area_ratio=0.01835970470327 min_jacobian=-2.01382660865784 invalid_vertices=596 side=1 bend_degrees=114.469335612362 axial_scale=1.52663898468018
   at: push_error (core/variant/variant_utility.cpp:1023)
   GDScript backtrace (most recent call first):
       [0] _run (res://tests/player_hands_detailed_test.gd:22)
PLAYER HANDS DETAILED FAIL: bilateral imported skin and handedness, real finger deformation, free/bow/chest gameplay, render layers, default fidelity and isolated F2/repeat/switch/reset/exit
WARNING: 2 ObjectDB instances were leaked at exit (run with `--verbose` for details).
   at: cleanup (core/object/object.cpp:2535)
[HEADLESS] player_hands_greybox_test.gd
PLAYER HANDS GREYBOX PASS: bilateral imported skin and handedness, real finger deformation, free/bow/chest gameplay, render layers, default fidelity and isolated F2/repeat/switch/reset/exit
WARNING: 2 ObjectDB instances were leaked at exit (run with `--verbose` for details).
   at: cleanup (core/object/object.cpp:2535)

Headless validation: 2 passed, 1 failed.
FAILED: player_hands_detailed_test.gd (1)
