[HEADLESS] player_hands_detailed_test.gd
WRIST SETUP DIAGNOSTIC: WristCuff_001 meta=[&"extras"] gltf_extras={  } extras={ "wrist_flex_version": 1.0, "wrist_flex_start_z": 0.014, "wrist_flex_end_z": 0.075 }
WRIST SURFACE DIAGNOSTIC: WristCuff_Surface_001 skin=<Object#null> shapes=0 primitive=3 vertices=4608 normals=4608
WRIST SETUP DIAGNOSTIC: WristCuff_003 meta=[&"extras"] gltf_extras={  } extras={ "wrist_flex_version": 1.0, "wrist_flex_start_z": 0.014, "wrist_flex_end_z": 0.075 }
WRIST SURFACE DIAGNOSTIC: WristCuff_001_Surface_001 skin=<Object#null> shapes=0 primitive=3 vertices=4608 normals=4608
ERROR: the authored detailed cuff must enable its real geometry transition: source rest/-1
   at: push_error (core/variant/variant_utility.cpp:1023)
   GDScript backtrace (most recent call first):
       [0] _run (res://tests/player_hands_detailed_test.gd:22)
ERROR: the authored detailed cuff must enable its real geometry transition: fitted arm/-1
   at: push_error (core/variant/variant_utility.cpp:1023)
   GDScript backtrace (most recent call first):
       [0] _run (res://tests/player_hands_detailed_test.gd:22)
ERROR: the authored detailed cuff must enable its real geometry transition: reset arm/-1
   at: push_error (core/variant/variant_utility.cpp:1023)
   GDScript backtrace (most recent call first):
       [0] _run (res://tests/player_hands_detailed_test.gd:22)
ERROR: the authored detailed cuff must enable its real geometry transition: source rest/1
   at: push_error (core/variant/variant_utility.cpp:1023)
   GDScript backtrace (most recent call first):
       [0] _run (res://tests/player_hands_detailed_test.gd:22)
ERROR: the authored detailed cuff must enable its real geometry transition: fitted arm/1
   at: push_error (core/variant/variant_utility.cpp:1023)
   GDScript backtrace (most recent call first):
       [0] _run (res://tests/player_hands_detailed_test.gd:22)
ERROR: the authored detailed cuff must enable its real geometry transition: reset arm/1
   at: push_error (core/variant/variant_utility.cpp:1023)
   GDScript backtrace (most recent call first):
       [0] _run (res://tests/player_hands_detailed_test.gd:22)
ERROR: the authored detailed cuff must enable its real geometry transition: free_hands/LeftSupportArm
   at: push_error (core/variant/variant_utility.cpp:1023)
   GDScript backtrace (most recent call first):
       [0] _run (res://tests/player_hands_detailed_test.gd:22)
ERROR: the authored detailed cuff must enable its real geometry transition: free_hands/RightRelaxedArm
   at: push_error (core/variant/variant_utility.cpp:1023)
   GDScript backtrace (most recent call first):
       [0] _run (res://tests/player_hands_detailed_test.gd:22)
ERROR: the authored detailed cuff must enable its real geometry transition: bow_draw/LeftSupportArm
   at: push_error (core/variant/variant_utility.cpp:1023)
   GDScript backtrace (most recent call first):
       [0] _run (res://tests/player_hands_detailed_test.gd:22)
ERROR: the authored detailed cuff must enable its real geometry transition: bow_draw/CharacterArm
   at: push_error (core/variant/variant_utility.cpp:1023)
   GDScript backtrace (most recent call first):
       [0] _run (res://tests/player_hands_detailed_test.gd:22)
ERROR: the authored detailed cuff must enable its real geometry transition: bow_release/LeftSupportArm
   at: push_error (core/variant/variant_utility.cpp:1023)
   GDScript backtrace (most recent call first):
       [0] _run (res://tests/player_hands_detailed_test.gd:22)
ERROR: the authored detailed cuff must enable its real geometry transition: bow_release/CharacterArm
   at: push_error (core/variant/variant_utility.cpp:1023)
   GDScript backtrace (most recent call first):
       [0] _run (res://tests/player_hands_detailed_test.gd:22)
ERROR: the authored detailed cuff must enable its real geometry transition: chest_touch/CharacterArm
   at: push_error (core/variant/variant_utility.cpp:1023)
   GDScript backtrace (most recent call first):
       [0] _run (res://tests/player_hands_detailed_test.gd:22)
ERROR: the authored detailed cuff must enable its real geometry transition: chest_touch/CharacterArm
   at: push_error (core/variant/variant_utility.cpp:1023)
   GDScript backtrace (most recent call first):
       [0] _run (res://tests/player_hands_detailed_test.gd:22)
ERROR: the authored detailed cuff must enable its real geometry transition: chest_lift/CharacterArm
   at: push_error (core/variant/variant_utility.cpp:1023)
   GDScript backtrace (most recent call first):
       [0] _run (res://tests/player_hands_detailed_test.gd:22)
ERROR: the authored detailed cuff must enable its real geometry transition: chest_lift/CharacterArm
   at: push_error (core/variant/variant_utility.cpp:1023)
   GDScript backtrace (most recent call first):
       [0] _run (res://tests/player_hands_detailed_test.gd:22)
PLAYER HANDS DETAILED FAIL: bilateral imported skin and handedness, real finger deformation, free/bow/chest gameplay, render layers, default fidelity and isolated F2/repeat/switch/reset/exit
WARNING: 2 ObjectDB instances were leaked at exit (run with `--verbose` for details).
   at: cleanup (core/object/object.cpp:2535)

Headless validation: 0 passed, 1 failed.
FAILED: player_hands_detailed_test.gd (1)
