01:08:08 | INFO: Data are loaded, start creating Blender stuff
01:08:08 | INFO: Blender create Mesh node FittedLeather.001
01:08:08 | INFO: Blender create Mesh node ContinuousAnatomicalHandMesh
01:08:09 | INFO: Blender create Mesh node FingerlessLeatherGloveMesh
01:08:09 | INFO: Blender create Mesh node TailoredClothSleeve.001
01:08:09 | INFO: Blender create Mesh node NarrowWristConnection.001
01:08:09 | INFO: glTF import finished in 0.12s
OBJ SwordShieldArm_right EMPTY parent None world [[1.0, 0.0, 0.0, 0.0], [0.0, 1.0, 0.0, 0.0], [0.0, 0.0, 1.0, 0.0], [0.0, 0.0, 0.0, 1.0]]
OBJ Forearm.001 EMPTY parent SwordShieldArm_right world [[1.0, 0.0, 0.0, 0.0], [0.0, 1.0, 0.0, 0.0], [0.0, 0.0, 1.0, 0.0], [0.0, 0.0, 0.0, 1.0]]
OBJ Forearm.001_Surface MESH parent Forearm.001 world [[1.0, 0.0, 0.0, 0.0], [0.0, 1.0, 0.0, 0.0], [0.0, 0.0, 1.0, 0.0], [0.0, 0.0, 0.0, 1.0]]
OBJ HandRig.001 ARMATURE parent SwordShieldArm_right world [[1.0, 0.0, 0.0, 0.0], [0.0, 1.0, 0.0, 0.0], [0.0, 0.0, 1.0, 0.0], [0.0, 0.0, 0.0, 1.0]]
BONE wrist parent None rest [[1.0, 0.0, 0.0, 0.0], [0.0, 1.0, 0.0, -0.05624999850988388], [0.0, 0.0, 1.0, 0.0], [0.0, 0.0, 0.0, 1.0]]
BONE index0 parent wrist rest [[0.9975751042366028, -0.06943749636411667, 0.004727132618427277, -0.03750000149011612], [0.06959821283817291, 0.9952714443206787, -0.06775558739900589, 0.0899999812245369], [-1.862645149230957e-09, 0.0679202750325203, 0.997690737247467, 0.018623866140842438], [0.0, 0.0, 0.0, 1.0]]
BONE index1 parent index0 rest [[0.9974586963653564, -0.06816265732049942, -0.020736517384648323, -0.040500007569789886], [0.07124710083007812, 0.9542763233184814, 0.29031115770339966, 0.132999986410141], [-1.2478267308324575e-08, -0.29105085134506226, 0.9567075967788696, 0.02155831642448902], [0.0, 0.0, 0.0, 1.0]]
BONE index2 parent index1 rest [[0.9889363050460815, -0.14209920167922974, -0.04257587715983391, -0.042500000447034836], [0.14834043383598328, 0.9473280906677246, 0.2838391661643982, 0.16099996864795685], [1.862645149230957e-09, -0.2870146632194519, 0.9579262137413025, 0.013018411584198475], [0.0, 0.0, 0.0, 1.0]]
BONE little0 parent wrist rest [[0.8998140692710876, 0.4346882402896881, -0.03715920448303223, 0.05375000089406967], [-0.43627363443374634, 0.8965442776679993, -0.0766407698392868, 0.07499999552965164], [2.60770320892334e-08, 0.08517403155565262, 0.996366024017334, 0.010122790932655334], [0.0, 0.0, 0.0, 1.0]]
BONE little1 parent little0 rest [[0.9284767508506775, 0.3641577959060669, 0.07293841242790222, 0.06975001096725464], [-0.3713904917240143, 0.910395085811615, 0.18234598636627197, 0.1080000102519989], [-5.960464477539063e-08, -0.19639259576797485, 0.9805253148078918, 0.01325787603855133], [0.0, 0.0, 0.0, 1.0]]
BONE little2 parent little1 rest [[0.9161573052406311, 0.3887760639190674, 0.09751427918672562, 0.07775000482797623], [-0.40081894397735596, 0.888630747795105, 0.2228897213935852, 0.12799999117851257], [3.259629011154175e-09, -0.2432875633239746, 0.9699541330337524, 0.008943431079387665], [0.0, 0.0, 0.0, 1.0]]
BONE middle0 parent wrist rest [[0.9997737407684326, -0.02116970904171467, 0.0020811844151467085, -0.005000001285225153], [0.021271763369441032, 0.9949772357940674, -0.09781576693058014, 0.10125000029802322], [2.3283064365386963e-10, 0.0978379026055336, 0.995202362537384, 0.023313142359256744], [0.0, 0.0, 0.0, 1.0]]
BONE middle1 parent middle0 rest [[0.9993628859519958, 0.03373880684375763, 0.011643774807453156, -0.005999998655170202], [-0.0356915183365345, 0.9446868300437927, 0.3260257840156555, 0.148250013589859], [2.7939677238464355e-09, -0.3262336850166321, 0.9452891945838928, 0.0279347263276577], [0.0, 0.0, 0.0, 1.0]]
BONE middle2 parent middle1 rest [[0.9989684820175171, -0.043536726385354996, -0.01289988774806261, -0.004999999888241291], [0.04540763050317764, 0.9578084349632263, 0.2837977409362793, 0.17624999582767487], [0.0, -0.2840907573699951, 0.9587975144386292, 0.01826535351574421], [0.0, 0.0, 0.0, 1.0]]
BONE ring0 parent wrist rest [[0.9977851510047913, 0.0657663568854332, -0.009977992624044418, 0.028750000521540642], [-0.06651896983385086, 0.9864959120750427, -0.14966991543769836, 0.0937500074505806], [4.190951585769653e-09, 0.15000216662883759, 0.988685667514801, 0.016456320881843567], [0.0, 0.0, 0.0, 1.0]]
BONE ring1 parent ring0 rest [[0.9992611408233643, 0.034285228699445724, 0.01736750453710556, 0.03175000101327896], [-0.038433149456977844, 0.8914154767990112, 0.45155423879623413, 0.13874998688697815], [-1.955777406692505e-08, -0.45188814401626587, 0.8920746445655823, 0.023298822343349457], [0.0, 0.0, 0.0, 1.0]]
BONE ring2 parent ring1 rest [[0.9988681077957153, 0.04508732259273529, 0.015151677653193474, 0.032750003039836884], [-0.04756511375308037, 0.94683438539505, 0.3181854486465454, 0.16475002467632294], [3.4924596548080444e-09, -0.31854602694511414, 0.9479074478149414, 0.010118547827005386], [0.0, 0.0, 0.0, 1.0]]
BONE thumb0 parent wrist rest [[0.7071067094802856, -0.6950082778930664, -0.1302443891763687, -0.03750000521540642], [0.7071068286895752, 0.6950080990791321, 0.1302444338798523, 0.0062499940395355225], [-3.725290298461914e-08, -0.1841934323310852, 0.9828900098800659, -0.005316391587257385], [0.0, 0.0, 0.0, 1.0]]
BONE thumb1 parent thumb0 rest [[0.9191449880599976, -0.3837188184261322, -0.08906346559524536, -0.07500001788139343], [0.39391934871673584, 0.8953438401222229, 0.20781463384628296, 0.04374999552965164], [4.470348358154297e-08, -0.22609561681747437, 0.9741051197052002, -0.015254772268235683], [0.0, 0.0, 0.0, 1.0]]
BONE thumb2 parent thumb1 rest [[0.9363291263580322, -0.34856000542640686, -0.0423518568277359, -0.08700000494718552], [0.3511236310005188, 0.9294928908348083, 0.11293817311525345, 0.07175000011920929], [3.166496753692627e-08, -0.1206180527806282, 0.9926989078521729, -0.022325435653328896], [0.0, 0.0, 0.0, 1.0]]
OBJ ContinuousAnatomicalHand.001 MESH parent HandRig.001 world [[1.0, 0.0, 0.0, 0.0], [0.0, 1.0, 0.0, 0.0], [0.0, 0.0, 1.0, 0.0], [0.0, 0.0, 0.0, 1.0]]
OBJ FingerlessLeatherGlove.001 MESH parent HandRig.001 world [[1.0, 0.0, 0.0, 0.0], [0.0, 1.0, 0.0, 0.0], [0.0, 0.0, 1.0, 0.0], [0.0, 0.0, 0.0, 1.0]]
OBJ UpperArm.001 EMPTY parent SwordShieldArm_right world [[1.0, 0.0, 0.0, 0.0], [0.0, 1.0, 0.0, 0.0], [0.0, 0.0, 1.0, 0.0], [0.0, 0.0, 0.0, 1.0]]
OBJ UpperArm.001_Surface MESH parent UpperArm.001 world [[1.0, 0.0, 0.0, 0.0], [0.0, 1.0, 0.0, 0.0], [0.0, 0.0, 1.0, 0.0], [0.0, 0.0, 0.0, 1.0]]
OBJ WristCuff.001 EMPTY parent SwordShieldArm_right world [[1.0, 0.0, 0.0, 0.0], [0.0, 1.0, 0.0, 0.0], [0.0, 0.0, 1.0, 0.0], [0.0, 0.0, 0.0, 1.0]]
OBJ WristCuff.001_Surface MESH parent WristCuff.001 world [[1.0, 0.0, 0.0, 0.0], [0.0, 1.0, 0.0, 0.0], [0.0, 0.0, 1.0, 0.0], [0.0, 0.0, 0.0, 1.0]]
OBJ Icosphere MESH parent None world [[1.0, 0.0, 0.0, 0.0], [0.0, 1.0, 0.0, 0.0], [0.0, 0.0, 1.0, 0.0], [0.0, 0.0, 0.0, 1.0]]
EXPORT_OPTIONS [('export_format', []), ('export_image_format', ['AUTO', 'JPEG', 'WEBP', 'NONE']), ('export_materials', ['EXPORT', 'PLACEHOLDER', 'VIEWPORT', 'NONE']), ('export_cameras', 'BOOLEAN'), ('export_animations', 'BOOLEAN'), ('export_pointer_animation', 'BOOLEAN'), ('export_animation_mode', ['ACTIONS', 'ACTIVE_ACTIONS', 'BROADCAST', 'NLA_TRACKS', 'SCENE']), ('export_nla_strips_merged_animation_name', 'STRING'), ('export_optimize_animation_size', 'BOOLEAN'), ('export_optimize_animation_keep_anim_armature', 'BOOLEAN'), ('export_optimize_animation_keep_anim_object', 'BOOLEAN'), ('export_anim_slide_to_zero', 'BOOLEAN'), ('export_bake_animation', 'BOOLEAN'), ('export_merge_animation', ['NLA_TRACK', 'ACTION', 'NONE']), ('export_anim_single_armature', 'BOOLEAN'), ('export_anim_scene_split_object', 'BOOLEAN'), ('export_morph_animation', 'BOOLEAN'), ('export_convert_animation_pointer', 'BOOLEAN'), ('export_extra_animations', 'BOOLEAN')]
Blender 5.2.1 LTS (hash 9e2066aef7ef built 2026-08-25 01:35:57)

Blender quit
