_rootJoint [-0.0, 0.0, -0.0]
chest_00 [-0.0, 0.0, -0.0]
arm.L_01 [0.13202862441539764, 0.046083610504865646, -0.2228119969367981]
elbow.L_02 [0.195737823843956, -0.027810292318463326, 0.04645956680178642]
forearm.L_03 [0.20545083284378052, -0.034096699208021164, 0.2120838463306427]
hand.L_04 [0.20889459550380707, -0.035159025341272354, 0.3412030339241028]
palm.L_05 [0.21207685768604279, -0.060318611562252045, 0.40351158380508423]
pink1.L_06 [0.2005908191204071, -0.08400403708219528, 0.4400326907634735]
pink2.L_07 [0.19020523130893707, -0.09378258138895035, 0.46391746401786804]
pink3.L_08 [0.16897815465927124, -0.0945575088262558, 0.46901512145996094]
pink3.L_end_045 [-0.0, 0.0, -0.0]
ring1.L_09 [0.21275608241558075, -0.0615457259118557, 0.4543619453907013]
ring2.L_010 [0.19598349928855896, -0.07141569256782532, 0.4836709499359131]
ring3.L_011 [0.16259415447711945, -0.07260575145483017, 0.4890977740287781]
ring3.L_end_046 [-0.0, 0.0, -0.0]
middle1.L_012 [0.21660371124744415, -0.03546271100640297, 0.46382924914360046]
middle2.L_013 [0.19802959263324738, -0.036356907337903976, 0.4948079288005829]
middle3.L_014 [0.16405180096626282, -0.03473522141575813, 0.5001047253608704]
middle3.L_end_047 [-0.0, 0.0, -0.0]
point1.L_015 [0.21718190610408783, -0.004078099504113197, 0.46016910672187805]
point2.L_016 [0.2010401040315628, 0.00032452811137773097, 0.49150437116622925]
point3.L_017 [0.17881083488464355, 0.0013334377435967326, 0.5064629912376404]
point3.L_end_048 [-0.0, 0.0, -0.0]
thumb1.L_018 [0.19108946621418, -0.008857350796461105, 0.3654429316520691]
thumb2.L_019 [0.1737576723098755, 0.024479128420352936, 0.4064086377620697]
thumb3.L_020 [0.1617942750453949, 0.028506075963377953, 0.4346790611743927]
thumb3.L_end_049 [-0.0, 0.0, -0.0]
arm.R_021 [-0.13202857971191406, 0.04608360305428505, -0.2228120118379593]
elbow.R_022 [-0.1957378387451172, -0.02781040221452713, 0.04645960405468941]
Blender 5.2.1 LTS (hash 9e2066aef7ef built 2026-08-25 01:35:57)

Blender quit
