[HEADLESS] sword_direct_entry_test.gd
DIRECT ENTRY shield right_diagonal hold=0.00 grip_mm=0.00012287812012 grip_rise_mm=0.00011920928955 windup_deg=74.6041550586225 entry_mm=0.0 arm_length_mm=0.00045061111448 authored_mm=0.0 authored_deg=0.03956468118525 charge=0.0 spends=1
DIRECT ENTRY shield right_diagonal hold=0.45 grip_mm=0.00012287812012 grip_rise_mm=0.00011920928955 windup_deg=74.6041550586225 entry_mm=0.0 arm_length_mm=0.00045061111448 authored_mm=0.0 authored_deg=0.03956468118525 charge=0.21833333333333 spends=1
DIRECT ENTRY shield left_reverse hold=0.00 grip_mm=720.000028610229 grip_rise_mm=0.00017881393433 windup_deg=99.7964335480007 entry_mm=0.0 arm_length_mm=0.00048041343687 authored_mm=0.0 authored_deg=0.03956468118525 charge=0.0 spends=1
REVERSE PREPARATION shield left_reverse hold=0.00 yz_mm=0.00029802322388 rightward_mm=0.0 endpoint_mm=0.00011920928955 held_mm=0.0
DIRECT ENTRY shield left_reverse hold=0.45 grip_mm=720.000028610229 grip_rise_mm=0.00017881393433 windup_deg=99.7964335480007 entry_mm=0.0 arm_length_mm=0.00048041343687 authored_mm=0.0 authored_deg=0.05595290968074 charge=0.21833333333333 spends=1
REVERSE PREPARATION shield left_reverse hold=0.45 yz_mm=0.00029802322388 rightward_mm=0.0 endpoint_mm=0.00011920928955 held_mm=0.0
DIRECT ENTRY shield overhead hold=0.00 grip_mm=0.0 grip_rise_mm=0.0 windup_deg=0.03956468118525 entry_mm=0.0 arm_length_mm=0.00048041343687 authored_mm=0.00002980232239 authored_deg=0.05595290968074 charge=0.0 spends=1
DIRECT ENTRY shield overhead hold=0.45 grip_mm=0.0 grip_rise_mm=0.0 windup_deg=0.03956468118525 entry_mm=0.0 arm_length_mm=0.00042080879209 authored_mm=0.00005960464478 authored_deg=0.03956468118525 charge=0.21833333333333 spends=1
DIRECT ENTRY two_hand right_diagonal hold=0.00 grip_mm=0.00012287812012 grip_rise_mm=0.00011920928955 windup_deg=74.6041550586225 entry_mm=0.0 arm_length_mm=0.00042080879209 authored_mm=0.0 authored_deg=0.03956468118525 charge=0.0 spends=1
DIRECT ENTRY two_hand right_diagonal hold=0.45 grip_mm=0.00012287812012 grip_rise_mm=0.00011920928955 windup_deg=74.6041550586225 entry_mm=0.0 arm_length_mm=0.00042080879209 authored_mm=0.00002980232239 authored_deg=0.03956468118525 charge=0.21833333333333 spends=1
DIRECT ENTRY two_hand left_reverse hold=0.00 grip_mm=720.000028610229 grip_rise_mm=0.00017881393433 windup_deg=99.7964335480007 entry_mm=0.0 arm_length_mm=0.00048041343687 authored_mm=0.00002980232239 authored_deg=0.03956468118525 charge=0.0 spends=1
REVERSE PREPARATION two_hand left_reverse hold=0.00 yz_mm=0.00029802322388 rightward_mm=0.0 endpoint_mm=0.00011920928955 held_mm=0.0
DIRECT ENTRY two_hand left_reverse hold=0.45 grip_mm=720.000028610229 grip_rise_mm=0.00017881393433 windup_deg=99.7964335480007 entry_mm=0.0 arm_length_mm=0.00048041343687 authored_mm=0.00002980232239 authored_deg=0.05595290968074 charge=0.21833333333333 spends=1
REVERSE PREPARATION two_hand left_reverse hold=0.45 yz_mm=0.00029802322388 rightward_mm=0.0 endpoint_mm=0.00011920928955 held_mm=0.0
DIRECT ENTRY two_hand overhead hold=0.00 grip_mm=0.0 grip_rise_mm=0.0 windup_deg=0.03956468118525 entry_mm=0.0 arm_length_mm=0.00045657157899 authored_mm=0.00002980232239 authored_deg=0.05595290968074 charge=0.0 spends=1
DIRECT ENTRY two_hand overhead hold=0.45 grip_mm=0.0 grip_rise_mm=0.0 windup_deg=0.03956468118525 entry_mm=0.0 arm_length_mm=0.00042080879209 authored_mm=0.00002980232239 authored_deg=0.03956468118525 charge=0.21833333333333 spends=1
SWORD DIRECT ENTRY PASS: pinned basic wrist turn, reverse lateral preparation, retained overhead hold, release/charge/cost clocks, unchanged authored rejoin and expedition preservation; target damage is covered by sword_attack_variants
[HEADLESS] reference_sword_arm_player_test.gd
REFERENCE SWORD ARM PLAYER PASS: analytical fixture only; actual_delivery_evaluated=false; actual meshes, 30/60/120Hz clocks, handoffs, blade clash, F2 and reset
[HEADLESS] reference_sword_cut_preview_test.gd
REFERENCE SWORD CUT PREVIEW PASS: two production cuts after real shield stow, both-hand capture records, input isolation and expedition/source preservation; no pixel claim

Headless validation: 3 passed, 0 failed.
