Godot Engine v4.7.stable.official.5b4e0cb0f - https://godotengine.org
Vulkan 1.2.334 - Forward+ - Using Device #0: Apple - Apple M4

WARNING: The local variable "basis" is shadowing an already-declared property in the base class "Node3D".
     at: GDScript::reload (res://scripts/reference_continuous_sleeve.gd:162)
WARNING: The local variable "basis" is shadowing an already-declared property in the base class "Node3D".
     at: GDScript::reload (res://scripts/supplied_fp_arm.gd:149)
WARNING: The class variable "_forearm" is declared but never used in the class.
     at: GDScript::reload (res://scripts/sword_long_grip_visual.gd:28)
WARNING: The class variable "_upper_arm" is declared but never used in the class.
     at: GDScript::reload (res://scripts/sword_long_grip_visual.gd:29)
WARNING: The class variable "_cuff" is declared but never used in the class.
     at: GDScript::reload (res://scripts/sword_long_grip_visual.gd:30)
WARNING: The parameter "preserve_authored_elbow" is never used in the function "fit_arm()". If this is intended, prefix it with an underscore: "_preserve_authored_elbow".
     at: GDScript::reload (res://scripts/sword_long_grip_visual.gd:118)
WARNING: The local variable "rotation" is shadowing an already-declared property in the base class "Node3D".
     at: GDScript::reload (res://scripts/sword_long_grip_visual.gd:141)
WARNING: The local variable "basis" is shadowing an already-declared property in the base class "Node3D".
     at: GDScript::reload (res://scripts/sword_shield_arm_visual.gd:212)
WARNING: Integer division. Decimal part will be discarded.
     at: GDScript::reload (res://scripts/sword_shield_arm_visual.gd:448)
WARNING: The local variable "rotation" is shadowing an already-declared property in the base class "Node3D".
     at: GDScript::reload (res://scripts/sword_shield_arm_visual.gd:500)
WARNING: The function parameter "seed" has the same name as a built-in function.
     at: GDScript::reload (res://scripts/sword_shield_arm_visual.gd:512)
WARNING: The variable "correction" is declared below in the parent block.
     at: GDScript::reload (res://scripts/sword_shield_arm_visual.gd:532)
WARNING: The function parameter "seed" has the same name as a built-in function.
     at: GDScript::reload (res://scripts/sword_shield_arm_visual.gd:542)
WARNING: The variable "delta" is declared below in the parent block.
     at: GDScript::reload (res://scripts/sword_shield_arm_visual.gd:563)
WARNING: The variable "wrap" has the same name as a built-in function.
     at: GDScript::reload (res://scripts/flail_visuals.gd:31)
WARNING: The variable "wrap" has the same name as a built-in function.
     at: GDScript::reload (res://scripts/equipment_concept_visual.gd:238)
WARNING: Integer division. Decimal part will be discarded.
     at: GDScript::reload (res://scripts/reference_sword_motion.gd:95)
WARNING: Integer division. Decimal part will be discarded.
     at: GDScript::reload (res://scripts/reference_sword_motion.gd:177)
WARNING: The local function parameter "shield" is shadowing an already-declared function at line 118 in the current class.
     at: GDScript::reload (res://scripts/first_person_motion.gd:32)
WARNING: The local function parameter "shield" is shadowing an already-declared function at line 118 in the current class.
     at: GDScript::reload (res://scripts/first_person_motion.gd:42)
WARNING: Values of the ternary operator are not mutually compatible.
     at: GDScript::reload (res://scripts/dungeon_combat_hud.gd:122)
WARNING: Values of the ternary operator are not mutually compatible.
     at: GDScript::reload (res://scripts/dungeon_combat_hud.gd:128)
WARNING: Integer division. Decimal part will be discarded.
     at: GDScript::reload (res://scripts/dungeon_combat_hud.gd:156)
WARNING: The local "for" iterator variable "name" is shadowing an already-declared property in the base class "Node".
     at: GDScript::reload (res://scripts/splint_use_visuals.gd:162)
WARNING: Integer division. Decimal part will be discarded.
     at: GDScript::reload (res://scripts/splint_use_visuals.gd:184)
WARNING: Integer division. Decimal part will be discarded.
     at: GDScript::reload (res://scripts/splint_use_visuals.gd:266)
WARNING: Integer division. Decimal part will be discarded.
     at: GDScript::reload (res://scripts/splint_use_visuals.gd:299)
WARNING: The variable "finger_axis" is declared below in the parent block.
     at: GDScript::reload (res://scripts/loot_chest.gd:402)
WARNING: The variable "wrap" has the same name as a built-in function.
     at: GDScript::reload (res://scripts/loot_chest.gd:435)
WARNING: The parameter "dark_steel" is never used in the function "_build_sword_visual()". If this is intended, prefix it with an underscore: "_dark_steel".
     at: GDScript::reload (res://scripts/player.gd:457)
WARNING: The parameter "blade_steel" is never used in the function "_build_sword_visual()". If this is intended, prefix it with an underscore: "_blade_steel".
     at: GDScript::reload (res://scripts/player.gd:457)
WARNING: The parameter "rusted_steel" is never used in the function "_build_sword_visual()". If this is intended, prefix it with an underscore: "_rusted_steel".
     at: GDScript::reload (res://scripts/player.gd:457)
WARNING: The parameter "iron" is never used in the function "_build_shield()". If this is intended, prefix it with an underscore: "_iron".
     at: GDScript::reload (res://scripts/player.gd:524)
WARNING: The parameter "leather" is never used in the function "_build_shield()". If this is intended, prefix it with an underscore: "_leather".
     at: GDScript::reload (res://scripts/player.gd:524)
WARNING: The local function parameter "owner" is shadowing an already-declared property in the base class "Node".
     at: GDScript::reload (res://scripts/player.gd:1257)
WARNING: The variable "result" is declared below in the parent block.
     at: GDScript::reload (res://scripts/player.gd:2967)
WARNING: The variable "wrist" is declared below in the parent block.
     at: GDScript::reload (res://scripts/player.gd:3367)
WARNING: The variable "fitted" is declared below in the parent block.
     at: GDScript::reload (res://scripts/player.gd:3370)
WARNING: The variable "axis" is declared below in the parent block.
     at: GDScript::reload (res://scripts/player.gd:3377)
WARNING: The variable "shoulder" is declared below in the parent block.
     at: GDScript::reload (res://scripts/player.gd:3384)
WARNING: The variable "pole" is declared below in the parent block.
     at: GDScript::reload (res://scripts/player.gd:3393)
WARNING: The local variable "scale" is shadowing an already-declared property in the base class "Node3D".
     at: GDScript::reload (res://scripts/player.gd:3713)
Embedded window can't be resized.
SPLINT MOTION PREVIEW PASS: 235 production frames
