[HEADLESS] sword_direct_entry_test.gd
DIRECT ENTRY shield right_diagonal hold=0.00 grip_mm=3.70700028724968 grip_rise_mm=0.00011920928955 windup_deg=74.6041550586225 entry_mm=0.0 arm_length_mm=0.00045061111448 authored_mm=0.0 authored_deg=0.03956468118525 charge=0.0 spends=1
DIRECT ENTRY shield right_diagonal hold=0.45 grip_mm=3.70700028724968 grip_rise_mm=0.00011920928955 windup_deg=74.6041550586225 entry_mm=0.0 arm_length_mm=0.00065922737119 authored_mm=0.0 authored_deg=0.03956468118525 charge=0.225 spends=1
DIRECT ENTRY shield left_reverse hold=0.00 grip_mm=0.0 grip_rise_mm=0.0 windup_deg=0.03956468118525 entry_mm=0.0 arm_length_mm=0.00046730041503 authored_mm=0.00002980232239 authored_deg=0.03956468118525 charge=0.0 spends=1
DIRECT ENTRY shield left_reverse hold=0.45 grip_mm=0.0 grip_rise_mm=0.0 windup_deg=0.03956468118525 entry_mm=0.0 arm_length_mm=0.00046730041503 authored_mm=0.00002980232239 authored_deg=0.03956468118525 charge=0.21833333333333 spends=1
DIRECT ENTRY shield overhead hold=0.00 grip_mm=0.0 grip_rise_mm=0.0 windup_deg=0.03956468118525 entry_mm=0.0 arm_length_mm=0.00043749809264 authored_mm=0.00002980232239 authored_deg=0.05595290968074 charge=0.0 spends=1
DIRECT ENTRY shield overhead hold=0.45 grip_mm=0.0 grip_rise_mm=0.0 windup_deg=0.03956468118525 entry_mm=0.0 arm_length_mm=0.00043749809264 authored_mm=0.00002980232239 authored_deg=0.03956468118525 charge=0.21833333333333 spends=1
DIRECT ENTRY two_hand right_diagonal hold=0.00 grip_mm=3.70700028724968 grip_rise_mm=0.00011920928955 windup_deg=74.6041550586225 entry_mm=0.0 arm_length_mm=0.00043749809264 authored_mm=0.0 authored_deg=0.03956468118525 charge=0.0 spends=1
DIRECT ENTRY two_hand right_diagonal hold=0.45 grip_mm=3.70700028724968 grip_rise_mm=0.00011920928955 windup_deg=74.6041550586225 entry_mm=0.0 arm_length_mm=0.00043749809264 authored_mm=0.00005960464478 authored_deg=0.03956468118525 charge=0.225 spends=1
DIRECT ENTRY two_hand left_reverse hold=0.00 grip_mm=0.0 grip_rise_mm=0.0 windup_deg=0.03956468118525 entry_mm=0.0 arm_length_mm=0.00043749809264 authored_mm=0.00002980232239 authored_deg=0.03956468118525 charge=0.0 spends=1
DIRECT ENTRY two_hand left_reverse hold=0.45 grip_mm=0.0 grip_rise_mm=0.0 windup_deg=0.03956468118525 entry_mm=0.0 arm_length_mm=0.00054597854615 authored_mm=0.00002980232239 authored_deg=0.03956468118525 charge=0.21833333333333 spends=1
DIRECT ENTRY two_hand overhead hold=0.00 grip_mm=0.0 grip_rise_mm=0.0 windup_deg=0.03956468118525 entry_mm=0.0 arm_length_mm=0.00051617622376 authored_mm=0.0 authored_deg=0.05595290968074 charge=0.0 spends=1
DIRECT ENTRY two_hand overhead hold=0.45 grip_mm=0.0 grip_rise_mm=0.0 windup_deg=0.03956468118525 entry_mm=0.0 arm_length_mm=0.00045061111448 authored_mm=0.00002980232239 authored_deg=0.03956468118525 charge=0.21833333333333 spends=1
ERROR: shield right_diagonal hold=0.00: laying the blade must keep its actual imported grip pinned without raising the hand
   at: push_error (core/variant/variant_utility.cpp:1023)
   GDScript backtrace (most recent call first):
       [0] _finish (res://tests/sword_direct_entry_test.gd:233)
       [1] _run (res://tests/sword_direct_entry_test.gd:39)
       [2] _exercise_stance (res://tests/sword_direct_entry_test.gd:66)
ERROR: shield right_diagonal hold=0.45: release must retain its existing minimum windup
   at: push_error (core/variant/variant_utility.cpp:1023)
   GDScript backtrace (most recent call first):
       [0] _finish (res://tests/sword_direct_entry_test.gd:233)
       [1] _run (res://tests/sword_direct_entry_test.gd:39)
       [2] _exercise_stance (res://tests/sword_direct_entry_test.gd:66)
ERROR: shield right_diagonal hold=0.45: laying the blade must keep its actual imported grip pinned without raising the hand
   at: push_error (core/variant/variant_utility.cpp:1023)
   GDScript backtrace (most recent call first):
       [0] _finish (res://tests/sword_direct_entry_test.gd:233)
       [1] _run (res://tests/sword_direct_entry_test.gd:39)
       [2] _exercise_stance (res://tests/sword_direct_entry_test.gd:66)
ERROR: two_hand right_diagonal hold=0.00: laying the blade must keep its actual imported grip pinned without raising the hand
   at: push_error (core/variant/variant_utility.cpp:1023)
   GDScript backtrace (most recent call first):
       [0] _finish (res://tests/sword_direct_entry_test.gd:233)
       [1] _run (res://tests/sword_direct_entry_test.gd:39)
       [2] _exercise_stance (res://tests/sword_direct_entry_test.gd:66)
ERROR: two_hand right_diagonal hold=0.45: release must retain its existing minimum windup
   at: push_error (core/variant/variant_utility.cpp:1023)
   GDScript backtrace (most recent call first):
       [0] _finish (res://tests/sword_direct_entry_test.gd:233)
       [1] _run (res://tests/sword_direct_entry_test.gd:39)
       [2] _exercise_stance (res://tests/sword_direct_entry_test.gd:66)
ERROR: two_hand right_diagonal hold=0.45: laying the blade must keep its actual imported grip pinned without raising the hand
   at: push_error (core/variant/variant_utility.cpp:1023)
   GDScript backtrace (most recent call first):
       [0] _finish (res://tests/sword_direct_entry_test.gd:233)
       [1] _run (res://tests/sword_direct_entry_test.gd:39)
       [2] _exercise_stance (res://tests/sword_direct_entry_test.gd:66)
SWORD DIRECT ENTRY FAIL: pinned-grip wrist turn, retained reverse/overhead holds, release/charge/cost clocks, unchanged authored rejoin and expedition preservation; target damage is covered by sword_attack_variants
[HEADLESS] reference_sword_arm_player_test.gd
REFERENCE SWORD ARM PLAYER PASS: analytical fixture only; actual_delivery_evaluated=false; actual meshes, 30/60/120Hz clocks, handoffs, blade clash, F2 and reset
[HEADLESS] unified_sword_motion_test.gd
Validation interrupted by TERM. Stopping its current Godot process.
