FK_RUNTIME_DELTA_MAX 0.000102097694486325
CONTACT_COUNTS {'thumb': 70, 'index': 105, 'middle': 224, 'ring': 337, 'little': 218, 'palm': 691}
HANDLE_RINGS [[-0.0814, 0.0384800045730381], [0.2442, 0.03330000447865004], [0.5698, 0.028120000553505848]]
BASELINE [('thumb', -0.0186896825922098), ('index', -0.026778368804922573), ('middle', -0.03250496387682697), ('ring', -0.011338897892505147), ('little', -0.0020593475771732636), ('palm', 0.013641568353228231)]
SEED 0 COST 1.568482448570961 EVAL 71
SEED 1 COST 0.35371683794029746 EVAL 52
SEED 2 COST 0.054377881133744276 EVAL 78
SEED 3 COST 0.8052732693797047 EVAL 35
{
  "parameters": [
    0.3490570261728626,
    0.1374501253998989,
    -0.7339687076014837,
    -0.9403979390907049,
    0.21428347383432061,
    0.07216007284325739,
    -0.7322656831197598,
    -0.1302575578971892,
    0.44550673821539777,
    -0.5172537869715959,
    0.08187348370010593,
    -0.13149284100924927,
    -0.21091091742368717,
    0.1463725510143225,
    0.05409802192328595,
    0.3412398477433957,
    0.06954532518925136,
    -0.023713809851714084,
    0.2752322044483916,
    0.29999999999999966,
    -0.20033288369663355,
    -0.2999999999761319,
    -0.29999999999999977
  ],
  "degrees": {
    "thumb": [
      19.99949440909254,
      7.875312078958124,
      -42.0533092402366
    ],
    "index": [
      -53.880832972698045,
      12.277538670108578,
      4.134467623275235
    ],
    "middle": [
      -41.95573312502636,
      -7.463208317189908,
      25.525655844381916
    ],
    "ring": [
      -29.63645893063141,
      4.691005070049209,
      -7.533984826014735
    ],
    "little": [
      -12.084305421609493,
      8.386529409684016,
      3.0995883362104855
    ]
  },
  "thumb_opposition_degrees": 19.551603077383383,
  "shaft_in_hand": {
    "center": [
      0,
      0.06954532518925136,
      -0.023713809851714084
    ],
    "axis": [
      0.9623621172756396,
      0.27177040904548116,
      0
    ]
  },
  "full_skin_min_clearance_m": -0.0002491359257148634,
  "penetrating_vertices": 0,
  "contacts": {
    "thumb": {
      "minimum_m": 0.0005242599035446618,
      "closest_patch_mean_m": 0.0007794976614984728
    },
    "index": {
      "minimum_m": 0.0004331063553532008,
      "closest_patch_mean_m": 0.0007722044738357909
    },
    "middle": {
      "minimum_m": 0.0002544713145760241,
      "closest_patch_mean_m": 0.0013383707747439619
    },
    "ring": {
      "minimum_m": 0.00041028089243237004,
      "closest_patch_mean_m": 0.0007967438384750374
    },
    "little": {
      "minimum_m": 0.0006300353705218642,
      "closest_patch_mean_m": 0.0007954943902192493
    },
    "palm": {
      "minimum_m": 0.00037661825878999855,
      "closest_patch_mean_m": 0.0011237141453043142
    }
  },
  "root_adduction_radians": {
    "index": 0.29999999999999966,
    "middle": -0.20033288369663355,
    "ring": -0.2999999999761319,
    "little": -0.29999999999999977
  },
  "cost": 0.054377881133744276,
  "evaluations": 78,
  "runtime_delta_reproduction_error": 0.000102097694486325,
  "handle_rings": [
    [
      -0.0814,
      0.0384800045730381
    ],
    [
      0.2442,
      0.03330000447865004
    ],
    [
      0.5698,
      0.028120000553505848
    ]
  ]
}
