FK_RUNTIME_DELTA_MAX 0.000102097694486325
CONTACT_COUNTS {'thumb': 70, 'index': 105, 'middle': 224, 'ring': 337, 'little': 218, 'palm': 691}
HANDLE_RINGS [[-0.0814, 0.0384800045730381], [0.2442, 0.03330000447865004], [0.5698, 0.028120000553505848]]
BASELINE [('thumb', -0.0186896825922098), ('index', -0.026778368804922573), ('middle', -0.03250496387682697), ('ring', -0.011338897892505147), ('little', -0.0020593475771732636), ('palm', 0.013641568353228231)]
`xtol` termination condition is satisfied.
Function evaluations 37, initial cost 1.0280e+03, final cost 1.3421e-01, first-order optimality 2.77e-01.
{
  "parameters": [
    -2.1975136470321974e-05,
    -0.002777977488989557,
    -0.4720724362856826,
    -1.0471974345205501,
    -0.6696495627290082,
    -0.0010749243422802993,
    -0.6271523351135572,
    -0.7075545781664238,
    -0.2161803478488677,
    -0.35939468888867465,
    -0.3932842151266028,
    -0.21981045810300026,
    -0.3437107199323959,
    -0.7852447001498596,
    -0.7812806353529445,
    -0.39391205240503513,
    0.0517863280249903,
    -0.05361715734059271,
    -0.16793259396197913
  ],
  "degrees": {
    "thumb": [
      -0.001259082573973462,
      -0.15916638570145172,
      -27.047758223628072
    ],
    "index": [
      -59.99999331495491,
      -38.36809369715324,
      -0.06158862810853706
    ],
    "middle": [
      -35.93318191378109,
      -40.53989110409539,
      -12.386221545410164
    ],
    "ring": [
      -20.59179885273832,
      -22.53352567586947,
      -12.594211542139123
    ],
    "little": [
      -19.693173625529344,
      -44.9912072036028,
      -44.764083021023175
    ]
  },
  "thumb_opposition_degrees": -22.56949810214462,
  "shaft_in_hand": {
    "center": [
      0,
      0.0517863280249903,
      -0.05361715734059271
    ],
    "axis": [
      0.985932428993836,
      -0.1671443850636763,
      0
    ]
  },
  "full_skin_min_clearance_m": -0.00021982237884207723,
  "penetrating_vertices": 0,
  "contacts": {
    "thumb": {
      "minimum_m": 0.0031922843660061595,
      "closest_patch_mean_m": 0.003383279999615206
    },
    "index": {
      "minimum_m": 0.008232319653780948,
      "closest_patch_mean_m": 0.008729821687190463
    },
    "middle": {
      "minimum_m": 0.00033718615073344976,
      "closest_patch_mean_m": 0.0017755408529177873
    },
    "ring": {
      "minimum_m": 0.0003657717339393893,
      "closest_patch_mean_m": 0.0008369252763841935
    },
    "little": {
      "minimum_m": 0.005660928380776288,
      "closest_patch_mean_m": 0.006458027998770383
    },
    "palm": {
      "minimum_m": 0.006270866677705246,
      "closest_patch_mean_m": 0.008345367917545747
    }
  },
  "cost": 0.13420909050596627,
  "evaluations": 37,
  "runtime_delta_reproduction_error": 0.000102097694486325,
  "handle_rings": [
    [
      -0.0814,
      0.0384800045730381
    ],
    [
      0.2442,
      0.03330000447865004
    ],
    [
      0.5698,
      0.028120000553505848
    ]
  ]
}
