FK_RUNTIME_DELTA_MAX 0.000102097694486325
CONTACT_COUNTS {'thumb': 70, 'index': 105, 'middle': 224, 'ring': 337, 'little': 218, 'palm': 691}
HANDLE_RINGS [[-0.0814, 0.0384800045730381], [0.2442, 0.03330000447865004], [0.5698, 0.028120000553505848]]
BASELINE [('thumb', -0.0186896825922098), ('index', -0.026778368804922573), ('middle', -0.03250496387682697), ('ring', -0.011338897892505147), ('little', -0.0020593475771732636), ('palm', 0.013641568353228231)]
SEED 0 COST 0.12720698869727046 EVAL 64
SEED 1 COST 8.272046831936881e-07 EVAL 67
SEED 2 COST 0.00038805699765931206 EVAL 65
SEED 3 COST 0.0003189390747006905 EVAL 120
{
  "parameters": [
    0.3473637411375618,
    -0.19685263995091656,
    -0.32473081682890825,
    -0.644080270328684,
    -0.21293122945233905,
    -0.28501392897461664,
    -0.15457903940402298,
    -0.9256257567773011,
    -0.0002954261358918869,
    0.20861413570787568,
    -0.9209883628702927,
    -0.2588023919056384,
    -0.10091002553873424,
    -0.4167672192578512,
    -0.16947081025645042,
    -0.7985471125875419,
    0.06543901957150407,
    -0.034576146051644156,
    0.39993580994020167
  ],
  "degrees": {
    "thumb": [
      19.902476323057144,
      -11.278825455195896,
      -18.60570528213225
    ],
    "index": [
      -36.90308115747874,
      -12.20006077415076,
      -16.33009523268694
    ],
    "middle": [
      -8.856726559036964,
      -53.03444927194221,
      -0.016926670744463447
    ],
    "ring": [
      11.952709522830679,
      -52.76874617313095,
      -14.82828478408378
    ],
    "little": [
      -5.781718573926823,
      -23.879002702878278,
      -9.709962178356994
    ]
  },
  "thumb_opposition_degrees": -45.75337929362432,
  "shaft_in_hand": {
    "center": [
      0,
      0.06543901957150407,
      -0.034576146051644156
    ],
    "axis": [
      0.9210859888919941,
      0.38935921854613553,
      0
    ]
  },
  "full_skin_min_clearance_m": 0.00029499647875720625,
  "penetrating_vertices": 0,
  "contacts": {
    "thumb": {
      "minimum_m": 0.0005298465702362892,
      "closest_patch_mean_m": 0.00079995531209868
    },
    "index": {
      "minimum_m": 0.0006034671085596993,
      "closest_patch_mean_m": 0.0008000178859575562
    },
    "middle": {
      "minimum_m": 0.00040036080629102244,
      "closest_patch_mean_m": 0.0007999888873997102
    },
    "ring": {
      "minimum_m": 0.00039883442444414025,
      "closest_patch_mean_m": 0.0008017174683212682
    },
    "little": {
      "minimum_m": 0.000441743936626153,
      "closest_patch_mean_m": 0.0007997848388128813
    },
    "palm": {
      "minimum_m": 0.0004733782690037047,
      "closest_patch_mean_m": 0.0008002787982793498
    }
  },
  "cost": 8.272046831936881e-07,
  "evaluations": 67,
  "runtime_delta_reproduction_error": 0.000102097694486325,
  "handle_rings": [
    [
      -0.0814,
      0.0384800045730381
    ],
    [
      0.2442,
      0.03330000447865004
    ],
    [
      0.5698,
      0.028120000553505848
    ]
  ]
}
