[HEADLESS] player_finger_joints_test.gd
JOINT GEOMETRY DIAGNOSTIC: {"axial_extent_m":0.0164072290062904,"axial_limit_m":0.018,"changed_vertices":276,"context":"-1/little0","maximum_delta_m":0.000162402066052891,"mixed_web_vertices_changed":17,"skin_section_radius_m":0.019651522859931,"skin_section_samples":110,"unrelated_maximum_delta_m":0.0,"unrelated_vertices_changed":0}
JOINT GEOMETRY DIAGNOSTIC: {"axial_extent_m":0.0136727839708328,"axial_limit_m":0.017,"changed_vertices":329,"context":"-1/little1","maximum_delta_m":0.000372064881958067,"mixed_web_vertices_changed":0,"skin_section_radius_m":0.0166562777012587,"skin_section_samples":149,"unrelated_maximum_delta_m":0.0,"unrelated_vertices_changed":0}
JOINT GEOMETRY DIAGNOSTIC: {"axial_extent_m":0.00878481566905975,"axial_limit_m":0.0142,"changed_vertices":199,"context":"-1/little2","maximum_delta_m":0.000263671739958227,"mixed_web_vertices_changed":0,"skin_section_radius_m":0.0107546122744679,"skin_section_samples":153,"unrelated_maximum_delta_m":0.0,"unrelated_vertices_changed":0}
JOINT GEOMETRY DIAGNOSTIC: {"axial_extent_m":0.0167653635144234,"axial_limit_m":0.018,"changed_vertices":222,"context":"-1/ring0","maximum_delta_m":0.000145854617585428,"mixed_web_vertices_changed":46,"skin_section_radius_m":0.0229951478540897,"skin_section_samples":80,"unrelated_maximum_delta_m":0.0,"unrelated_vertices_changed":0}
JOINT GEOMETRY DIAGNOSTIC: {"axial_extent_m":0.0162003263831139,"axial_limit_m":0.017,"changed_vertices":341,"context":"-1/ring1","maximum_delta_m":0.000406986655434594,"mixed_web_vertices_changed":0,"skin_section_radius_m":0.0184559430927038,"skin_section_samples":130,"unrelated_maximum_delta_m":0.0,"unrelated_vertices_changed":0}
JOINT GEOMETRY DIAGNOSTIC: {"axial_extent_m":0.00874565541744232,"axial_limit_m":0.0142,"changed_vertices":227,"context":"-1/ring2","maximum_delta_m":0.000245191011345014,"mixed_web_vertices_changed":0,"skin_section_radius_m":0.0108715435490012,"skin_section_samples":157,"unrelated_maximum_delta_m":0.0,"unrelated_vertices_changed":0}
JOINT GEOMETRY DIAGNOSTIC: {"axial_extent_m":0.0175951272249222,"axial_limit_m":0.018,"changed_vertices":267,"context":"-1/middle0","maximum_delta_m":0.000157696049427614,"mixed_web_vertices_changed":108,"skin_section_radius_m":0.0287267100065947,"skin_section_samples":64,"unrelated_maximum_delta_m":0.0,"unrelated_vertices_changed":0}
JOINT GEOMETRY DIAGNOSTIC: {"axial_extent_m":0.0149735957384109,"axial_limit_m":0.017,"changed_vertices":293,"context":"-1/middle1","maximum_delta_m":0.000386924773920327,"mixed_web_vertices_changed":0,"skin_section_radius_m":0.0165914446115494,"skin_section_samples":137,"unrelated_maximum_delta_m":0.0,"unrelated_vertices_changed":0}
JOINT GEOMETRY DIAGNOSTIC: {"axial_extent_m":0.00862705707550049,"axial_limit_m":0.0142,"changed_vertices":183,"context":"-1/middle2","maximum_delta_m":0.000199142406927422,"mixed_web_vertices_changed":0,"skin_section_radius_m":0.0112321190536022,"skin_section_samples":141,"unrelated_maximum_delta_m":0.0,"unrelated_vertices_changed":0}
JOINT GEOMETRY DIAGNOSTIC: {"axial_extent_m":0.0154251381754875,"axial_limit_m":0.018,"changed_vertices":337,"context":"-1/index0","maximum_delta_m":0.000137390787131153,"mixed_web_vertices_changed":36,"skin_section_radius_m":0.0224830452352762,"skin_section_samples":138,"unrelated_maximum_delta_m":0.0,"unrelated_vertices_changed":0}
JOINT GEOMETRY DIAGNOSTIC: {"axial_extent_m":0.0133384317159653,"axial_limit_m":0.017,"changed_vertices":383,"context":"-1/index1","maximum_delta_m":0.000338430574629456,"mixed_web_vertices_changed":0,"skin_section_radius_m":0.0159834083169699,"skin_section_samples":179,"unrelated_maximum_delta_m":0.0,"unrelated_vertices_changed":0}
JOINT GEOMETRY DIAGNOSTIC: {"axial_extent_m":0.00852003693580627,"axial_limit_m":0.0142,"changed_vertices":205,"context":"-1/index2","maximum_delta_m":0.000211351565667428,"mixed_web_vertices_changed":0,"skin_section_radius_m":0.0114332875236869,"skin_section_samples":147,"unrelated_maximum_delta_m":0.0,"unrelated_vertices_changed":0}
JOINT GEOMETRY DIAGNOSTIC: {"axial_extent_m":0.0170143153518438,"axial_limit_m":0.018,"changed_vertices":170,"context":"-1/thumb0","maximum_delta_m":0.0000646974440314807,"mixed_web_vertices_changed":1,"skin_section_radius_m":0.0298740770667791,"skin_section_samples":77,"unrelated_maximum_delta_m":0.0,"unrelated_vertices_changed":0}
JOINT GEOMETRY DIAGNOSTIC: {"axial_extent_m":0.0203381925821304,"axial_limit_m":0.023,"changed_vertices":461,"context":"-1/thumb1","maximum_delta_m":0.000336455763317645,"mixed_web_vertices_changed":70,"skin_section_radius_m":0.0263627115637064,"skin_section_samples":169,"unrelated_maximum_delta_m":0.0,"unrelated_vertices_changed":0}
JOINT GEOMETRY DIAGNOSTIC: {"axial_extent_m":0.0161756426095963,"axial_limit_m":0.017,"changed_vertices":267,"context":"-1/thumb2","maximum_delta_m":0.000222490300075151,"mixed_web_vertices_changed":0,"skin_section_radius_m":0.0201842542737722,"skin_section_samples":139,"unrelated_maximum_delta_m":0.0,"unrelated_vertices_changed":0}
SKIN CUFF JOIN DIAGNOSTIC: {"context":"thumb maximum/-1","join":{"maximum_actual_nearest_outer_gap_m":0.00218775631954744,"maximum_cuff_surface_shift_m":0.0000000134317250655158,"maximum_fit_added_gap_m":0.0000000105064827948809,"maximum_posed_correspondence_gap_m":0.00270369555801153,"maximum_same_finger_pose_fixed_cuff_gap_m":0.00270369625650346,"maximum_skin_boundary_motion_m":0.00287466356530786,"maximum_source_gap_m":0.000401482597226277,"passed":false,"sample_count":118,"skin_proximal_z_m":0.0206967554986477,"support_triangles_outside_fixed_span":0}}
JOINT GEOMETRY DIAGNOSTIC: {"axial_extent_m":0.0163982063531876,"axial_limit_m":0.018,"changed_vertices":269,"context":"1/little0","maximum_delta_m":0.00016248450265266,"mixed_web_vertices_changed":13,"skin_section_radius_m":0.0196454040706158,"skin_section_samples":101,"unrelated_maximum_delta_m":0.0,"unrelated_vertices_changed":0}
JOINT GEOMETRY DIAGNOSTIC: {"axial_extent_m":0.0136722028255463,"axial_limit_m":0.017,"changed_vertices":322,"context":"1/little1","maximum_delta_m":0.000372700276784599,"mixed_web_vertices_changed":0,"skin_section_radius_m":0.0166565403342247,"skin_section_samples":147,"unrelated_maximum_delta_m":0.0,"unrelated_vertices_changed":0}
JOINT GEOMETRY DIAGNOSTIC: {"axial_extent_m":0.00877846777439117,"axial_limit_m":0.0142,"changed_vertices":193,"context":"1/little2","maximum_delta_m":0.000263065361650661,"mixed_web_vertices_changed":0,"skin_section_radius_m":0.0107550621032715,"skin_section_samples":145,"unrelated_maximum_delta_m":0.0,"unrelated_vertices_changed":0}
JOINT GEOMETRY DIAGNOSTIC: {"axial_extent_m":0.0160758718848228,"axial_limit_m":0.018,"changed_vertices":233,"context":"1/ring0","maximum_delta_m":0.0001437445753254,"mixed_web_vertices_changed":58,"skin_section_radius_m":0.0222747549414635,"skin_section_samples":81,"unrelated_maximum_delta_m":0.0,"unrelated_vertices_changed":0}
JOINT GEOMETRY DIAGNOSTIC: {"axial_extent_m":0.0161494836211205,"axial_limit_m":0.017,"changed_vertices":325,"context":"1/ring1","maximum_delta_m":0.000401574885472655,"mixed_web_vertices_changed":0,"skin_section_radius_m":0.0180603079497814,"skin_section_samples":121,"unrelated_maximum_delta_m":0.0,"unrelated_vertices_changed":0}
JOINT GEOMETRY DIAGNOSTIC: {"axial_extent_m":0.00882752239704132,"axial_limit_m":0.0142,"changed_vertices":234,"context":"1/ring2","maximum_delta_m":0.000245224771788344,"mixed_web_vertices_changed":0,"skin_section_radius_m":0.0108851129189134,"skin_section_samples":166,"unrelated_maximum_delta_m":0.0,"unrelated_vertices_changed":0}
JOINT GEOMETRY DIAGNOSTIC: {"axial_extent_m":0.0171405673027039,"axial_limit_m":0.018,"changed_vertices":249,"context":"1/middle0","maximum_delta_m":0.000156108668306842,"mixed_web_vertices_changed":83,"skin_section_radius_m":0.0269590876996517,"skin_section_samples":60,"unrelated_maximum_delta_m":0.0,"unrelated_vertices_changed":0}
JOINT GEOMETRY DIAGNOSTIC: {"axial_extent_m":0.014973446726799,"axial_limit_m":0.017,"changed_vertices":283,"context":"1/middle1","maximum_delta_m":0.000385650579119101,"mixed_web_vertices_changed":0,"skin_section_radius_m":0.0165913365781307,"skin_section_samples":126,"unrelated_maximum_delta_m":0.0,"unrelated_vertices_changed":0}
JOINT GEOMETRY DIAGNOSTIC: {"axial_extent_m":0.00862693786621094,"axial_limit_m":0.0142,"changed_vertices":172,"context":"1/middle2","maximum_delta_m":0.000199161600903608,"mixed_web_vertices_changed":0,"skin_section_radius_m":0.0112316142767668,"skin_section_samples":128,"unrelated_maximum_delta_m":0.0,"unrelated_vertices_changed":0}
JOINT GEOMETRY DIAGNOSTIC: {"axial_extent_m":0.0158917158842087,"axial_limit_m":0.018,"changed_vertices":375,"context":"1/index0","maximum_delta_m":0.000137243943754584,"mixed_web_vertices_changed":35,"skin_section_radius_m":0.0225068386644125,"skin_section_samples":142,"unrelated_maximum_delta_m":0.0,"unrelated_vertices_changed":0}
JOINT GEOMETRY DIAGNOSTIC: {"axial_extent_m":0.0133397281169891,"axial_limit_m":0.017,"changed_vertices":389,"context":"1/index1","maximum_delta_m":0.000337723322445527,"mixed_web_vertices_changed":0,"skin_section_radius_m":0.0158631391823292,"skin_section_samples":191,"unrelated_maximum_delta_m":0.0,"unrelated_vertices_changed":0}
JOINT GEOMETRY DIAGNOSTIC: {"axial_extent_m":0.0085185170173645,"axial_limit_m":0.0142,"changed_vertices":195,"context":"1/index2","maximum_delta_m":0.000211487858905457,"mixed_web_vertices_changed":0,"skin_section_radius_m":0.0114328805357218,"skin_section_samples":140,"unrelated_maximum_delta_m":0.0,"unrelated_vertices_changed":0}
JOINT GEOMETRY DIAGNOSTIC: {"axial_extent_m":0.0170431286096573,"axial_limit_m":0.018,"changed_vertices":169,"context":"1/thumb0","maximum_delta_m":0.0000644458195893094,"mixed_web_vertices_changed":2,"skin_section_radius_m":0.0298728235065937,"skin_section_samples":86,"unrelated_maximum_delta_m":0.0,"unrelated_vertices_changed":0}
JOINT GEOMETRY DIAGNOSTIC: {"axial_extent_m":0.0219923928380013,"axial_limit_m":0.023,"changed_vertices":479,"context":"1/thumb1","maximum_delta_m":0.000326751702232286,"mixed_web_vertices_changed":43,"skin_section_radius_m":0.0263345185667276,"skin_section_samples":183,"unrelated_maximum_delta_m":0.0,"unrelated_vertices_changed":0}
JOINT GEOMETRY DIAGNOSTIC: {"axial_extent_m":0.0161300003528595,"axial_limit_m":0.017,"changed_vertices":249,"context":"1/thumb2","maximum_delta_m":0.000219188863411546,"mixed_web_vertices_changed":0,"skin_section_radius_m":0.0202164743095636,"skin_section_samples":122,"unrelated_maximum_delta_m":0.0,"unrelated_vertices_changed":0}
SKIN CUFF JOIN DIAGNOSTIC: {"context":"thumb maximum/1","join":{"maximum_actual_nearest_outer_gap_m":0.00220413673455845,"maximum_cuff_surface_shift_m":0.0000000134317250655158,"maximum_fit_added_gap_m":0.0000000105355866253376,"maximum_posed_correspondence_gap_m":0.00272545078769326,"maximum_same_finger_pose_fixed_cuff_gap_m":0.00272545171901584,"maximum_skin_boundary_motion_m":0.00289386254735291,"maximum_source_gap_m":0.000404743535909802,"passed":false,"sample_count":116,"skin_proximal_z_m":0.0206967554986477,"support_triangles_outside_fixed_span":0}}
SKIN CUFF JOIN DIAGNOSTIC: {"context":"joint review/open/LeftSupportArm","join":{"maximum_actual_nearest_outer_gap_m":0.000401867033447447,"maximum_cuff_surface_shift_m":0.00000000619522033673547,"maximum_fit_added_gap_m":0.00000000478758011013269,"maximum_posed_correspondence_gap_m":0.000401867757318541,"maximum_same_finger_pose_fixed_cuff_gap_m":0.000401864090235904,"maximum_skin_boundary_motion_m":0.000000563016840260389,"maximum_source_gap_m":0.000401482597226277,"passed":true,"sample_count":118,"skin_proximal_z_m":0.0206967554986477,"support_triangles_outside_fixed_span":0}}
SKIN CUFF JOIN DIAGNOSTIC: {"context":"joint review/open/RightRelaxedArm","join":{"maximum_actual_nearest_outer_gap_m":0.000405126680243061,"maximum_cuff_surface_shift_m":0.00000000619522033673547,"maximum_fit_added_gap_m":0.00000000478758011013269,"maximum_posed_correspondence_gap_m":0.000405126338591799,"maximum_same_finger_pose_fixed_cuff_gap_m":0.000405122671509162,"maximum_skin_boundary_motion_m":0.000000563499440886517,"maximum_source_gap_m":0.000404743535909802,"passed":true,"sample_count":116,"skin_proximal_z_m":0.0206967554986477,"support_triangles_outside_fixed_span":0}}
SKIN CUFF JOIN DIAGNOSTIC: {"context":"joint review/palm/LeftSupportArm","join":{"maximum_actual_nearest_outer_gap_m":0.000401865336063959,"maximum_cuff_surface_shift_m":0.0000000109008508886177,"maximum_fit_added_gap_m":0.00000000702857505530119,"maximum_posed_correspondence_gap_m":0.00040186702972278,"maximum_same_finger_pose_fixed_cuff_gap_m":0.000401860132114962,"maximum_skin_boundary_motion_m":0.000000559336740479921,"maximum_source_gap_m":0.000401482597226277,"passed":true,"sample_count":118,"skin_proximal_z_m":0.0206967554986477,"support_triangles_outside_fixed_span":0}}
SKIN CUFF JOIN DIAGNOSTIC: {"context":"joint review/palm/RightRelaxedArm","join":{"maximum_actual_nearest_outer_gap_m":0.000405126487316445,"maximum_cuff_surface_shift_m":0.0000000105367119473954,"maximum_fit_added_gap_m":0.00000000683940015733242,"maximum_posed_correspondence_gap_m":0.000405125581892207,"maximum_same_finger_pose_fixed_cuff_gap_m":0.000405119091738015,"maximum_skin_boundary_motion_m":0.000000559727197924076,"maximum_source_gap_m":0.000404743535909802,"passed":true,"sample_count":116,"skin_proximal_z_m":0.0206967554986477,"support_triangles_outside_fixed_span":0}}
SKIN CUFF JOIN DIAGNOSTIC: {"context":"joint review/wrist_side/LeftSupportArm","join":{"maximum_actual_nearest_outer_gap_m":0.00040186712185264,"maximum_cuff_surface_shift_m":0.00000000526835597369768,"maximum_fit_added_gap_m":0.00000000369618646800518,"maximum_posed_correspondence_gap_m":0.000401867291657254,"maximum_same_finger_pose_fixed_cuff_gap_m":0.000401864032028243,"maximum_skin_boundary_motion_m":0.000000562080742838589,"maximum_source_gap_m":0.000401482597226277,"passed":true,"sample_count":118,"skin_proximal_z_m":0.0206967554986477,"support_triangles_outside_fixed_span":0}}
WRIST FIT DIAGNOSTIC: {"context":"joint review/wrist_side/LeftSupportArm","fit_basis":[[0.949168145656586,-0.0000000298023223876953,-0.314769834280014],[-0.177403509616852,0.826049566268921,-0.534948706626892],[0.351011753082275,0.760836839675903,1.05845332145691]],"fit_origin":[[-0.0197443962097168,-0.0427970886230469,-0.0032879114151001]],"invalid_vertices":0,"minimum_jacobian":0.436359971761703,"quaternion_xyzw":[-0.291143715381622,0.152333274483681,0.047016579657793,0.943302392959595],"reversed_samples":[],"reversed_surfaces":0,"rotation_degrees":38.7724840689262,"side":-1}
SKIN CUFF JOIN DIAGNOSTIC: {"context":"joint review/wrist_side/RightRelaxedArm","join":{"maximum_actual_nearest_outer_gap_m":0.000405124873744785,"maximum_cuff_surface_shift_m":0.00000000526835597369768,"maximum_fit_added_gap_m":0.00000000372529029846191,"maximum_posed_correspondence_gap_m":0.000405125872930512,"maximum_same_finger_pose_fixed_cuff_gap_m":0.000405122613301501,"maximum_skin_boundary_motion_m":0.000000562706929940759,"maximum_source_gap_m":0.000404743535909802,"passed":true,"sample_count":116,"skin_proximal_z_m":0.0206967554986477,"support_triangles_outside_fixed_span":0}}
WRIST FIT DIAGNOSTIC: {"context":"joint review/wrist_side/RightRelaxedArm","fit_basis":[[0.990900039672852,0.0000000298023223876953,0.134601026773453],[0.096958689391613,0.693620026111603,-0.713785827159882],[-0.134005784988403,1.033931016922,0.986517906188965]],"fit_origin":[[0.007537841796875,-0.0581586956977844,0.000758528709411621]],"invalid_vertices":0,"minimum_jacobian":0.370680093765259,"quaternion_xyzw":[-0.390503436326981,-0.0620728433132172,-0.0264011919498444,0.918126881122589],"reversed_samples":[],"reversed_surfaces":0,"rotation_degrees":46.6924743172441,"side":1}
SKIN CUFF JOIN DIAGNOSTIC: {"context":"joint review/fist/LeftSupportArm","join":{"maximum_actual_nearest_outer_gap_m":0.00218775631954744,"maximum_cuff_surface_shift_m":0.00000000619522033673547,"maximum_fit_added_gap_m":0.00000000478758011013269,"maximum_posed_correspondence_gap_m":0.0027036932297051,"maximum_same_finger_pose_fixed_cuff_gap_m":0.0027036948595196,"maximum_skin_boundary_motion_m":0.00287466193549335,"maximum_source_gap_m":0.000401482597226277,"passed":false,"sample_count":118,"skin_proximal_z_m":0.0206967554986477,"support_triangles_outside_fixed_span":0}}
SKIN CUFF JOIN DIAGNOSTIC: {"context":"joint review/fist/RightRelaxedArm","join":{"maximum_actual_nearest_outer_gap_m":0.00220413621876989,"maximum_cuff_surface_shift_m":0.00000000619522033673547,"maximum_fit_added_gap_m":0.00000000478758011013269,"maximum_posed_correspondence_gap_m":0.00272544869221747,"maximum_same_finger_pose_fixed_cuff_gap_m":0.00272545008920133,"maximum_skin_boundary_motion_m":0.00289386115036905,"maximum_source_gap_m":0.000404743535909802,"passed":false,"sample_count":116,"skin_proximal_z_m":0.0206967554986477,"support_triangles_outside_fixed_span":0}}
ERROR: full thumb flexion must retain the actual skin-to-cuff join: -1 {"maximum_actual_nearest_outer_gap_m":0.00218775631954744,"maximum_cuff_surface_shift_m":0.0000000134317250655158,"maximum_fit_added_gap_m":0.0000000105064827948809,"maximum_posed_correspondence_gap_m":0.00270369555801153,"maximum_same_finger_pose_fixed_cuff_gap_m":0.00270369625650346,"maximum_skin_boundary_motion_m":0.00287466356530786,"maximum_source_gap_m":0.000401482597226277,"passed":false,"sample_count":118,"skin_proximal_z_m":0.0206967554986477,"support_triangles_outside_fixed_span":0}
   at: push_error (core/variant/variant_utility.cpp:1023)
   GDScript backtrace (most recent call first):
       [0] _run (res://tests/player_finger_joints_test.gd:26)
ERROR: full thumb flexion must retain the actual skin-to-cuff join: 1 {"maximum_actual_nearest_outer_gap_m":0.00220413673455845,"maximum_cuff_surface_shift_m":0.0000000134317250655158,"maximum_fit_added_gap_m":0.0000000105355866253376,"maximum_posed_correspondence_gap_m":0.00272545078769326,"maximum_same_finger_pose_fixed_cuff_gap_m":0.00272545171901584,"maximum_skin_boundary_motion_m":0.00289386254735291,"maximum_source_gap_m":0.000404743535909802,"passed":false,"sample_count":116,"skin_proximal_z_m":0.0206967554986477,"support_triangles_outside_fixed_span":0}
   at: push_error (core/variant/variant_utility.cpp:1023)
   GDScript backtrace (most recent call first):
       [0] _run (res://tests/player_finger_joints_test.gd:26)
ERROR: preview must inspect the actual joint/gameplay state: roots
   at: push_error (core/variant/variant_utility.cpp:1023)
   GDScript backtrace (most recent call first):
       [0] _run (res://tests/player_finger_joints_test.gd:26)
ERROR: preview must inspect the actual joint/gameplay state: fist
   at: push_error (core/variant/variant_utility.cpp:1023)
   GDScript backtrace (most recent call first):
       [0] _run (res://tests/player_finger_joints_test.gd:26)
ERROR: actual posed skin and cuff outer surface must remain joined: joint review/fist/LeftSupportArm {"maximum_actual_nearest_outer_gap_m":0.00218775631954744,"maximum_cuff_surface_shift_m":0.00000000619522033673547,"maximum_fit_added_gap_m":0.00000000478758011013269,"maximum_posed_correspondence_gap_m":0.0027036932297051,"maximum_same_finger_pose_fixed_cuff_gap_m":0.0027036948595196,"maximum_skin_boundary_motion_m":0.00287466193549335,"maximum_source_gap_m":0.000401482597226277,"passed":false,"sample_count":118,"skin_proximal_z_m":0.0206967554986477,"support_triangles_outside_fixed_span":0}
   at: push_error (core/variant/variant_utility.cpp:1023)
   GDScript backtrace (most recent call first):
       [0] _run (res://tests/player_finger_joints_test.gd:26)
ERROR: actual posed skin and cuff outer surface must remain joined: joint review/fist/RightRelaxedArm {"maximum_actual_nearest_outer_gap_m":0.00220413621876989,"maximum_cuff_surface_shift_m":0.00000000619522033673547,"maximum_fit_added_gap_m":0.00000000478758011013269,"maximum_posed_correspondence_gap_m":0.00272544869221747,"maximum_same_finger_pose_fixed_cuff_gap_m":0.00272545008920133,"maximum_skin_boundary_motion_m":0.00289386115036905,"maximum_source_gap_m":0.000404743535909802,"passed":false,"sample_count":116,"skin_proximal_z_m":0.0206967554986477,"support_triangles_outside_fixed_span":0}
   at: push_error (core/variant/variant_utility.cpp:1023)
   GDScript backtrace (most recent call first):
       [0] _run (res://tests/player_finger_joints_test.gd:26)
PLAYER FINGER JOINTS FAIL: thirty independent local joints, actual localized morph and weighted skin, rigid nails, limits/reset, bow/chest linkage, real controls and isolated F2/repeat/switch/reset/exit
WARNING: 2 ObjectDB instances were leaked at exit (run with `--verbose` for details).
   at: cleanup (core/object/object.cpp:2535)
[HEADLESS] player_hands_detailed_test.gd
PBR CUFF SOURCE FRAME: WristCuff_Surface_001/0/Detailed_Skin; 4886 imported frames, 8704 UV-derivative comparisons, signed U/normal-map-Y min=(0.990037, 0.867563); no runtime tangent fallback
SKIN CUFF JOIN DIAGNOSTIC: {"context":"source rest/-1","join":{"maximum_actual_nearest_outer_gap_m":0.000401859289077017,"maximum_cuff_surface_shift_m":0.00000000671586253275791,"maximum_fit_added_gap_m":0.000000000349245965480804,"maximum_posed_correspondence_gap_m":0.000401859637349844,"maximum_same_finger_pose_fixed_cuff_gap_m":0.000401864643208683,"maximum_skin_boundary_motion_m":0.000000559060481464257,"maximum_source_gap_m":0.000401486759074032,"passed":true,"sample_count":118,"skin_proximal_z_m":0.0206967517733574,"support_triangles_outside_fixed_span":0}}
SKIN CUFF JOIN DIAGNOSTIC: {"context":"fitted arm/-1","join":{"maximum_actual_nearest_outer_gap_m":0.00125494965916958,"maximum_cuff_surface_shift_m":0.00000000671586253275791,"maximum_fit_added_gap_m":0.00000000570435076951981,"maximum_posed_correspondence_gap_m":0.00159388547763228,"maximum_same_finger_pose_fixed_cuff_gap_m":0.00159388163592666,"maximum_skin_boundary_motion_m":0.00177592120599002,"maximum_source_gap_m":0.000401486759074032,"passed":false,"sample_count":118,"skin_proximal_z_m":0.0206967517733574,"support_triangles_outside_fixed_span":0}}
SKIN CUFF JOIN DIAGNOSTIC: {"context":"reset arm/-1","join":{"maximum_actual_nearest_outer_gap_m":0.000401859289077017,"maximum_cuff_surface_shift_m":0.00000000671586253275791,"maximum_fit_added_gap_m":0.000000000349245965480804,"maximum_posed_correspondence_gap_m":0.000401859637349844,"maximum_same_finger_pose_fixed_cuff_gap_m":0.000401864643208683,"maximum_skin_boundary_motion_m":0.000000559060481464257,"maximum_source_gap_m":0.000401486759074032,"passed":true,"sample_count":118,"skin_proximal_z_m":0.0206967517733574,"support_triangles_outside_fixed_span":0}}
PBR CUFF SOURCE FRAME: WristCuff_001_Surface_001/0/Detailed_Skin; 4952 imported frames, 8704 UV-derivative comparisons, signed U/normal-map-Y min=(0.986378, 0.850779); no runtime tangent fallback
SKIN CUFF JOIN DIAGNOSTIC: {"context":"source rest/1","join":{"maximum_actual_nearest_outer_gap_m":0.00040511878771558,"maximum_cuff_surface_shift_m":0.00000000671586253275791,"maximum_fit_added_gap_m":0.000000000320142135024071,"maximum_posed_correspondence_gap_m":0.000405118073103949,"maximum_same_finger_pose_fixed_cuff_gap_m":0.000405123078962788,"maximum_skin_boundary_motion_m":0.000000559727197924076,"maximum_source_gap_m":0.000404747552238405,"passed":true,"sample_count":116,"skin_proximal_z_m":0.0206967517733574,"support_triangles_outside_fixed_span":0}}
SKIN CUFF JOIN DIAGNOSTIC: {"context":"fitted arm/1","join":{"maximum_actual_nearest_outer_gap_m":0.00126102595420506,"maximum_cuff_surface_shift_m":0.00000000671586253275791,"maximum_fit_added_gap_m":0.00000000570435076951981,"maximum_posed_correspondence_gap_m":0.00161555351223797,"maximum_same_finger_pose_fixed_cuff_gap_m":0.00161554978694767,"maximum_skin_boundary_motion_m":0.00178976589813828,"maximum_source_gap_m":0.000404747552238405,"passed":false,"sample_count":116,"skin_proximal_z_m":0.0206967517733574,"support_triangles_outside_fixed_span":0}}
SKIN CUFF JOIN DIAGNOSTIC: {"context":"reset arm/1","join":{"maximum_actual_nearest_outer_gap_m":0.00040511878771558,"maximum_cuff_surface_shift_m":0.00000000671586253275791,"maximum_fit_added_gap_m":0.000000000320142135024071,"maximum_posed_correspondence_gap_m":0.000405118073103949,"maximum_same_finger_pose_fixed_cuff_gap_m":0.000405123078962788,"maximum_skin_boundary_motion_m":0.000000559727197924076,"maximum_source_gap_m":0.000404747552238405,"passed":true,"sample_count":116,"skin_proximal_z_m":0.0206967517733574,"support_triangles_outside_fixed_span":0}}
SKIN CUFF JOIN DIAGNOSTIC: {"context":"free_hands/LeftSupportArm","join":{"maximum_actual_nearest_outer_gap_m":0.000533831284451365,"maximum_cuff_surface_shift_m":0.00000000696938018407423,"maximum_fit_added_gap_m":0.00000000382715370506048,"maximum_posed_correspondence_gap_m":0.000542969501111656,"maximum_same_finger_pose_fixed_cuff_gap_m":0.000542972644325346,"maximum_skin_boundary_motion_m":0.000516614119987935,"maximum_source_gap_m":0.000401486759074032,"passed":true,"sample_count":118,"skin_proximal_z_m":0.0206967517733574,"support_triangles_outside_fixed_span":0}}
SKIN CUFF JOIN DIAGNOSTIC: {"context":"free_hands/RightRelaxedArm","join":{"maximum_actual_nearest_outer_gap_m":0.000554137993709364,"maximum_cuff_surface_shift_m":0.00000000335793126637896,"maximum_fit_added_gap_m":0.000000000960426405072212,"maximum_posed_correspondence_gap_m":0.000555085425730795,"maximum_same_finger_pose_fixed_cuff_gap_m":0.000555086357053369,"maximum_skin_boundary_motion_m":0.000520067871548235,"maximum_source_gap_m":0.000404747552238405,"passed":true,"sample_count":116,"skin_proximal_z_m":0.0206967517733574,"support_triangles_outside_fixed_span":0}}
SKIN CUFF JOIN DIAGNOSTIC: {"context":"bow_draw/LeftSupportArm","join":{"maximum_actual_nearest_outer_gap_m":0.000846755726056025,"maximum_cuff_surface_shift_m":0.00000000570791325316122,"maximum_fit_added_gap_m":0.00000000558793544769287,"maximum_posed_correspondence_gap_m":0.00103751476854086,"maximum_same_finger_pose_fixed_cuff_gap_m":0.00103751092683524,"maximum_skin_boundary_motion_m":0.00125051697250456,"maximum_source_gap_m":0.000401486759074032,"passed":true,"sample_count":118,"skin_proximal_z_m":0.0206967517733574,"support_triangles_outside_fixed_span":0}}
SKIN CUFF JOIN DIAGNOSTIC: {"context":"bow_draw/CharacterArm","join":{"maximum_actual_nearest_outer_gap_m":0.000455736131714429,"maximum_cuff_surface_shift_m":0.00000000790253373850192,"maximum_fit_added_gap_m":0.00000000730506144464016,"maximum_posed_correspondence_gap_m":0.000456320558441803,"maximum_same_finger_pose_fixed_cuff_gap_m":0.000456316804047674,"maximum_skin_boundary_motion_m":0.000346921849995852,"maximum_source_gap_m":0.000404747552238405,"passed":true,"sample_count":116,"skin_proximal_z_m":0.0206967517733574,"support_triangles_outside_fixed_span":0}}
SKIN CUFF JOIN DIAGNOSTIC: {"context":"bow_release/LeftSupportArm","join":{"maximum_actual_nearest_outer_gap_m":0.000846753879956052,"maximum_cuff_surface_shift_m":0.00000000186264514923096,"maximum_fit_added_gap_m":0.00000000186264514923096,"maximum_posed_correspondence_gap_m":0.00103751278948039,"maximum_same_finger_pose_fixed_cuff_gap_m":0.00103751278948039,"maximum_skin_boundary_motion_m":0.00125051871873438,"maximum_source_gap_m":0.000401486759074032,"passed":true,"sample_count":118,"skin_proximal_z_m":0.0206967517733574,"support_triangles_outside_fixed_span":0}}
SKIN CUFF JOIN DIAGNOSTIC: {"context":"bow_release/CharacterArm","join":{"maximum_actual_nearest_outer_gap_m":0.000455734307552141,"maximum_cuff_surface_shift_m":0.00000000439303970978244,"maximum_fit_added_gap_m":0.00000000395812094211578,"maximum_posed_correspondence_gap_m":0.000456318783108145,"maximum_same_finger_pose_fixed_cuff_gap_m":0.000456317531643435,"maximum_skin_boundary_motion_m":0.000346923305187374,"maximum_source_gap_m":0.000404747552238405,"passed":true,"sample_count":116,"skin_proximal_z_m":0.0206967517733574,"support_triangles_outside_fixed_span":0}}
SKIN CUFF JOIN DIAGNOSTIC: {"context":"chest_touch/CharacterArm","join":{"maximum_actual_nearest_outer_gap_m":0.000773030431038799,"maximum_cuff_surface_shift_m":0.00000000263417798684884,"maximum_fit_added_gap_m":0.000000000291038304567337,"maximum_posed_correspondence_gap_m":0.000881031388416886,"maximum_same_finger_pose_fixed_cuff_gap_m":0.000881031563039869,"maximum_skin_boundary_motion_m":0.00100082322023809,"maximum_source_gap_m":0.000401486759074032,"passed":true,"sample_count":118,"skin_proximal_z_m":0.0206967517733574,"support_triangles_outside_fixed_span":0}}
SKIN CUFF JOIN DIAGNOSTIC: {"context":"chest_touch/CharacterArm","join":{"maximum_actual_nearest_outer_gap_m":0.000559602231733046,"maximum_cuff_surface_shift_m":0.0,"maximum_fit_added_gap_m":0.0,"maximum_posed_correspondence_gap_m":0.000560573535040021,"maximum_same_finger_pose_fixed_cuff_gap_m":0.000560573535040021,"maximum_skin_boundary_motion_m":0.000529690994881094,"maximum_source_gap_m":0.000404747552238405,"passed":true,"sample_count":116,"skin_proximal_z_m":0.0206967517733574,"support_triangles_outside_fixed_span":0}}
SKIN CUFF JOIN DIAGNOSTIC: {"context":"chest_lift/CharacterArm","join":{"maximum_actual_nearest_outer_gap_m":0.000853253662005704,"maximum_cuff_surface_shift_m":0.00000000671586253275791,"maximum_fit_added_gap_m":0.00000000580621417611837,"maximum_posed_correspondence_gap_m":0.00100864749401808,"maximum_same_finger_pose_fixed_cuff_gap_m":0.00100864632986486,"maximum_skin_boundary_motion_m":0.00114212045446038,"maximum_source_gap_m":0.000401486759074032,"passed":true,"sample_count":118,"skin_proximal_z_m":0.0206967517733574,"support_triangles_outside_fixed_span":0}}
SKIN CUFF JOIN DIAGNOSTIC: {"context":"chest_lift/CharacterArm","join":{"maximum_actual_nearest_outer_gap_m":0.000908518139098277,"maximum_cuff_surface_shift_m":0.00000000671586253275791,"maximum_fit_added_gap_m":0.00000000577711034566164,"maximum_posed_correspondence_gap_m":0.00101376953534782,"maximum_same_finger_pose_fixed_cuff_gap_m":0.00101376825477928,"maximum_skin_boundary_motion_m":0.00114974891766906,"maximum_source_gap_m":0.000404747552238405,"passed":true,"sample_count":116,"skin_proximal_z_m":0.0206967517733574,"support_triangles_outside_fixed_span":0}}
ERROR: actual posed skin and cuff outer surface must remain joined: fitted arm/-1 {"maximum_actual_nearest_outer_gap_m":0.00125494965916958,"maximum_cuff_surface_shift_m":0.00000000671586253275791,"maximum_fit_added_gap_m":0.00000000570435076951981,"maximum_posed_correspondence_gap_m":0.00159388547763228,"maximum_same_finger_pose_fixed_cuff_gap_m":0.00159388163592666,"maximum_skin_boundary_motion_m":0.00177592120599002,"maximum_source_gap_m":0.000401486759074032,"passed":false,"sample_count":118,"skin_proximal_z_m":0.0206967517733574,"support_triangles_outside_fixed_span":0}
   at: push_error (core/variant/variant_utility.cpp:1023)
   GDScript backtrace (most recent call first):
       [0] _run (res://tests/player_hands_detailed_test.gd:22)
ERROR: actual posed skin and cuff outer surface must remain joined: fitted arm/1 {"maximum_actual_nearest_outer_gap_m":0.00126102595420506,"maximum_cuff_surface_shift_m":0.00000000671586253275791,"maximum_fit_added_gap_m":0.00000000570435076951981,"maximum_posed_correspondence_gap_m":0.00161555351223797,"maximum_same_finger_pose_fixed_cuff_gap_m":0.00161554978694767,"maximum_skin_boundary_motion_m":0.00178976589813828,"maximum_source_gap_m":0.000404747552238405,"passed":false,"sample_count":116,"skin_proximal_z_m":0.0206967517733574,"support_triangles_outside_fixed_span":0}
   at: push_error (core/variant/variant_utility.cpp:1023)
   GDScript backtrace (most recent call first):
       [0] _run (res://tests/player_hands_detailed_test.gd:22)
ERROR: elastic fitting must preserve the outside and perpendicular width while compressing the inside monotonically within its allowed depth: chest_touch/CharacterArm max_error=0.00000002843204 invalid=0 min_inner_scale=0.43950887125519
   at: push_error (core/variant/variant_utility.cpp:1023)
   GDScript backtrace (most recent call first):
       [0] _run (res://tests/player_hands_detailed_test.gd:22)
PLAYER HANDS DETAILED FAIL: bilateral imported skin and handedness, real finger deformation, free/bow/chest gameplay, render layers, default fidelity and isolated F2/repeat/switch/reset/exit
WARNING: 2 ObjectDB instances were leaked at exit (run with `--verbose` for details).
   at: cleanup (core/object/object.cpp:2535)
[HEADLESS] player_hands_greybox_test.gd
PLAYER HANDS GREYBOX PASS: bilateral imported skin and handedness, real finger deformation, free/bow/chest gameplay, render layers, default fidelity and isolated F2/repeat/switch/reset/exit
WARNING: 2 ObjectDB instances were leaked at exit (run with `--verbose` for details).
   at: cleanup (core/object/object.cpp:2535)
[HEADLESS] player_arm_test.gd
PLAYER ARM PASS: full-body GLB/atlas sharing, articulated grip and wrist-preserving arm fit, actual combat/bow/chest preview paths, trial hits and contacts, F2/repeat/reset and expedition restoration
WARNING: 2 ObjectDB instances were leaked at exit (run with `--verbose` for details).
   at: cleanup (core/object/object.cpp:2535)
[HEADLESS] weapon_hand_contacts_test.gd
WEAPON HAND CONTACTS PASS: real bow grip/string/nock/rest, fixed cord length, draw cache, transformed contacts, slim arrow and forked nock, flail chain/ball continuity and state isolation
[HEADLESS] chest_hands_test.gd
CHEST HANDS PASS: real stow/reach/fidget/lift phases, articulated fingers, synced lid, container hold/restore, all loadouts/full bag, cancellation, pause/scaled timing and scene cleanup
[HEADLESS] test_room_session_test.gd
TEST ROOM SESSION TEST PASS: inventory identity, stress accumulation/recovery isolation, camping supplies, bow and arrows, chain flail, wallet, deep stock copies, needs, ailments, magic, and unstarted-session restoration

Headless validation: 5 passed, 2 failed.
FAILED: player_finger_joints_test.gd (1)
FAILED: player_hands_detailed_test.gd (1)
