[HEADLESS] player_finger_joints_test.gd
JOINT GEOMETRY DIAGNOSTIC: {"axial_extent_m":0.0164072290062904,"axial_limit_m":0.018,"changed_vertices":276,"context":"-1/little0","maximum_delta_m":0.000162402066052891,"mixed_web_vertices_changed":17,"skin_section_radius_m":0.019651522859931,"skin_section_samples":110,"unrelated_maximum_delta_m":0.0,"unrelated_vertices_changed":0}
JOINT GEOMETRY DIAGNOSTIC: {"axial_extent_m":0.0136727839708328,"axial_limit_m":0.017,"changed_vertices":329,"context":"-1/little1","maximum_delta_m":0.000372064881958067,"mixed_web_vertices_changed":0,"skin_section_radius_m":0.0166562777012587,"skin_section_samples":149,"unrelated_maximum_delta_m":0.0,"unrelated_vertices_changed":0}
JOINT GEOMETRY DIAGNOSTIC: {"axial_extent_m":0.00878481566905975,"axial_limit_m":0.0142,"changed_vertices":199,"context":"-1/little2","maximum_delta_m":0.000263671739958227,"mixed_web_vertices_changed":0,"skin_section_radius_m":0.0107546122744679,"skin_section_samples":153,"unrelated_maximum_delta_m":0.0,"unrelated_vertices_changed":0}
JOINT GEOMETRY DIAGNOSTIC: {"axial_extent_m":0.0167653635144234,"axial_limit_m":0.018,"changed_vertices":222,"context":"-1/ring0","maximum_delta_m":0.000145854617585428,"mixed_web_vertices_changed":46,"skin_section_radius_m":0.0229951478540897,"skin_section_samples":80,"unrelated_maximum_delta_m":0.0,"unrelated_vertices_changed":0}
JOINT GEOMETRY DIAGNOSTIC: {"axial_extent_m":0.0162003263831139,"axial_limit_m":0.017,"changed_vertices":341,"context":"-1/ring1","maximum_delta_m":0.000406986655434594,"mixed_web_vertices_changed":0,"skin_section_radius_m":0.0184559430927038,"skin_section_samples":130,"unrelated_maximum_delta_m":0.0,"unrelated_vertices_changed":0}
JOINT GEOMETRY DIAGNOSTIC: {"axial_extent_m":0.00874565541744232,"axial_limit_m":0.0142,"changed_vertices":227,"context":"-1/ring2","maximum_delta_m":0.000245191011345014,"mixed_web_vertices_changed":0,"skin_section_radius_m":0.0108715435490012,"skin_section_samples":157,"unrelated_maximum_delta_m":0.0,"unrelated_vertices_changed":0}
JOINT GEOMETRY DIAGNOSTIC: {"axial_extent_m":0.0175951272249222,"axial_limit_m":0.018,"changed_vertices":267,"context":"-1/middle0","maximum_delta_m":0.000157696049427614,"mixed_web_vertices_changed":108,"skin_section_radius_m":0.0287267100065947,"skin_section_samples":64,"unrelated_maximum_delta_m":0.0,"unrelated_vertices_changed":0}
JOINT GEOMETRY DIAGNOSTIC: {"axial_extent_m":0.0149735957384109,"axial_limit_m":0.017,"changed_vertices":293,"context":"-1/middle1","maximum_delta_m":0.000386924773920327,"mixed_web_vertices_changed":0,"skin_section_radius_m":0.0165914446115494,"skin_section_samples":137,"unrelated_maximum_delta_m":0.0,"unrelated_vertices_changed":0}
JOINT GEOMETRY DIAGNOSTIC: {"axial_extent_m":0.00862705707550049,"axial_limit_m":0.0142,"changed_vertices":183,"context":"-1/middle2","maximum_delta_m":0.000199142406927422,"mixed_web_vertices_changed":0,"skin_section_radius_m":0.0112321190536022,"skin_section_samples":141,"unrelated_maximum_delta_m":0.0,"unrelated_vertices_changed":0}
JOINT GEOMETRY DIAGNOSTIC: {"axial_extent_m":0.0154251381754875,"axial_limit_m":0.018,"changed_vertices":337,"context":"-1/index0","maximum_delta_m":0.000137390787131153,"mixed_web_vertices_changed":36,"skin_section_radius_m":0.0224830452352762,"skin_section_samples":138,"unrelated_maximum_delta_m":0.0,"unrelated_vertices_changed":0}
JOINT GEOMETRY DIAGNOSTIC: {"axial_extent_m":0.0133384317159653,"axial_limit_m":0.017,"changed_vertices":383,"context":"-1/index1","maximum_delta_m":0.000338430574629456,"mixed_web_vertices_changed":0,"skin_section_radius_m":0.0159834083169699,"skin_section_samples":179,"unrelated_maximum_delta_m":0.0,"unrelated_vertices_changed":0}
JOINT GEOMETRY DIAGNOSTIC: {"axial_extent_m":0.00852003693580627,"axial_limit_m":0.0142,"changed_vertices":205,"context":"-1/index2","maximum_delta_m":0.000211351565667428,"mixed_web_vertices_changed":0,"skin_section_radius_m":0.0114332875236869,"skin_section_samples":147,"unrelated_maximum_delta_m":0.0,"unrelated_vertices_changed":0}
JOINT GEOMETRY DIAGNOSTIC: {"axial_extent_m":0.0170143153518438,"axial_limit_m":0.018,"changed_vertices":170,"context":"-1/thumb0","maximum_delta_m":0.0000646974440314807,"mixed_web_vertices_changed":1,"skin_section_radius_m":0.0298740770667791,"skin_section_samples":77,"unrelated_maximum_delta_m":0.0,"unrelated_vertices_changed":0}
JOINT GEOMETRY DIAGNOSTIC: {"axial_extent_m":0.0203381925821304,"axial_limit_m":0.023,"changed_vertices":461,"context":"-1/thumb1","maximum_delta_m":0.000336455763317645,"mixed_web_vertices_changed":70,"skin_section_radius_m":0.0263627115637064,"skin_section_samples":169,"unrelated_maximum_delta_m":0.0,"unrelated_vertices_changed":0}
JOINT GEOMETRY DIAGNOSTIC: {"axial_extent_m":0.0161756426095963,"axial_limit_m":0.017,"changed_vertices":267,"context":"-1/thumb2","maximum_delta_m":0.000222490300075151,"mixed_web_vertices_changed":0,"skin_section_radius_m":0.0201842542737722,"skin_section_samples":139,"unrelated_maximum_delta_m":0.0,"unrelated_vertices_changed":0}
JOINT GEOMETRY DIAGNOSTIC: {"axial_extent_m":0.0163982063531876,"axial_limit_m":0.018,"changed_vertices":269,"context":"1/little0","maximum_delta_m":0.00016248450265266,"mixed_web_vertices_changed":13,"skin_section_radius_m":0.0196454040706158,"skin_section_samples":101,"unrelated_maximum_delta_m":0.0,"unrelated_vertices_changed":0}
JOINT GEOMETRY DIAGNOSTIC: {"axial_extent_m":0.0136722028255463,"axial_limit_m":0.017,"changed_vertices":322,"context":"1/little1","maximum_delta_m":0.000372700276784599,"mixed_web_vertices_changed":0,"skin_section_radius_m":0.0166565403342247,"skin_section_samples":147,"unrelated_maximum_delta_m":0.0,"unrelated_vertices_changed":0}
JOINT GEOMETRY DIAGNOSTIC: {"axial_extent_m":0.00877846777439117,"axial_limit_m":0.0142,"changed_vertices":193,"context":"1/little2","maximum_delta_m":0.000263065361650661,"mixed_web_vertices_changed":0,"skin_section_radius_m":0.0107550621032715,"skin_section_samples":145,"unrelated_maximum_delta_m":0.0,"unrelated_vertices_changed":0}
JOINT GEOMETRY DIAGNOSTIC: {"axial_extent_m":0.0160758718848228,"axial_limit_m":0.018,"changed_vertices":233,"context":"1/ring0","maximum_delta_m":0.0001437445753254,"mixed_web_vertices_changed":58,"skin_section_radius_m":0.0222747549414635,"skin_section_samples":81,"unrelated_maximum_delta_m":0.0,"unrelated_vertices_changed":0}
JOINT GEOMETRY DIAGNOSTIC: {"axial_extent_m":0.0161494836211205,"axial_limit_m":0.017,"changed_vertices":325,"context":"1/ring1","maximum_delta_m":0.000401574885472655,"mixed_web_vertices_changed":0,"skin_section_radius_m":0.0180603079497814,"skin_section_samples":121,"unrelated_maximum_delta_m":0.0,"unrelated_vertices_changed":0}
JOINT GEOMETRY DIAGNOSTIC: {"axial_extent_m":0.00882752239704132,"axial_limit_m":0.0142,"changed_vertices":234,"context":"1/ring2","maximum_delta_m":0.000245224771788344,"mixed_web_vertices_changed":0,"skin_section_radius_m":0.0108851129189134,"skin_section_samples":166,"unrelated_maximum_delta_m":0.0,"unrelated_vertices_changed":0}
JOINT GEOMETRY DIAGNOSTIC: {"axial_extent_m":0.0171405673027039,"axial_limit_m":0.018,"changed_vertices":249,"context":"1/middle0","maximum_delta_m":0.000156108668306842,"mixed_web_vertices_changed":83,"skin_section_radius_m":0.0269590876996517,"skin_section_samples":60,"unrelated_maximum_delta_m":0.0,"unrelated_vertices_changed":0}
JOINT GEOMETRY DIAGNOSTIC: {"axial_extent_m":0.014973446726799,"axial_limit_m":0.017,"changed_vertices":283,"context":"1/middle1","maximum_delta_m":0.000385650579119101,"mixed_web_vertices_changed":0,"skin_section_radius_m":0.0165913365781307,"skin_section_samples":126,"unrelated_maximum_delta_m":0.0,"unrelated_vertices_changed":0}
JOINT GEOMETRY DIAGNOSTIC: {"axial_extent_m":0.00862693786621094,"axial_limit_m":0.0142,"changed_vertices":172,"context":"1/middle2","maximum_delta_m":0.000199161600903608,"mixed_web_vertices_changed":0,"skin_section_radius_m":0.0112316142767668,"skin_section_samples":128,"unrelated_maximum_delta_m":0.0,"unrelated_vertices_changed":0}
JOINT GEOMETRY DIAGNOSTIC: {"axial_extent_m":0.0158917158842087,"axial_limit_m":0.018,"changed_vertices":375,"context":"1/index0","maximum_delta_m":0.000137243943754584,"mixed_web_vertices_changed":35,"skin_section_radius_m":0.0225068386644125,"skin_section_samples":142,"unrelated_maximum_delta_m":0.0,"unrelated_vertices_changed":0}
JOINT GEOMETRY DIAGNOSTIC: {"axial_extent_m":0.0133397281169891,"axial_limit_m":0.017,"changed_vertices":389,"context":"1/index1","maximum_delta_m":0.000337723322445527,"mixed_web_vertices_changed":0,"skin_section_radius_m":0.0158631391823292,"skin_section_samples":191,"unrelated_maximum_delta_m":0.0,"unrelated_vertices_changed":0}
JOINT GEOMETRY DIAGNOSTIC: {"axial_extent_m":0.0085185170173645,"axial_limit_m":0.0142,"changed_vertices":195,"context":"1/index2","maximum_delta_m":0.000211487858905457,"mixed_web_vertices_changed":0,"skin_section_radius_m":0.0114328805357218,"skin_section_samples":140,"unrelated_maximum_delta_m":0.0,"unrelated_vertices_changed":0}
JOINT GEOMETRY DIAGNOSTIC: {"axial_extent_m":0.0170431286096573,"axial_limit_m":0.018,"changed_vertices":169,"context":"1/thumb0","maximum_delta_m":0.0000644458195893094,"mixed_web_vertices_changed":2,"skin_section_radius_m":0.0298728235065937,"skin_section_samples":86,"unrelated_maximum_delta_m":0.0,"unrelated_vertices_changed":0}
JOINT GEOMETRY DIAGNOSTIC: {"axial_extent_m":0.0219923928380013,"axial_limit_m":0.023,"changed_vertices":479,"context":"1/thumb1","maximum_delta_m":0.000326751702232286,"mixed_web_vertices_changed":43,"skin_section_radius_m":0.0263345185667276,"skin_section_samples":183,"unrelated_maximum_delta_m":0.0,"unrelated_vertices_changed":0}
JOINT GEOMETRY DIAGNOSTIC: {"axial_extent_m":0.0161300003528595,"axial_limit_m":0.017,"changed_vertices":249,"context":"1/thumb2","maximum_delta_m":0.000219188863411546,"mixed_web_vertices_changed":0,"skin_section_radius_m":0.0202164743095636,"skin_section_samples":122,"unrelated_maximum_delta_m":0.0,"unrelated_vertices_changed":0}
PLAYER FINGER JOINTS PASS: thirty independent local joints, actual localized morph and weighted skin, rigid nails, limits/reset, bow/chest linkage, real controls and isolated F2/repeat/switch/reset/exit
WARNING: 2 ObjectDB instances were leaked at exit (run with `--verbose` for details).
   at: cleanup (core/object/object.cpp:2535)
[HEADLESS] player_hands_detailed_test.gd
PBR CUFF SOURCE FRAME: WristCuff_Surface_001/0/Detailed_Skin; 4886 imported frames, 8704 UV-derivative comparisons, signed U/normal-map-Y min=(0.990037, 0.867563); no runtime tangent fallback
PBR CUFF SOURCE FRAME: WristCuff_001_Surface_001/0/Detailed_Skin; 4952 imported frames, 8704 UV-derivative comparisons, signed U/normal-map-Y min=(0.986378, 0.850779); no runtime tangent fallback
PLAYER HANDS DETAILED PASS: bilateral imported skin and handedness, real finger deformation, free/bow/chest gameplay, render layers, default fidelity and isolated F2/repeat/switch/reset/exit
WARNING: 2 ObjectDB instances were leaked at exit (run with `--verbose` for details).
   at: cleanup (core/object/object.cpp:2535)
[HEADLESS] player_hands_greybox_test.gd
PLAYER HANDS GREYBOX PASS: bilateral imported skin and handedness, real finger deformation, free/bow/chest gameplay, render layers, default fidelity and isolated F2/repeat/switch/reset/exit
WARNING: 2 ObjectDB instances were leaked at exit (run with `--verbose` for details).
   at: cleanup (core/object/object.cpp:2535)
[HEADLESS] player_arm_test.gd
PLAYER ARM PASS: full-body GLB/atlas sharing, articulated grip and wrist-preserving arm fit, actual combat/bow/chest preview paths, trial hits and contacts, F2/repeat/reset and expedition restoration
WARNING: 2 ObjectDB instances were leaked at exit (run with `--verbose` for details).
   at: cleanup (core/object/object.cpp:2535)
[HEADLESS] weapon_hand_contacts_test.gd
WEAPON HAND CONTACTS PASS: real bow grip/string/nock/rest, fixed cord length, draw cache, transformed contacts, slim arrow and forked nock, flail chain/ball continuity and state isolation
[HEADLESS] chest_hands_test.gd
CHEST HANDS PASS: real stow/reach/fidget/lift phases, articulated fingers, synced lid, container hold/restore, all loadouts/full bag, cancellation, pause/scaled timing and scene cleanup
[HEADLESS] test_room_session_test.gd
TEST ROOM SESSION TEST PASS: inventory identity, stress accumulation/recovery isolation, camping supplies, bow and arrows, chain flail, wallet, deep stock copies, needs, ailments, magic, and unstarted-session restoration

Headless validation: 7 passed, 0 failed.
