Godot Engine v4.7.stable.official.5b4e0cb0f - https://godotengine.org
Vulkan 1.2.334 - Forward+ - Using Device #0: Apple - Apple M4

Embedded window can't be resized.
PLAYER CAPTURE: /private/tmp/player-shoulder-import/artifacts/visual_qa/player_appearance/multiview_proportions_20260922/player_front.png
PLAYER CAPTURE: /private/tmp/player-shoulder-import/artifacts/visual_qa/player_appearance/multiview_proportions_20260922/player_three_quarter.png
PLAYER CAPTURE: /private/tmp/player-shoulder-import/artifacts/visual_qa/player_appearance/multiview_proportions_20260922/player_side.png
PLAYER CAPTURE: /private/tmp/player-shoulder-import/artifacts/visual_qa/player_appearance/multiview_proportions_20260922/player_back.png
PLAYER CAPTURE: /private/tmp/player-shoulder-import/artifacts/visual_qa/player_appearance/multiview_proportions_20260922/calibrated_front.png
PLAYER CAPTURE: /private/tmp/player-shoulder-import/artifacts/visual_qa/player_appearance/multiview_proportions_20260922/calibrated_front_clay.png
PLAYER CAPTURE: /private/tmp/player-shoulder-import/artifacts/visual_qa/player_appearance/multiview_proportions_20260922/calibrated_back.png
PLAYER CAPTURE: /private/tmp/player-shoulder-import/artifacts/visual_qa/player_appearance/multiview_proportions_20260922/calibrated_back_clay.png
PLAYER CAPTURE: /private/tmp/player-shoulder-import/artifacts/visual_qa/player_appearance/multiview_proportions_20260922/calibrated_right.png
PLAYER CAPTURE: /private/tmp/player-shoulder-import/artifacts/visual_qa/player_appearance/multiview_proportions_20260922/calibrated_right_clay.png
PLAYER CAPTURE: /private/tmp/player-shoulder-import/artifacts/visual_qa/player_appearance/multiview_proportions_20260922/calibrated_left.png
PLAYER CAPTURE: /private/tmp/player-shoulder-import/artifacts/visual_qa/player_appearance/multiview_proportions_20260922/calibrated_left_clay.png
PLAYER CAPTURE: /private/tmp/player-shoulder-import/artifacts/visual_qa/player_appearance/multiview_proportions_20260922/player_face_detail.png
PLAYER CAPTURE: /private/tmp/player-shoulder-import/artifacts/visual_qa/player_appearance/multiview_proportions_20260922/player_shoulder_form_front.png
PLAYER CAPTURE: /private/tmp/player-shoulder-import/artifacts/visual_qa/player_appearance/multiview_proportions_20260922/player_shoulder_form_front_clay.png
PLAYER CAPTURE: /private/tmp/player-shoulder-import/artifacts/visual_qa/player_appearance/multiview_proportions_20260922/player_shoulder_form_oblique.png
PLAYER CAPTURE: /private/tmp/player-shoulder-import/artifacts/visual_qa/player_appearance/multiview_proportions_20260922/player_shoulder_form_oblique_clay.png
PLAYER CAPTURE: /private/tmp/player-shoulder-import/artifacts/visual_qa/player_appearance/multiview_proportions_20260922/player_shoulder_form_side.png
PLAYER CAPTURE: /private/tmp/player-shoulder-import/artifacts/visual_qa/player_appearance/multiview_proportions_20260922/player_shoulder_form_side_clay.png
PLAYER CAPTURE: /private/tmp/player-shoulder-import/artifacts/visual_qa/player_appearance/multiview_proportions_20260922/player_shoulder_form_rear.png
PLAYER CAPTURE: /private/tmp/player-shoulder-import/artifacts/visual_qa/player_appearance/multiview_proportions_20260922/player_shoulder_form_rear_clay.png
PLAYER ANATOMY PREVIEW PASS: 21 actual-renderer captures
