Godot Engine v4.7.stable.official.5b4e0cb0f - https://godotengine.org

atack1 0.0 [(-0.128316, 1.566679, 0.158269), (0.0, 0.0, 0.0)]
atack1 0.05 [(-0.106853, 1.568769, 0.208903), (0.0, 0.0, 0.0)]
atack1 0.1 [(0.124982, 1.599083, 0.411813), (0.0, 0.0, 0.0)]
atack1 0.15 [(0.523842, 1.655525, 0.359804), (0.0, 0.0, 0.0)]
atack1 0.2 [(0.687176, 1.666824, 0.163329), (0.0, 0.0, 0.0)]
atack1 0.25 [(0.726891, 1.663273, -0.04706), (0.0, 0.0, 0.0)]
atack1 0.3 [(0.681817, 1.657524, -0.230704), (0.0, 0.0, 0.0)]
atack1 0.35 [(0.604672, 1.654148, -0.336538), (0.0, 0.0, 0.0)]
atack1 0.4 [(0.534541, 1.640298, -0.408475), (0.0, 0.0, 0.0)]
atack1 0.45 [(0.460948, 1.630025, -0.451773), (0.0, 0.0, 0.0)]
atack1 0.5 [(0.388938, 1.619523, -0.478149), (0.0, 0.0, 0.0)]
atack1 0.55 [(0.318656, 1.609266, -0.491146), (0.0, 0.0, 0.0)]
atack1 0.6 [(0.247094, 1.599771, -0.492755), (0.0, 0.0, 0.0)]
atack1 0.65 [(0.170722, 1.591502, -0.481929), (0.0, 0.0, 0.0)]
atack1 0.7 [(0.083324, 1.584586, -0.452963), (0.0, 0.0, 0.0)]
atack1 0.75 [(-0.022526, 1.579255, -0.388535), (0.0, 0.0, 0.0)]
atack1 0.8 [(-0.115756, 1.575331, -0.285845), (0.0, 0.0, 0.0)]
atack1 0.85 [(-0.172556, 1.572749, -0.162586), (0.0, 0.0, 0.0)]
atack1 0.9 [(-0.189791, 1.571084, -0.045065), (0.0, 0.0, 0.0)]
atack1 0.95 [(-0.183604, 1.570221, 0.034223), (0.0, 0.0, 0.0)]
atack1 1.0 [(-0.176884, 1.569825, 0.066856), (0.0, 0.0, 0.0)]
atack2 0.0 [(0.046404, 1.386374, 0.560801), (0.0, 0.0, 0.0)]
atack2 0.05 [(0.184262, 1.810644, 0.447182), (0.0, 0.0, 0.0)]
atack2 0.1 [(0.391339, 2.015623, 0.141125), (0.0, 0.0, 0.0)]
atack2 0.15 [(0.237604, 1.996244, -0.027308), (0.0, 0.0, 0.0)]
atack2 0.2 [(0.096327, 1.976649, -0.032734), (0.0, 0.0, 0.0)]
atack2 0.25 [(0.011731, 1.96132, 0.036996), (0.0, 0.0, 0.0)]
atack2 0.3 [(-0.011306, 1.947268, 0.082532), (0.0, 0.0, 0.0)]
atack2 0.35 [(-0.012657, 1.989565, 0.048168), (0.0, 0.0, 0.0)]
atack2 0.4 [(-0.001351, 2.037128, 0.01306), (0.0, 0.0, 0.0)]
atack2 0.45 [(0.15608, 2.110178, 0.006201), (0.0, 0.0, 0.0)]
atack2 0.5 [(0.506739, 2.076546, 0.364584), (0.0, 0.0, 0.0)]
atack2 0.55 [(0.210688, 1.590808, 1.027355), (0.0, 0.0, 0.0)]
atack2 0.6 [(-0.398921, 1.090389, 0.996681), (0.0, 0.0, 0.0)]
atack2 0.65 [(-0.469948, 1.029746, 0.949864), (0.0, 0.0, 0.0)]
atack2 0.7 [(-0.366174, 1.13862, 1.02604), (0.0, 0.0, 0.0)]
atack2 0.75 [(-0.208254, 1.31305, 1.063201), (0.0, 0.0, 0.0)]
atack2 0.8 [(-0.082094, 1.457026, 0.997397), (0.0, 0.0, 0.0)]
atack2 0.85 [(-0.018858, 1.492872, 0.868654), (0.0, 0.0, 0.0)]
atack2 0.9 [(0.016226, 1.4486, 0.728141), (0.0, 0.0, 0.0)]
atack2 0.95 [(0.037601, 1.401813, 0.610391), (0.0, 0.0, 0.0)]
atack2 1.0 [(0.046404, 1.386374, 0.560801), (0.0, 0.0, 0.0)]
atack3 0.0 [(0.046404, 1.386374, 0.560801), (0.0, 0.0, 0.0)]
atack3 0.05 [(0.06929, 1.411305, 0.561016), (0.0, 0.0, 0.0)]
atack3 0.1 [(0.132087, 1.495267, 0.551465), (0.0, 0.0, 0.0)]
atack3 0.15 [(0.212883, 1.621447, 0.501902), (0.0, 0.0, 0.0)]
atack3 0.2 [(0.277642, 1.761369, 0.397712), (0.0, 0.0, 0.0)]
atack3 0.25 [(0.302487, 1.881075, 0.261647), (0.0, 0.0, 0.0)]
atack3 0.3 [(0.282911, 1.973908, 0.099773), (0.0, 0.0, 0.0)]
atack3 0.35 [(0.171668, 2.047712, -0.079636), (0.0, 0.0, 0.0)]
atack3 0.4 [(-0.006637, 2.090262, -0.194698), (0.0, 0.0, 0.0)]
atack3 0.45 [(-0.157094, 2.10992, -0.257292), (0.0, 0.0, 0.0)]
atack3 0.5 [(-0.086992, 2.123909, -0.379077), (0.0, 0.0, 0.0)]
atack3 0.55 [(0.851547, 1.768995, 0.327611), (0.0, 0.0, 0.0)]
atack3 0.6 [(-0.349155, 0.940761, 1.107753), (0.0, 0.0, 0.0)]
atack3 0.65 [(-0.67594, 0.877662, 0.911827), (0.0, 0.0, 0.0)]
atack3 0.7 [(-0.579309, 0.995526, 0.997874), (0.0, 0.0, 0.0)]
atack3 0.75 [(-0.407695, 1.197221, 1.054446), (0.0, 0.0, 0.0)]
atack3 0.8 [(-0.253956, 1.367922, 0.994829), (0.0, 0.0, 0.0)]
atack3 0.85 [(-0.139648, 1.420148, 0.869877), (0.0, 0.0, 0.0)]
atack3 0.9 [(-0.04092, 1.401504, 0.731421), (0.0, 0.0, 0.0)]
atack3 0.95 [(0.02354, 1.386299, 0.612015), (0.0, 0.0, 0.0)]
atack3 1.0 [(0.046404, 1.386374, 0.560801), (0.0, 0.0, 0.0)]
