Godot Engine v4.7.stable.official.5b4e0cb0f - https://godotengine.org

FBX_RESULT 0
/root/@Node3D@2 Node3D
/root/@Node3D@2/group Node3D
/root/@Node3D@2/group/base_mesh_no_bones_group Node3D
/root/@Node3D@2/ork_Reference Node3D
/root/@Node3D@2/ork_Reference/Skeleton3D Skeleton3D
 bone 0 ork_Hips (0.013173, 0.978003, 0.068985)
 bone 1 ork_LeftUpLeg (0.128027, -0.071833, -0.03831)
 bone 2 ork_LeftLeg (0.055667, -0.305618, 0.07011)
 bone 3 ork_LeftFoot (0.027869, -0.502446, -0.151301)
 bone 4 ork_LeftToeBase (0.081679, -0.069232, 0.281248)
 bone 5 ork_RightUpLeg (-0.128027, -0.071833, -0.03831)
 bone 6 ork_RightLeg (-0.055667, -0.305618, 0.07011)
 bone 7 ork_RightFoot (-0.027869, -0.502446, -0.151301)
 bone 8 ork_RightToeBase (-0.081679, -0.069232, 0.281248)
 bone 9 ork_Spine (-0.0, 0.07, 0.0)
 bone 10 ork_toga_back_left_1 (0.056534, -0.01044, -0.159641)
 bone 11 ork_toga_back_left_2 (0.467178, -0.0, 0.0)
 bone 12 ork_toga_back_left_3 (0.110888, -0.0, 0.0)
 bone 13 ork_bottle_1 (0.167026, 0.101765, 0.124257)
 bone 14 ork_bottle_2 (0.233812, -0.0, -0.0)
 bone 15 ork_bottle_3 (0.08168, -0.0, -0.0)
 bone 16 ork_front_wood_1 (0.011711, -0.000994, 0.210111)
 bone 17 ork_front_wood_2 (-0.005201, -0.095623, 0.001251)
 bone 18 ork_front_wood_3 (-0.000498, -0.098822, -0.001868)
 bone 19 ork_front_wood_4 (-0.003965, -0.101187, 0.00161)
 bone 20 ork_front_wood_5 (-0.001658, -0.100419, -0.001644)
 bone 21 ork_front_toga_1 (0.005516, -0.005766, 0.186824)
 bone 22 ork_front_toga_2 (-0.00084, -0.096484, -0.003253)
 bone 23 ork_front_toga_3 (-0.001497, -0.1379, 0.008864)
 bone 24 ork_front_toga_4 (-0.001582, -0.10513, 0.001784)
 bone 25 ork_front_toga_5 (-0.009566, -0.250345, -0.045305)
 bone 26 ork_front_toga_6 (-0.002139, -0.107316, -0.003842)
 bone 27 ork_rope_1 (-0.130384, 0.009284, 0.212785)
 bone 28 ork_rope_2 (-0.020582, -0.169992, -0.017234)
 bone 29 ork_rope_3 (-0.034823, -0.145787, 0.017816)
 bone 30 ork_rope_4 (-0.029674, -0.157552, 0.090495)
 bone 31 ork_rope_5 (-0.144305, 0.08147, 0.21382)
 bone 32 ork_rope_6 (-0.040796, -0.145182, -0.016339)
 bone 33 ork_rope_7 (-0.046742, -0.199277, -0.009917)
 bone 34 ork_rope_8 (-0.073101, -0.172547, -0.018963)
 bone 35 ork_wooden_knife_1 (-0.219999, -0.037688, -0.052992)
 bone 36 ork_wooden_knife_2 (-0.027558, -0.064721, -0.008933)
 bone 37 ork_wooden_knife_3 (-0.026303, -0.099907, -0.026324)
 bone 38 ork_wooden_knife_4 (-0.037348, -0.089064, -0.025861)
 bone 39 ork_toga_frontleft_1 (0.245592, 0.008291, -0.002337)
 bone 40 ork_toga_frontleft_2 (0.341165, -0.031271, 0.037321)
 bone 41 ork_toga_frontleft_3 (0.201142, 0.0, 0.0)
 bone 42 ork_toga_frontleft_4 (0.186016, -0.048524, -0.01871)
 bone 43 ork_toga_left_1 (0.20505, 0.011302, -0.056964)
 bone 44 ork_toga_left_2 (0.288509, 0.0, 0.0)
 bone 45 ork_toga_left_3 (0.167856, -0.0, -0.0)
 bone 46 ork_toga_left_4 (0.20746, -0.004064, 0.045808)
 bone 47 ork_toga_right_1 (-0.223909, -0.064064, 0.098838)
 bone 48 ork_toga_right_2 (-0.040366, -0.216351, -0.117138)
 bone 49 ork_toga_right_3 (0.393125, 0.023704, 0.033122)
 bone 50 ork_toga_back_right_1 (-0.056534, -0.01044, -0.159641)
 bone 51 ork_toga_back_right_2 (0.480455, 0.0, 0.0)
 bone 52 ork_toga_back_right_3 (0.200609, -0.0, -0.0)
 bone 53 ork_Spine1 (0.0, 0.222914, 0.0)
 bone 54 ork_Spine2 (-0.0, 0.222914, -0.0)
 bone 55 ork_hammer_1 (0.012468, -0.029577, -0.340677)
 bone 56 ork_hammer_2 (0.264051, -0.27595, 0.058562)
 bone 57 ork_LeftShoulder (0.175009, 0.046611, -0.064161)
 bone 58 ork_LeftArm (0.090728, 0.000001, -0.0)
 bone 59 ork_LeftForeArm (0.209489, -0.203714, 0.052262)
 bone 60 ork_LeftHand (0.243572, -0.160044, 0.03762)
 bone 61 ork_LeftHandThumb1 (0.013118, -0.052277, 0.058615)
 bone 62 ork_LeftHandThumb2 (0.013046, -0.05239, 0.021767)
 bone 63 ork_LeftHandThumb3 (0.00996, -0.063566, 0.017313)
 bone 64 ork_LeftHandThumb4 (0.00692, -0.054102, 0.00459)
 bone 65 ork_LeftHandIndex1 (0.140688, -0.183041, 0.014131)
 bone 66 ork_LeftHandIndex2 (0.023037, -0.042037, 0.003248)
 bone 67 ork_LeftHandIndex3 (-0.001344, -0.049334, 0.001762)
 bone 68 ork_LeftHandIndex4 (-0.010413, -0.059268, 0.003224)
 bone 69 ork_LeftHandMiddle1 (0.136882, -0.186909, -0.021914)
 bone 70 ork_LeftHandMiddle2 (0.010785, -0.039875, -0.003573)
 bone 71 ork_LeftHandMiddle3 (0.001421, -0.043363, -0.000354)
 bone 72 ork_LeftHandMiddle4 (-0.010269, -0.044621, 0.004359)
 bone 73 ork_LeftHandRing1 (0.119041, -0.20032, -0.057685)
 bone 74 ork_LeftHandRing2 (0.017367, -0.029993, -0.001029)
 bone 75 ork_LeftHandRing3 (0.001158, -0.026002, -0.001611)
 bone 76 ork_LeftHandRing4 (-0.001723, -0.027431, 0.000512)
 bone 77 ork_LeftHandPinky1 (0.138034, -0.17416, 0.054135)
 bone 78 ork_LeftHandPinky2 (0.034848, -0.040843, 0.003809)
 bone 79 ork_LeftHandPinky3 (0.012211, -0.061662, 0.005262)
 bone 80 ork_LeftHandPinky4 (0.000044, -0.043649, -0.000397)
 bone 81 transform2 (-0.869878, -1.161785, -0.002002)
 bone 82 ork_left_axe_1 (0.798149, 1.089695, -0.012456)
 bone 83 ork_left_axe_1_2 (0.382919, 0.0, 0.0)
 bone 84 ork_RightShoulder (-0.175009, 0.046611, -0.064161)
 bone 85 ork_RightShoulder_2 (-0.075189, 0.105957, 0.007509)
 bone 86 ork_RightShoulder_3 (-0.109838, -0.034637, 0.010032)
 bone 87 ork_RightShoulder_4 (-0.092253, 0.101656, -0.006937)
 bone 88 ork_RightShoulder_5 (0.023804, 0.018225, 0.095494)
 bone 89 ork_RightShoulder_6 (0.090842, -0.0811, 0.085962)
 bone 90 ork_RightShoulder_7 (0.108991, -0.004303, 0.069672)
 bone 91 ork_RightShoulder_8 (0.023327, -0.035833, 0.029786)
 bone 92 ork_RightShoulder_9 (-0.004461, 0.013543, 0.105098)
 bone 93 ork_RightShoulder_10 (0.030052, -0.063129, 0.088459)
 bone 94 ork_RightShoulder_11 (0.044796, -0.067335, 0.0379)
 bone 95 ork_RightShoulder_12 (0.029468, -0.037379, 0.047443)
 bone 96 ork__wooden_back_1 (0.005107, -0.089247, -0.243436)
 bone 97 ork__wooden_back_2 (0.004552, -0.076896, -0.015945)
 bone 98 ork__wooden_back_3 (0.000303, -0.095033, -0.002556)
 bone 99 ork__wooden_back_4 (-0.004039, -0.098922, -0.003362)
 bone 100 ork__wooden_back_5 (-0.002524, -0.105772, -0.006206)
 bone 101 ork__shoulder_toga_1 (-0.007901, -0.098179, -0.241963)
 bone 102 ork__shoulder_toga_2 (0.009515, -0.098424, 0.025041)
 bone 103 ork__shoulder_toga_3 (-0.002141, -0.158518, -0.003938)
 bone 104 ork__shoulder_toga_4 (-0.00437, -0.116524, 0.005702)
 bone 105 ork__shoulder_toga_5 (-0.002817, -0.096736, -0.006302)
 bone 106 ork_RightArm (-0.090728, 0.000001, -0.0)
 bone 107 ork_RightForeArm (-0.209489, -0.203714, 0.052262)
 bone 108 ork_RightHand (-0.243572, -0.160044, 0.03762)
 bone 109 ork_RightHandThumb1 (-0.013118, -0.052277, 0.058615)
 bone 110 ork_RightHandThumb2 (-0.013046, -0.05239, 0.021767)
 bone 111 ork_RightHandThumb3 (-0.00996, -0.063566, 0.017313)
 bone 112 ork_RightHandThumb4 (-0.00692, -0.054102, 0.00459)
 bone 113 ork_RightHandIndex1 (-0.140688, -0.183041, 0.014131)
 bone 114 ork_RightHandIndex2 (-0.023037, -0.042037, 0.003248)
 bone 115 ork_RightHandIndex3 (0.001344, -0.049334, 0.001762)
 bone 116 ork_RightHandIndex4 (0.010413, -0.059268, 0.003224)
 bone 117 ork_RightHandMiddle1 (-0.136882, -0.186909, -0.021914)
 bone 118 ork_RightHandMiddle2 (-0.010785, -0.039875, -0.003573)
 bone 119 ork_RightHandMiddle3 (-0.001421, -0.043363, -0.000354)
 bone 120 ork_RightHandMiddle4 (0.010269, -0.044621, 0.004359)
 bone 121 ork_RightHandRing1 (-0.119041, -0.20032, -0.057685)
 bone 122 ork_RightHandRing2 (-0.017367, -0.029993, -0.001029)
 bone 123 ork_RightHandRing3 (-0.001158, -0.026002, -0.001611)
 bone 124 ork_RightHandRing4 (0.001723, -0.027431, 0.000512)
 bone 125 ork_RightHandPinky1 (-0.138034, -0.17416, 0.054135)
 bone 126 ork_RightHandPinky2 (-0.034848, -0.040843, 0.003809)
 bone 127 ork_RightHandPinky3 (-0.012211, -0.061662, 0.005262)
 bone 128 ork_RightHandPinky4 (-0.000044, -0.043649, -0.000397)
 bone 129 transform1 (0.735793, -1.201352, -0.074565)
 bone 130 ork_right_axe_1 (-0.770205, 1.044377, 0.157047)
 bone 131 ork_right_axe_2 (0.394206, 0.0, -0.0)
 bone 132 ork_Neck (0.0, 0.222914, 0.039544)
 bone 133 ork_jaw_1 (0.000034, -0.006348, 0.0223)
 bone 134 ork_jaw_2 (0.001411, -0.029841, 0.020352)
 bone 135 ork_jaw_3 (0.000907, -0.021007, 0.031165)
 bone 136 ork_Head_up (-0.0, 0.2, 0.037781)
 bone 137 ork__hair_1 (-0.005354, 0.011487, -0.08351)
 bone 138 ork__hair_2 (-0.05171, -0.056227, -0.138968)
 bone 139 ork__hair_3 (-0.038289, -0.04209, -0.060565)
 bone 140 ork__hair_4 (-0.072361, -0.036997, -0.043303)
 bone 141 ork__hair_5 (-0.075048, -0.027766, -0.014611)
/root/@Node3D@2/ork_Reference/Skeleton3D/base_mesh_no_bones_Base_mesh_ZBrush_defualt_group MeshInstance3D
 mesh [P: (-0.082925, -0.089024, -0.02484), S: (0.166474, 0.168965, 0.043422)] skin Skin ():<Skin#-9223372004525078742> mat lambert1 ():<StandardMaterial3D#-9223372005397494026>
/root/@Node3D@2/ork_Reference/Skeleton3D/base_mesh_no_bones_Base_mesh_Group47746 MeshInstance3D
 mesh [P: (-0.036878, -0.095888, -0.042264), S: (0.077032, 0.157412, 0.068104)] skin Skin ():<Skin#-9223372004525078742> mat lambert1 ():<StandardMaterial3D#-9223372005397494026>
/root/@Node3D@2/ork_Reference/Skeleton3D/base_mesh_no_bones_Base_mesh_Group31818 MeshInstance3D
 mesh [P: (0.005037, -0.095888, -0.019712), S: (0.031841, 0.04698, 0.045553)] skin Skin ():<Skin#-9223372004525078742> mat lambert1 ():<StandardMaterial3D#-9223372005397494026>
/root/@Node3D@2/ork_Reference/Skeleton3D/base_mesh_no_bones_Base_mesh_Group47436 MeshInstance3D
 mesh [P: (-0.057704, -0.017006, -0.029594), S: (0.115619, 0.100061, 0.049283)] skin Skin ():<Skin#-9223372004525078742> mat lambert1 ():<StandardMaterial3D#-9223372005397494026>
/root/@Node3D@2/ork_Reference/Skeleton3D/base_mesh_no_bones_Base_mesh_Group31633 MeshInstance3D
 mesh [P: (-0.031512, -0.038452, -0.030998), S: (0.051548, 0.087103, 0.051251)] skin Skin ():<Skin#-9223372004525078742> mat lambert1 ():<StandardMaterial3D#-9223372005397494026>
/root/@Node3D@2/ork_Reference/Skeleton3D/base_mesh_no_bones_Base_mesh_Group31634 MeshInstance3D
 mesh [P: (-0.006592, -0.033596, 0.017018), S: (0.013153, 0.004603, 0.00284)] skin Skin ():<Skin#-9223372004525078742> mat lambert1 ():<StandardMaterial3D#-9223372005397494026>
/root/@Node3D@2/ork_Reference/Skeleton3D/base_mesh_no_bones_Base_mesh_Group31635 MeshInstance3D
 mesh [P: (-0.006592, -0.033596, 0.017018), S: (0.013153, 0.004603, 0.00284)] skin Skin ():<Skin#-9223372004525078742> mat lambert1 ():<StandardMaterial3D#-9223372005397494026>
/root/@Node3D@2/ork_Reference/Skeleton3D/base_mesh_no_bones_Base_mesh_Group15817 MeshInstance3D
 mesh [P: (0.009935, -0.023995, 0.005077), S: (0.019953, 0.031645, 0.015769)] skin Skin ():<Skin#-9223372004525078742> mat lambert1 ():<StandardMaterial3D#-9223372005397494026>
/root/@Node3D@2/ork_Reference/Skeleton3D/base_mesh_no_bones_Base_mesh_Group15814 MeshInstance3D
 mesh [P: (-0.029874, -0.087035, -0.017151), S: (0.119828, 0.155768, 0.039197)] skin Skin ():<Skin#-9223372004525078742> mat lambert1 ():<StandardMaterial3D#-9223372005397494026>
/root/@Node3D@2/ork_Reference/Skeleton3D/base_mesh_no_bones_Base_mesh_Group15815 MeshInstance3D
 mesh [P: (-0.032836, -0.032503, -0.01796), S: (0.114209, 0.029588, 0.03371)] skin Skin ():<Skin#-9223372004525078742> mat lambert1 ():<StandardMaterial3D#-9223372005397494026>
/root/@Node3D@2/ork_Reference/Skeleton3D/base_mesh_no_bones_Base_mesh_Group15816 MeshInstance3D
 mesh [P: (-0.032836, -0.032503, -0.01796), S: (0.114209, 0.029588, 0.03371)] skin Skin ():<Skin#-9223372004525078742> mat lambert1 ():<StandardMaterial3D#-9223372005397494026>
/root/@Node3D@2/ork_Reference/Skeleton3D/base_mesh_no_bones_Base_mesh_Group158171 MeshInstance3D
 mesh [P: (-0.032415, -0.032106, -0.017568), S: (0.111771, 0.02892, 0.033069)] skin Skin ():<Skin#-9223372004525078742> mat lambert1 ():<StandardMaterial3D#-9223372005397494026>
/root/@Node3D@2/ork_Reference/Skeleton3D/base_mesh_no_bones_Base_mesh_Group15818 MeshInstance3D
 mesh [P: (0.057724, 0.027749, -0.000829), S: (0.004412, 0.009065, 0.008442)] skin Skin ():<Skin#-9223372004525078742> mat lambert1 ():<StandardMaterial3D#-9223372005397494026>
/root/@Node3D@2/ork_Reference/Skeleton3D/base_mesh_no_bones_Base_mesh_Group15819 MeshInstance3D
 mesh [P: (-0.089955, -0.011504, -0.012685), S: (0.032231, 0.056012, 0.024614)] skin Skin ():<Skin#-9223372004525078742> mat lambert1 ():<StandardMaterial3D#-9223372005397494026>
/root/@Node3D@2/ork_Reference/Skeleton3D/base_mesh_no_bones_Base_mesh_Group15820 MeshInstance3D
 mesh [P: (-0.062136, 0.027749, -0.000829), S: (0.004412, 0.009065, 0.008442)] skin Skin ():<Skin#-9223372004525078742> mat lambert1 ():<StandardMaterial3D#-9223372005397494026>
/root/@Node3D@2/ork_Reference/Skeleton3D/base_mesh_no_bones_Base_mesh_Group15821 MeshInstance3D
 mesh [P: (-0.081464, -0.007763, -0.004415), S: (0.007504, 0.003773, 0.01615)] skin Skin ():<Skin#-9223372004525078742> mat lambert1 ():<StandardMaterial3D#-9223372005397494026>
/root/@Node3D@2/ork_Reference/Skeleton3D/base_mesh_no_bones_Base_mesh_Group15822 MeshInstance3D
 mesh [P: (-0.081464, -0.007763, -0.004415), S: (0.007504, 0.003773, 0.01615)] skin Skin ():<Skin#-9223372004525078742> mat lambert1 ():<StandardMaterial3D#-9223372005397494026>
/root/@Node3D@2/ork_Reference/Skeleton3D/base_mesh_no_bones_Base_mesh_Group15823 MeshInstance3D
 mesh [P: (-0.079455, -0.00774, -0.004376), S: (0.005441, 0.003274, 0.016018)] skin Skin ():<Skin#-9223372004525078742> mat lambert1 ():<StandardMaterial3D#-9223372005397494026>
/root/@Node3D@2/ork_Reference/Skeleton3D/base_mesh_no_bones_Base_mesh_Group15826 MeshInstance3D
 mesh [P: (0.037605, 0.040416, -0.009174), S: (0.002908, 0.002799, 0.001066)] skin Skin ():<Skin#-9223372004525078742> mat lambert1 ():<StandardMaterial3D#-9223372005397494026>
/root/@Node3D@2/ork_Reference/Skeleton3D/base_mesh_no_bones_Base_mesh_Group15827 MeshInstance3D
 mesh [P: (0.038166, 0.03757, 0.000457), S: (0.002863, 0.002978, 0.001106)] skin Skin ():<Skin#-9223372004525078742> mat lambert1 ():<StandardMaterial3D#-9223372005397494026>
/root/@Node3D@2/ork_Reference/Skeleton3D/base_mesh_no_bones_Base_mesh_Group15828 MeshInstance3D
 mesh [P: (0.031447, 0.050162, -0.005071), S: (0.002763, 0.002759, 0.001244)] skin Skin ():<Skin#-9223372004525078742> mat lambert1 ():<StandardMaterial3D#-9223372005397494026>
/root/@Node3D@2/ork_Reference/Skeleton3D/base_mesh_no_bones_Base_mesh_Group15830 MeshInstance3D
 mesh [P: (-0.002057, 0.014574, -0.016982), S: (0.004061, 0.003513, 0.002583)] skin Skin ():<Skin#-9223372004525078742> mat lambert1 ():<StandardMaterial3D#-9223372005397494026>
/root/@Node3D@2/ork_Reference/Skeleton3D/base_mesh_no_bones_Base_mesh_Group15832 MeshInstance3D
 mesh [P: (0.008603, 0.063036, -0.001237), S: (0.001666, 0.002368, 0.00229)] skin Skin ():<Skin#-9223372004525078742> mat lambert1 ():<StandardMaterial3D#-9223372005397494026>
/root/@Node3D@2/ork_Reference/Skeleton3D/base_mesh_no_bones_Base_mesh_Group15833 MeshInstance3D
 mesh [P: (0.009614, 0.06471, -0.001164), S: (0.000919, 0.00093, 0.000769)] skin Skin ():<Skin#-9223372004525078742> mat lambert1 ():<StandardMaterial3D#-9223372005397494026>
/root/@Node3D@2/ork_Reference/Skeleton3D/base_mesh_no_bones_Base_mesh_Group15834 MeshInstance3D
 mesh [P: (-0.010269, 0.06372, -0.001237), S: (0.001666, 0.001684, 0.00229)] skin Skin ():<Skin#-9223372004525078742> mat lambert1 ():<StandardMaterial3D#-9223372005397494026>
/root/@Node3D@2/ork_Reference/Skeleton3D/base_mesh_no_bones_Base_mesh_Group15835 MeshInstance3D
 mesh [P: (-0.010533, 0.06471, -0.001164), S: (0.000919, 0.00093, 0.000769)] skin Skin ():<Skin#-9223372004525078742> mat lambert1 ():<StandardMaterial3D#-9223372005397494026>
/root/@Node3D@2/ork_Reference/Skeleton3D/base_mesh_no_bones_Base_mesh_Group15836 MeshInstance3D
 mesh [P: (-0.076865, -0.005955, -0.006616), S: (0.15373, 0.02171, 0.020145)] skin Skin ():<Skin#-9223372004525078742> mat lambert1 ():<StandardMaterial3D#-9223372005397494026>
/root/@Node3D@2/ork_Reference/Skeleton3D/base_mesh_no_bones_Base_mesh_Group31624 MeshInstance3D
 mesh [P: (-0.010909, 0.058172, -0.000939), S: (0.021819, 0.005448, 0.002066)] skin Skin ():<Skin#-9223372004525078742> mat lambert1 ():<StandardMaterial3D#-9223372005397494026>
/root/@Node3D@2/ork_Reference/Skeleton3D/base_mesh_no_bones_Base_mesh_Group31644 MeshInstance3D
 mesh [P: (-0.009822, 0.063036, -0.000818), S: (0.019592, 0.001318, 0.001871)] skin Skin ():<Skin#-9223372004525078742> mat lambert1 ():<StandardMaterial3D#-9223372005397494026>
/root/@Node3D@2/ork_Reference/Skeleton3D/base_mesh_no_bones_Base_mesh_Group31894 MeshInstance3D
 mesh [P: (-0.020371, 0.005249, 0.003439), S: (0.011836, 0.009184, 0.016643)] skin Skin ():<Skin#-9223372004525078742> mat lambert1 ():<StandardMaterial3D#-9223372005397494026>
/root/@Node3D@2/ork_Reference/Skeleton3D/base_mesh_no_bones_Base_mesh_Group15946 MeshInstance3D
 mesh [P: (-0.046759, 0.019203, -0.030043), S: (0.044838, 0.044544, 0.050565)] skin Skin ():<Skin#-9223372004525078742> mat lambert1 ():<StandardMaterial3D#-9223372005397494026>
/root/@Node3D@2/ork_Reference/Skeleton3D/base_mesh_no_bones_Base_mesh_Group15947 MeshInstance3D
 mesh [P: (-0.054153, 0.03429, -0.030719), S: (0.047056, 0.032769, 0.051874)] skin Skin ():<Skin#-9223372004525078742> mat lambert1 ():<StandardMaterial3D#-9223372005397494026>
/root/@Node3D@2/ork_Reference/Skeleton3D/base_mesh_no_bones_Base_mesh_Group15948 MeshInstance3D
 mesh [P: (-0.056693, 0.054297, -0.007616), S: (0.031484, 0.02131, 0.005135)] skin Skin ():<Skin#-9223372004525078742> mat lambert1 ():<StandardMaterial3D#-9223372005397494026>
/root/@Node3D@2/ork_Reference/Skeleton3D/base_mesh_no_bones_Base_mesh_Group15949 MeshInstance3D
 mesh [P: (-0.024056, 0.019222, 0.016107), S: (0.021966, 0.022043, 0.004264)] skin Skin ():<Skin#-9223372004525078742> mat lambert1 ():<StandardMaterial3D#-9223372005397494026>
/root/@Node3D@2/ork_Reference/Skeleton3D/base_mesh_no_bones_Base_mesh_Group15950 MeshInstance3D
 mesh [P: (-0.029202, -0.043945, -0.017628), S: (0.042483, 0.058467, 0.045729)] skin Skin ():<Skin#-9223372004525078742> mat lambert1 ():<StandardMaterial3D#-9223372005397494026>
/root/@Node3D@2/ork_Reference/Skeleton3D/base_mesh_no_bones_Base_mesh_Group15951 MeshInstance3D
 mesh [P: (-0.019904, -0.014033, -0.017872), S: (0.040125, 0.036009, 0.040734)] skin Skin ():<Skin#-9223372004525078742> mat lambert1 ():<StandardMaterial3D#-9223372005397494026>
/root/@Node3D@2/ork_Reference/Skeleton3D/base_mesh_no_bones_Base_mesh_Group15952 MeshInstance3D
 mesh [P: (-0.053394, 0.039675, -0.014316), S: (0.022571, 0.026983, 0.017435)] skin Skin ():<Skin#-9223372004525078742> mat lambert1 ():<StandardMaterial3D#-9223372005397494026>
/root/@Node3D@2/ork_Reference/Skeleton3D/base_mesh_no_bones_Base_mesh_Group934 MeshInstance3D
 mesh [P: (-0.04631, -0.012024, -0.000919), S: (0.034082, 0.074601, 0.023431)] skin Skin ():<Skin#-9223372004525078742> mat lambert1 ():<StandardMaterial3D#-9223372005397494026>
/root/@Node3D@2/ork_Reference/Skeleton3D/base_mesh_no_bones_Base_mesh_Group937 MeshInstance3D
 mesh [P: (-0.04631, -0.012024, -0.000919), S: (0.034247, 0.074601, 0.023431)] skin Skin ():<Skin#-9223372004525078742> mat lambert1 ():<StandardMaterial3D#-9223372005397494026>
/root/@Node3D@2/ork_Reference/Skeleton3D/base_mesh_no_bones_Base_mesh_Group21104 MeshInstance3D
 mesh [P: (-0.038178, -0.068742, -0.032854), S: (0.072936, 0.121121, 0.05014)] skin Skin ():<Skin#-9223372004525078742> mat lambert1 ():<StandardMaterial3D#-9223372005397494026>
/root/@Node3D@2/ork_Reference/Skeleton3D/Group15957 MeshInstance3D
 mesh [P: (-0.086728, -0.059213, 0.014854), S: (0.045902, 0.058177, 0.026226)] skin Skin2 ():<Skin#-9223372003853990062> mat lambert2 ():<StandardMaterial3D#-9223372005380716809>
/root/@Node3D@2/ork_Reference/Skeleton3D/Group15960 MeshInstance3D
 mesh [P: (-0.083636, -0.045486, 0.025128), S: (0.023789, 0.028696, 0.011929)] skin Skin2 ():<Skin#-9223372003853990062> mat lambert2 ():<StandardMaterial3D#-9223372005380716809>
/root/@Node3D@2/ork_Reference/Skeleton3D/Group15959 MeshInstance3D
 mesh [P: (-0.083712, -0.045486, 0.025128), S: (0.023864, 0.028707, 0.012147)] skin Skin2 ():<Skin#-9223372003853990062> mat lambert2 ():<StandardMaterial3D#-9223372005380716809>
/root/@Node3D@2/ork_Reference/Skeleton3D/Group15958 MeshInstance3D
 mesh [P: (-0.083712, -0.045413, 0.025171), S: (0.023855, 0.028635, 0.012104)] skin Skin2 ():<Skin#-9223372003853990062> mat lambert2 ():<StandardMaterial3D#-9223372005380716809>
/root/@Node3D@2/ork_Reference/Skeleton3D/Group159572 MeshInstance3D
 mesh [P: (-0.086728, -0.059213, 0.014854), S: (0.045902, 0.058177, 0.026226)] skin Skin3 ():<Skin#-9223372003786881194> mat lambert2 ():<StandardMaterial3D#-9223372005380716809>
/root/@Node3D@2/ork_Reference/Skeleton3D/Group159602 MeshInstance3D
 mesh [P: (-0.083636, -0.045486, 0.025128), S: (0.023789, 0.028696, 0.011929)] skin Skin3 ():<Skin#-9223372003786881194> mat lambert2 ():<StandardMaterial3D#-9223372005380716809>
/root/@Node3D@2/ork_Reference/Skeleton3D/Group159592 MeshInstance3D
 mesh [P: (-0.083712, -0.045486, 0.025128), S: (0.023864, 0.028707, 0.012147)] skin Skin3 ():<Skin#-9223372003786881194> mat lambert2 ():<StandardMaterial3D#-9223372005380716809>
/root/@Node3D@2/ork_Reference/Skeleton3D/Group159582 MeshInstance3D
 mesh [P: (-0.083712, -0.045413, 0.025171), S: (0.023855, 0.028635, 0.012104)] skin Skin3 ():<Skin#-9223372003786881194> mat lambert2 ():<StandardMaterial3D#-9223372005380716809>
/root/@Node3D@2/Character1_Ctrl_Reference Node3D
/root/@Node3D@2/Character1_Ctrl_Reference/Character1_Ctrl_HipsEffector Node3D
/root/@Node3D@2/Character1_Ctrl_Reference/Character1_Ctrl_LeftAnkleEffector Node3D
/root/@Node3D@2/Character1_Ctrl_Reference/Character1_Ctrl_RightAnkleEffector Node3D
/root/@Node3D@2/Character1_Ctrl_Reference/Character1_Ctrl_LeftWristEffector Node3D
/root/@Node3D@2/Character1_Ctrl_Reference/Character1_Ctrl_RightWristEffector Node3D
/root/@Node3D@2/Character1_Ctrl_Reference/Character1_Ctrl_LeftKneeEffector Node3D
/root/@Node3D@2/Character1_Ctrl_Reference/Character1_Ctrl_RightKneeEffector Node3D
/root/@Node3D@2/Character1_Ctrl_Reference/Character1_Ctrl_LeftElbowEffector Node3D
/root/@Node3D@2/Character1_Ctrl_Reference/Character1_Ctrl_RightElbowEffector Node3D
/root/@Node3D@2/Character1_Ctrl_Reference/Character1_Ctrl_ChestOriginEffector Node3D
/root/@Node3D@2/Character1_Ctrl_Reference/Character1_Ctrl_ChestEndEffector Node3D
/root/@Node3D@2/Character1_Ctrl_Reference/Character1_Ctrl_LeftFootEffector Node3D
/root/@Node3D@2/Character1_Ctrl_Reference/Character1_Ctrl_RightFootEffector Node3D
/root/@Node3D@2/Character1_Ctrl_Reference/Character1_Ctrl_LeftShoulderEffector Node3D
/root/@Node3D@2/Character1_Ctrl_Reference/Character1_Ctrl_RightShoulderEffector Node3D
/root/@Node3D@2/Character1_Ctrl_Reference/Character1_Ctrl_HeadEffector Node3D
/root/@Node3D@2/Character1_Ctrl_Reference/Character1_Ctrl_LeftHipEffector Node3D
/root/@Node3D@2/Character1_Ctrl_Reference/Character1_Ctrl_RightHipEffector Node3D
/root/@Node3D@2/Character1_Ctrl_Reference/Character1_Ctrl_LeftHandThumbEffector Node3D
/root/@Node3D@2/Character1_Ctrl_Reference/Character1_Ctrl_LeftHandIndexEffector Node3D
/root/@Node3D@2/Character1_Ctrl_Reference/Character1_Ctrl_LeftHandMiddleEffector Node3D
/root/@Node3D@2/Character1_Ctrl_Reference/Character1_Ctrl_LeftHandRingEffector Node3D
/root/@Node3D@2/Character1_Ctrl_Reference/Character1_Ctrl_LeftHandPinkyEffector Node3D
/root/@Node3D@2/Character1_Ctrl_Reference/Character1_Ctrl_RightHandThumbEffector Node3D
/root/@Node3D@2/Character1_Ctrl_Reference/Character1_Ctrl_RightHandIndexEffector Node3D
/root/@Node3D@2/Character1_Ctrl_Reference/Character1_Ctrl_RightHandMiddleEffector Node3D
/root/@Node3D@2/Character1_Ctrl_Reference/Character1_Ctrl_RightHandRingEffector Node3D
/root/@Node3D@2/Character1_Ctrl_Reference/Character1_Ctrl_RightHandPinkyEffector Node3D
/root/@Node3D@2/Character1_Ctrl_Reference/Character1_Ctrl_Hips Node3D
/root/@Node3D@2/Character1_Ctrl_Reference/Character1_Ctrl_Hips/Character1_Ctrl_LeftUpLeg Node3D
/root/@Node3D@2/Character1_Ctrl_Reference/Character1_Ctrl_Hips/Character1_Ctrl_LeftUpLeg/Character1_Ctrl_LeftLeg Node3D
/root/@Node3D@2/Character1_Ctrl_Reference/Character1_Ctrl_Hips/Character1_Ctrl_LeftUpLeg/Character1_Ctrl_LeftLeg/Character1_Ctrl_LeftFoot Node3D
/root/@Node3D@2/Character1_Ctrl_Reference/Character1_Ctrl_Hips/Character1_Ctrl_LeftUpLeg/Character1_Ctrl_LeftLeg/Character1_Ctrl_LeftFoot/Character1_Ctrl_LeftToeBase Node3D
/root/@Node3D@2/Character1_Ctrl_Reference/Character1_Ctrl_Hips/Character1_Ctrl_RightUpLeg Node3D
/root/@Node3D@2/Character1_Ctrl_Reference/Character1_Ctrl_Hips/Character1_Ctrl_RightUpLeg/Character1_Ctrl_RightLeg Node3D
/root/@Node3D@2/Character1_Ctrl_Reference/Character1_Ctrl_Hips/Character1_Ctrl_RightUpLeg/Character1_Ctrl_RightLeg/Character1_Ctrl_RightFoot Node3D
/root/@Node3D@2/Character1_Ctrl_Reference/Character1_Ctrl_Hips/Character1_Ctrl_RightUpLeg/Character1_Ctrl_RightLeg/Character1_Ctrl_RightFoot/Character1_Ctrl_RightToeBase Node3D
/root/@Node3D@2/Character1_Ctrl_Reference/Character1_Ctrl_Hips/Character1_Ctrl_Spine Node3D
/root/@Node3D@2/Character1_Ctrl_Reference/Character1_Ctrl_Hips/Character1_Ctrl_Spine/Character1_Ctrl_Spine1 Node3D
/root/@Node3D@2/Character1_Ctrl_Reference/Character1_Ctrl_Hips/Character1_Ctrl_Spine/Character1_Ctrl_Spine1/Character1_Ctrl_Spine2 Node3D
/root/@Node3D@2/Character1_Ctrl_Reference/Character1_Ctrl_Hips/Character1_Ctrl_Spine/Character1_Ctrl_Spine1/Character1_Ctrl_Spine2/Character1_Ctrl_LeftShoulder Node3D
/root/@Node3D@2/Character1_Ctrl_Reference/Character1_Ctrl_Hips/Character1_Ctrl_Spine/Character1_Ctrl_Spine1/Character1_Ctrl_Spine2/Character1_Ctrl_LeftShoulder/Character1_Ctrl_LeftArm Node3D
/root/@Node3D@2/Character1_Ctrl_Reference/Character1_Ctrl_Hips/Character1_Ctrl_Spine/Character1_Ctrl_Spine1/Character1_Ctrl_Spine2/Character1_Ctrl_LeftShoulder/Character1_Ctrl_LeftArm/Character1_Ctrl_LeftForeArm Node3D
/root/@Node3D@2/Character1_Ctrl_Reference/Character1_Ctrl_Hips/Character1_Ctrl_Spine/Character1_Ctrl_Spine1/Character1_Ctrl_Spine2/Character1_Ctrl_LeftShoulder/Character1_Ctrl_LeftArm/Character1_Ctrl_LeftForeArm/Character1_Ctrl_LeftHand Node3D
/root/@Node3D@2/Character1_Ctrl_Reference/Character1_Ctrl_Hips/Character1_Ctrl_Spine/Character1_Ctrl_Spine1/Character1_Ctrl_Spine2/Character1_Ctrl_LeftShoulder/Character1_Ctrl_LeftArm/Character1_Ctrl_LeftForeArm/Character1_Ctrl_LeftHand/Character1_Ctrl_LeftHandThumb1 Node3D
/root/@Node3D@2/Character1_Ctrl_Reference/Character1_Ctrl_Hips/Character1_Ctrl_Spine/Character1_Ctrl_Spine1/Character1_Ctrl_Spine2/Character1_Ctrl_LeftShoulder/Character1_Ctrl_LeftArm/Character1_Ctrl_LeftForeArm/Character1_Ctrl_LeftHand/Character1_Ctrl_LeftHandThumb1/Character1_Ctrl_LeftHandThumb2 Node3D
/root/@Node3D@2/Character1_Ctrl_Reference/Character1_Ctrl_Hips/Character1_Ctrl_Spine/Character1_Ctrl_Spine1/Character1_Ctrl_Spine2/Character1_Ctrl_LeftShoulder/Character1_Ctrl_LeftArm/Character1_Ctrl_LeftForeArm/Character1_Ctrl_LeftHand/Character1_Ctrl_LeftHandThumb1/Character1_Ctrl_LeftHandThumb2/Character1_Ctrl_LeftHandThumb3 Node3D
/root/@Node3D@2/Character1_Ctrl_Reference/Character1_Ctrl_Hips/Character1_Ctrl_Spine/Character1_Ctrl_Spine1/Character1_Ctrl_Spine2/Character1_Ctrl_LeftShoulder/Character1_Ctrl_LeftArm/Character1_Ctrl_LeftForeArm/Character1_Ctrl_LeftHand/Character1_Ctrl_LeftHandThumb1/Character1_Ctrl_LeftHandThumb2/Character1_Ctrl_LeftHandThumb3/Character1_Ctrl_LeftHandThumb4 Node3D
/root/@Node3D@2/Character1_Ctrl_Reference/Character1_Ctrl_Hips/Character1_Ctrl_Spine/Character1_Ctrl_Spine1/Character1_Ctrl_Spine2/Character1_Ctrl_LeftShoulder/Character1_Ctrl_LeftArm/Character1_Ctrl_LeftForeArm/Character1_Ctrl_LeftHand/Character1_Ctrl_LeftHandIndex1 Node3D
/root/@Node3D@2/Character1_Ctrl_Reference/Character1_Ctrl_Hips/Character1_Ctrl_Spine/Character1_Ctrl_Spine1/Character1_Ctrl_Spine2/Character1_Ctrl_LeftShoulder/Character1_Ctrl_LeftArm/Character1_Ctrl_LeftForeArm/Character1_Ctrl_LeftHand/Character1_Ctrl_LeftHandIndex1/Character1_Ctrl_LeftHandIndex2 Node3D
/root/@Node3D@2/Character1_Ctrl_Reference/Character1_Ctrl_Hips/Character1_Ctrl_Spine/Character1_Ctrl_Spine1/Character1_Ctrl_Spine2/Character1_Ctrl_LeftShoulder/Character1_Ctrl_LeftArm/Character1_Ctrl_LeftForeArm/Character1_Ctrl_LeftHand/Character1_Ctrl_LeftHandIndex1/Character1_Ctrl_LeftHandIndex2/Character1_Ctrl_LeftHandIndex3 Node3D
/root/@Node3D@2/Character1_Ctrl_Reference/Character1_Ctrl_Hips/Character1_Ctrl_Spine/Character1_Ctrl_Spine1/Character1_Ctrl_Spine2/Character1_Ctrl_LeftShoulder/Character1_Ctrl_LeftArm/Character1_Ctrl_LeftForeArm/Character1_Ctrl_LeftHand/Character1_Ctrl_LeftHandIndex1/Character1_Ctrl_LeftHandIndex2/Character1_Ctrl_LeftHandIndex3/Character1_Ctrl_LeftHandIndex4 Node3D
/root/@Node3D@2/Character1_Ctrl_Reference/Character1_Ctrl_Hips/Character1_Ctrl_Spine/Character1_Ctrl_Spine1/Character1_Ctrl_Spine2/Character1_Ctrl_LeftShoulder/Character1_Ctrl_LeftArm/Character1_Ctrl_LeftForeArm/Character1_Ctrl_LeftHand/Character1_Ctrl_LeftHandMiddle1 Node3D
/root/@Node3D@2/Character1_Ctrl_Reference/Character1_Ctrl_Hips/Character1_Ctrl_Spine/Character1_Ctrl_Spine1/Character1_Ctrl_Spine2/Character1_Ctrl_LeftShoulder/Character1_Ctrl_LeftArm/Character1_Ctrl_LeftForeArm/Character1_Ctrl_LeftHand/Character1_Ctrl_LeftHandMiddle1/Character1_Ctrl_LeftHandMiddle2 Node3D
/root/@Node3D@2/Character1_Ctrl_Reference/Character1_Ctrl_Hips/Character1_Ctrl_Spine/Character1_Ctrl_Spine1/Character1_Ctrl_Spine2/Character1_Ctrl_LeftShoulder/Character1_Ctrl_LeftArm/Character1_Ctrl_LeftForeArm/Character1_Ctrl_LeftHand/Character1_Ctrl_LeftHandMiddle1/Character1_Ctrl_LeftHandMiddle2/Character1_Ctrl_LeftHandMiddle3 Node3D
/root/@Node3D@2/Character1_Ctrl_Reference/Character1_Ctrl_Hips/Character1_Ctrl_Spine/Character1_Ctrl_Spine1/Character1_Ctrl_Spine2/Character1_Ctrl_LeftShoulder/Character1_Ctrl_LeftArm/Character1_Ctrl_LeftForeArm/Character1_Ctrl_LeftHand/Character1_Ctrl_LeftHandMiddle1/Character1_Ctrl_LeftHandMiddle2/Character1_Ctrl_LeftHandMiddle3/Character1_Ctrl_LeftHandMiddle4 Node3D
/root/@Node3D@2/Character1_Ctrl_Reference/Character1_Ctrl_Hips/Character1_Ctrl_Spine/Character1_Ctrl_Spine1/Character1_Ctrl_Spine2/Character1_Ctrl_LeftShoulder/Character1_Ctrl_LeftArm/Character1_Ctrl_LeftForeArm/Character1_Ctrl_LeftHand/Character1_Ctrl_LeftHandRing1 Node3D
/root/@Node3D@2/Character1_Ctrl_Reference/Character1_Ctrl_Hips/Character1_Ctrl_Spine/Character1_Ctrl_Spine1/Character1_Ctrl_Spine2/Character1_Ctrl_LeftShoulder/Character1_Ctrl_LeftArm/Character1_Ctrl_LeftForeArm/Character1_Ctrl_LeftHand/Character1_Ctrl_LeftHandRing1/Character1_Ctrl_LeftHandRing2 Node3D
/root/@Node3D@2/Character1_Ctrl_Reference/Character1_Ctrl_Hips/Character1_Ctrl_Spine/Character1_Ctrl_Spine1/Character1_Ctrl_Spine2/Character1_Ctrl_LeftShoulder/Character1_Ctrl_LeftArm/Character1_Ctrl_LeftForeArm/Character1_Ctrl_LeftHand/Character1_Ctrl_LeftHandRing1/Character1_Ctrl_LeftHandRing2/Character1_Ctrl_LeftHandRing3 Node3D
/root/@Node3D@2/Character1_Ctrl_Reference/Character1_Ctrl_Hips/Character1_Ctrl_Spine/Character1_Ctrl_Spine1/Character1_Ctrl_Spine2/Character1_Ctrl_LeftShoulder/Character1_Ctrl_LeftArm/Character1_Ctrl_LeftForeArm/Character1_Ctrl_LeftHand/Character1_Ctrl_LeftHandRing1/Character1_Ctrl_LeftHandRing2/Character1_Ctrl_LeftHandRing3/Character1_Ctrl_LeftHandRing4 Node3D
/root/@Node3D@2/Character1_Ctrl_Reference/Character1_Ctrl_Hips/Character1_Ctrl_Spine/Character1_Ctrl_Spine1/Character1_Ctrl_Spine2/Character1_Ctrl_LeftShoulder/Character1_Ctrl_LeftArm/Character1_Ctrl_LeftForeArm/Character1_Ctrl_LeftHand/Character1_Ctrl_LeftHandPinky1 Node3D
/root/@Node3D@2/Character1_Ctrl_Reference/Character1_Ctrl_Hips/Character1_Ctrl_Spine/Character1_Ctrl_Spine1/Character1_Ctrl_Spine2/Character1_Ctrl_LeftShoulder/Character1_Ctrl_LeftArm/Character1_Ctrl_LeftForeArm/Character1_Ctrl_LeftHand/Character1_Ctrl_LeftHandPinky1/Character1_Ctrl_LeftHandPinky2 Node3D
/root/@Node3D@2/Character1_Ctrl_Reference/Character1_Ctrl_Hips/Character1_Ctrl_Spine/Character1_Ctrl_Spine1/Character1_Ctrl_Spine2/Character1_Ctrl_LeftShoulder/Character1_Ctrl_LeftArm/Character1_Ctrl_LeftForeArm/Character1_Ctrl_LeftHand/Character1_Ctrl_LeftHandPinky1/Character1_Ctrl_LeftHandPinky2/Character1_Ctrl_LeftHandPinky3 Node3D
/root/@Node3D@2/Character1_Ctrl_Reference/Character1_Ctrl_Hips/Character1_Ctrl_Spine/Character1_Ctrl_Spine1/Character1_Ctrl_Spine2/Character1_Ctrl_LeftShoulder/Character1_Ctrl_LeftArm/Character1_Ctrl_LeftForeArm/Character1_Ctrl_LeftHand/Character1_Ctrl_LeftHandPinky1/Character1_Ctrl_LeftHandPinky2/Character1_Ctrl_LeftHandPinky3/Character1_Ctrl_LeftHandPinky4 Node3D
/root/@Node3D@2/Character1_Ctrl_Reference/Character1_Ctrl_Hips/Character1_Ctrl_Spine/Character1_Ctrl_Spine1/Character1_Ctrl_Spine2/Character1_Ctrl_RightShoulder Node3D
/root/@Node3D@2/Character1_Ctrl_Reference/Character1_Ctrl_Hips/Character1_Ctrl_Spine/Character1_Ctrl_Spine1/Character1_Ctrl_Spine2/Character1_Ctrl_RightShoulder/Character1_Ctrl_RightArm Node3D
/root/@Node3D@2/Character1_Ctrl_Reference/Character1_Ctrl_Hips/Character1_Ctrl_Spine/Character1_Ctrl_Spine1/Character1_Ctrl_Spine2/Character1_Ctrl_RightShoulder/Character1_Ctrl_RightArm/Character1_Ctrl_RightForeArm Node3D
/root/@Node3D@2/Character1_Ctrl_Reference/Character1_Ctrl_Hips/Character1_Ctrl_Spine/Character1_Ctrl_Spine1/Character1_Ctrl_Spine2/Character1_Ctrl_RightShoulder/Character1_Ctrl_RightArm/Character1_Ctrl_RightForeArm/Character1_Ctrl_RightHand Node3D
/root/@Node3D@2/Character1_Ctrl_Reference/Character1_Ctrl_Hips/Character1_Ctrl_Spine/Character1_Ctrl_Spine1/Character1_Ctrl_Spine2/Character1_Ctrl_RightShoulder/Character1_Ctrl_RightArm/Character1_Ctrl_RightForeArm/Character1_Ctrl_RightHand/Character1_Ctrl_RightHandThumb1 Node3D
/root/@Node3D@2/Character1_Ctrl_Reference/Character1_Ctrl_Hips/Character1_Ctrl_Spine/Character1_Ctrl_Spine1/Character1_Ctrl_Spine2/Character1_Ctrl_RightShoulder/Character1_Ctrl_RightArm/Character1_Ctrl_RightForeArm/Character1_Ctrl_RightHand/Character1_Ctrl_RightHandThumb1/Character1_Ctrl_RightHandThumb2 Node3D
/root/@Node3D@2/Character1_Ctrl_Reference/Character1_Ctrl_Hips/Character1_Ctrl_Spine/Character1_Ctrl_Spine1/Character1_Ctrl_Spine2/Character1_Ctrl_RightShoulder/Character1_Ctrl_RightArm/Character1_Ctrl_RightForeArm/Character1_Ctrl_RightHand/Character1_Ctrl_RightHandThumb1/Character1_Ctrl_RightHandThumb2/Character1_Ctrl_RightHandThumb3 Node3D
/root/@Node3D@2/Character1_Ctrl_Reference/Character1_Ctrl_Hips/Character1_Ctrl_Spine/Character1_Ctrl_Spine1/Character1_Ctrl_Spine2/Character1_Ctrl_RightShoulder/Character1_Ctrl_RightArm/Character1_Ctrl_RightForeArm/Character1_Ctrl_RightHand/Character1_Ctrl_RightHandThumb1/Character1_Ctrl_RightHandThumb2/Character1_Ctrl_RightHandThumb3/Character1_Ctrl_RightHandThumb4 Node3D
/root/@Node3D@2/Character1_Ctrl_Reference/Character1_Ctrl_Hips/Character1_Ctrl_Spine/Character1_Ctrl_Spine1/Character1_Ctrl_Spine2/Character1_Ctrl_RightShoulder/Character1_Ctrl_RightArm/Character1_Ctrl_RightForeArm/Character1_Ctrl_RightHand/Character1_Ctrl_RightHandIndex1 Node3D
/root/@Node3D@2/Character1_Ctrl_Reference/Character1_Ctrl_Hips/Character1_Ctrl_Spine/Character1_Ctrl_Spine1/Character1_Ctrl_Spine2/Character1_Ctrl_RightShoulder/Character1_Ctrl_RightArm/Character1_Ctrl_RightForeArm/Character1_Ctrl_RightHand/Character1_Ctrl_RightHandIndex1/Character1_Ctrl_RightHandIndex2 Node3D
/root/@Node3D@2/Character1_Ctrl_Reference/Character1_Ctrl_Hips/Character1_Ctrl_Spine/Character1_Ctrl_Spine1/Character1_Ctrl_Spine2/Character1_Ctrl_RightShoulder/Character1_Ctrl_RightArm/Character1_Ctrl_RightForeArm/Character1_Ctrl_RightHand/Character1_Ctrl_RightHandIndex1/Character1_Ctrl_RightHandIndex2/Character1_Ctrl_RightHandIndex3 Node3D
/root/@Node3D@2/Character1_Ctrl_Reference/Character1_Ctrl_Hips/Character1_Ctrl_Spine/Character1_Ctrl_Spine1/Character1_Ctrl_Spine2/Character1_Ctrl_RightShoulder/Character1_Ctrl_RightArm/Character1_Ctrl_RightForeArm/Character1_Ctrl_RightHand/Character1_Ctrl_RightHandIndex1/Character1_Ctrl_RightHandIndex2/Character1_Ctrl_RightHandIndex3/Character1_Ctrl_RightHandIndex4 Node3D
/root/@Node3D@2/Character1_Ctrl_Reference/Character1_Ctrl_Hips/Character1_Ctrl_Spine/Character1_Ctrl_Spine1/Character1_Ctrl_Spine2/Character1_Ctrl_RightShoulder/Character1_Ctrl_RightArm/Character1_Ctrl_RightForeArm/Character1_Ctrl_RightHand/Character1_Ctrl_RightHandMiddle1 Node3D
/root/@Node3D@2/Character1_Ctrl_Reference/Character1_Ctrl_Hips/Character1_Ctrl_Spine/Character1_Ctrl_Spine1/Character1_Ctrl_Spine2/Character1_Ctrl_RightShoulder/Character1_Ctrl_RightArm/Character1_Ctrl_RightForeArm/Character1_Ctrl_RightHand/Character1_Ctrl_RightHandMiddle1/Character1_Ctrl_RightHandMiddle2 Node3D
/root/@Node3D@2/Character1_Ctrl_Reference/Character1_Ctrl_Hips/Character1_Ctrl_Spine/Character1_Ctrl_Spine1/Character1_Ctrl_Spine2/Character1_Ctrl_RightShoulder/Character1_Ctrl_RightArm/Character1_Ctrl_RightForeArm/Character1_Ctrl_RightHand/Character1_Ctrl_RightHandMiddle1/Character1_Ctrl_RightHandMiddle2/Character1_Ctrl_RightHandMiddle3 Node3D
/root/@Node3D@2/Character1_Ctrl_Reference/Character1_Ctrl_Hips/Character1_Ctrl_Spine/Character1_Ctrl_Spine1/Character1_Ctrl_Spine2/Character1_Ctrl_RightShoulder/Character1_Ctrl_RightArm/Character1_Ctrl_RightForeArm/Character1_Ctrl_RightHand/Character1_Ctrl_RightHandMiddle1/Character1_Ctrl_RightHandMiddle2/Character1_Ctrl_RightHandMiddle3/Character1_Ctrl_RightHandMiddle4 Node3D
/root/@Node3D@2/Character1_Ctrl_Reference/Character1_Ctrl_Hips/Character1_Ctrl_Spine/Character1_Ctrl_Spine1/Character1_Ctrl_Spine2/Character1_Ctrl_RightShoulder/Character1_Ctrl_RightArm/Character1_Ctrl_RightForeArm/Character1_Ctrl_RightHand/Character1_Ctrl_RightHandRing1 Node3D
/root/@Node3D@2/Character1_Ctrl_Reference/Character1_Ctrl_Hips/Character1_Ctrl_Spine/Character1_Ctrl_Spine1/Character1_Ctrl_Spine2/Character1_Ctrl_RightShoulder/Character1_Ctrl_RightArm/Character1_Ctrl_RightForeArm/Character1_Ctrl_RightHand/Character1_Ctrl_RightHandRing1/Character1_Ctrl_RightHandRing2 Node3D
/root/@Node3D@2/Character1_Ctrl_Reference/Character1_Ctrl_Hips/Character1_Ctrl_Spine/Character1_Ctrl_Spine1/Character1_Ctrl_Spine2/Character1_Ctrl_RightShoulder/Character1_Ctrl_RightArm/Character1_Ctrl_RightForeArm/Character1_Ctrl_RightHand/Character1_Ctrl_RightHandRing1/Character1_Ctrl_RightHandRing2/Character1_Ctrl_RightHandRing3 Node3D
/root/@Node3D@2/Character1_Ctrl_Reference/Character1_Ctrl_Hips/Character1_Ctrl_Spine/Character1_Ctrl_Spine1/Character1_Ctrl_Spine2/Character1_Ctrl_RightShoulder/Character1_Ctrl_RightArm/Character1_Ctrl_RightForeArm/Character1_Ctrl_RightHand/Character1_Ctrl_RightHandRing1/Character1_Ctrl_RightHandRing2/Character1_Ctrl_RightHandRing3/Character1_Ctrl_RightHandRing4 Node3D
/root/@Node3D@2/Character1_Ctrl_Reference/Character1_Ctrl_Hips/Character1_Ctrl_Spine/Character1_Ctrl_Spine1/Character1_Ctrl_Spine2/Character1_Ctrl_RightShoulder/Character1_Ctrl_RightArm/Character1_Ctrl_RightForeArm/Character1_Ctrl_RightHand/Character1_Ctrl_RightHandPinky1 Node3D
/root/@Node3D@2/Character1_Ctrl_Reference/Character1_Ctrl_Hips/Character1_Ctrl_Spine/Character1_Ctrl_Spine1/Character1_Ctrl_Spine2/Character1_Ctrl_RightShoulder/Character1_Ctrl_RightArm/Character1_Ctrl_RightForeArm/Character1_Ctrl_RightHand/Character1_Ctrl_RightHandPinky1/Character1_Ctrl_RightHandPinky2 Node3D
/root/@Node3D@2/Character1_Ctrl_Reference/Character1_Ctrl_Hips/Character1_Ctrl_Spine/Character1_Ctrl_Spine1/Character1_Ctrl_Spine2/Character1_Ctrl_RightShoulder/Character1_Ctrl_RightArm/Character1_Ctrl_RightForeArm/Character1_Ctrl_RightHand/Character1_Ctrl_RightHandPinky1/Character1_Ctrl_RightHandPinky2/Character1_Ctrl_RightHandPinky3 Node3D
/root/@Node3D@2/Character1_Ctrl_Reference/Character1_Ctrl_Hips/Character1_Ctrl_Spine/Character1_Ctrl_Spine1/Character1_Ctrl_Spine2/Character1_Ctrl_RightShoulder/Character1_Ctrl_RightArm/Character1_Ctrl_RightForeArm/Character1_Ctrl_RightHand/Character1_Ctrl_RightHandPinky1/Character1_Ctrl_RightHandPinky2/Character1_Ctrl_RightHandPinky3/Character1_Ctrl_RightHandPinky4 Node3D
/root/@Node3D@2/Character1_Ctrl_Reference/Character1_Ctrl_Hips/Character1_Ctrl_Spine/Character1_Ctrl_Spine1/Character1_Ctrl_Spine2/Character1_Ctrl_Neck Node3D
/root/@Node3D@2/Character1_Ctrl_Reference/Character1_Ctrl_Hips/Character1_Ctrl_Spine/Character1_Ctrl_Spine1/Character1_Ctrl_Spine2/Character1_Ctrl_Neck/Character1_Ctrl_Head Node3D
/root/@Node3D@2/axe Node3D
/root/@Node3D@2/axe/group1 Node3D
/root/@Node3D@2/axe/group1/Group15957 Node3D
/root/@Node3D@2/axe/group1/Group15957/defaultMat Node3D
/root/@Node3D@2/axe/group1/Group15960 Node3D
/root/@Node3D@2/axe/group1/Group15960/defaultMat2 Node3D
/root/@Node3D@2/axe/group1/Group15959 Node3D
/root/@Node3D@2/axe/group1/Group15959/defaultMat3 Node3D
/root/@Node3D@2/axe/group1/Group15958 Node3D
/root/@Node3D@2/axe/group1/Group15958/defaultMat4 Node3D
/root/@Node3D@2/axe1 Node3D
/root/@Node3D@2/axe1/group12 Node3D
/root/@Node3D@2/axe1/group12/Group159572 Node3D
/root/@Node3D@2/axe1/group12/Group159572/defaultMat5 Node3D
/root/@Node3D@2/axe1/group12/Group159602 Node3D
/root/@Node3D@2/axe1/group12/Group159602/defaultMat6 Node3D
/root/@Node3D@2/axe1/group12/Group159592 Node3D
/root/@Node3D@2/axe1/group12/Group159592/defaultMat7 Node3D
/root/@Node3D@2/axe1/group12/Group159582 Node3D
/root/@Node3D@2/axe1/group12/Group159582/defaultMat8 Node3D
/root/@Node3D@2/AnimationPlayer AnimationPlayer
 clip Take 001 5.0 tracks 140
GLTF append 0
GLTF write 0
