[HEADLESS] sword_clash_sweep_diagnostic_test.gd
NATURAL DIAGNOSTIC direct=true overlap=false player_t=inf enemy_t=inf player_state=2 enemy_state=3 health=79.0/82.0
NATURAL TRIAL x=0.25 z=-1.10000002384186 lead_frames=24 failures=5
NATURAL DIAGNOSTIC direct=true overlap=false player_t=inf enemy_t=inf player_state=2 enemy_state=3 health=79.0/82.0
NATURAL TRIAL x=0.0 z=-1.10000002384186 lead_frames=24 failures=5
NATURAL DIAGNOSTIC direct=true overlap=false player_t=inf enemy_t=inf player_state=2 enemy_state=3 health=79.0/82.0
NATURAL TRIAL x=0.25 z=-1.10000002384186 lead_frames=22 failures=5
NATURAL DIAGNOSTIC direct=true overlap=false player_t=inf enemy_t=inf player_state=2 enemy_state=3 health=79.0/82.0
NATURAL TRIAL x=0.0 z=-1.10000002384186 lead_frames=22 failures=5
NATURAL DIAGNOSTIC direct=true overlap=false player_t=inf enemy_t=inf player_state=2 enemy_state=3 health=79.0/82.0
NATURAL TRIAL x=0.25 z=-1.10000002384186 lead_frames=26 failures=5
NATURAL DIAGNOSTIC direct=true overlap=false player_t=inf enemy_t=inf player_state=2 enemy_state=3 health=79.0/82.0
NATURAL TRIAL x=0.0 z=-1.10000002384186 lead_frames=26 failures=5
NATURAL DIAGNOSTIC direct=true overlap=false player_t=inf enemy_t=inf player_state=2 enemy_state=3 health=79.0/82.0
NATURAL TRIAL x=-0.25 z=-1.10000002384186 lead_frames=24 failures=5
NATURAL DIAGNOSTIC direct=true overlap=false player_t=inf enemy_t=inf player_state=2 enemy_state=3 health=79.0/82.0
NATURAL TRIAL x=0.5 z=-1.10000002384186 lead_frames=24 failures=5
NATURAL DIAGNOSTIC direct=true overlap=false player_t=inf enemy_t=inf player_state=2 enemy_state=3 health=79.0/82.0
NATURAL TRIAL x=0.25 z=-1.29999995231628 lead_frames=24 failures=5
NATURAL DIAGNOSTIC direct=true overlap=false player_t=inf enemy_t=inf player_state=2 enemy_state=3 health=79.0/82.0
NATURAL TRIAL x=0.0 z=-1.29999995231628 lead_frames=24 failures=5
NATURAL DIAGNOSTIC direct=true overlap=false player_t=inf enemy_t=inf player_state=2 enemy_state=3 health=79.0/82.0
NATURAL TRIAL x=0.25 z=-1.5 lead_frames=24 failures=5
NATURAL DIAGNOSTIC direct=true overlap=false player_t=inf enemy_t=inf player_state=2 enemy_state=3 health=79.0/82.0
NATURAL TRIAL x=0.0 z=-1.5 lead_frames=24 failures=5
NATURAL SEARCH NO MATCH IN 12 BOUNDED NORMAL PLACEMENTS

Headless validation: 0 passed, 1 failed.
FAILED: sword_clash_sweep_diagnostic_test.gd (1)
