[HEADLESS] first_person_motion_test.gd
FIRST PERSON MOTION PASS: phase-continuous sword curves, impact clock, actual two-hand bow/string and shield contacts, release, interruption, two-arm ownership, frame-rate consistency, pause and aim isolation
[HEADLESS] sword_attack_variants_test.gd
SWORD ATTACK VARIANTS PASS: three actual paired attacks, 145ms/300ms paired versus 55ms/160ms solo timing, unchanged one-hit/cost transactions, commit-only cycle, cancellation and menu/equipment reset
[HEADLESS] sword_clash_test.gd
SWORD CLASH TEST PASS: modeled blade overlap, attack timing, damage cancellation, and unarmed exclusion
[HEADLESS] first_person_renderer_test.gd
FIRST PERSON RENDERER TEST PASS: reproduced wall occlusion, separate equipment depth, all loadouts, real world anchors/lights/projectiles, chest/camp/safe-zone visibility, resize/pause/camera changes and cleanup
[HEADLESS] first_person_motion_preview_test.gd
FIRST PERSON MOTION PREVIEW PASS: 24 production action states, real resources/contact, isolated input and complete original session preservation
[HEADLESS] sword_long_grip_test.gd
SWORD LONG GRIP PASS: original mesh/material fidelity, authored hand through six real attacks, canonical blade/clash, smithing isolation, other weapons/chest/safe-zone restoration
[HEADLESS] sword_shield_model_test.gd
SHIELD ACTUAL POWER GRIP [{"contacts":{"index":{"deepest_mm":0.0,"fixed_palm_center_gap_mm":33.3005450665951,"gap_mm":2.51024914905429,"mean_signed_mm":2.51024914905429,"nearest_palm_gap_mm":31.9228454606642,"nearest_palm_signed_mm":29.3051283806562,"pad_facing":0.610901951789856},"little":{"deepest_mm":-0.411713117500767,"fixed_palm_center_gap_mm":29.3162856251001,"gap_mm":3.39406705461442,"mean_signed_mm":3.39406728744507,"nearest_palm_gap_mm":27.8255158042665,"nearest_palm_signed_mm":21.1788136512041,"pad_facing":0.447416424751282},"middle":{"deepest_mm":-0.696786388289183,"fixed_palm_center_gap_mm":45.6830263137817,"gap_mm":2.06096610054374,"mean_signed_mm":2.06096610054374,"nearest_palm_gap_mm":30.4712965020329,"nearest_palm_signed_mm":21.0358090698719,"pad_facing":0.538627982139587},"ring":{"deepest_mm":-0.0934542622417212,"fixed_palm_center_gap_mm":34.3169867992401,"gap_mm":1.9619248341769,"mean_signed_mm":1.96192460134625,"nearest_palm_gap_mm":33.242843517236,"nearest_palm_signed_mm":32.0777595043182,"pad_facing":0.700000941753387},"thumb":{"deepest_mm":-0.436775211710483,"gap_mm":1.47198489867151,"mean_signed_mm":1.47198513150215,"pad_facing":0.859141111373901}},"pose":"idle"},{"contacts":{"index":{"deepest_mm":0.0,"fixed_palm_center_gap_mm":33.302441239357,"gap_mm":2.49149138107896,"mean_signed_mm":2.49149138107896,"nearest_palm_gap_mm":31.9277025907408,"nearest_palm_signed_mm":29.3100252747536,"pad_facing":0.610950589179993},"little":{"deepest_mm":-0.431757071055472,"fixed_palm_center_gap_mm":29.3203871697187,"gap_mm":3.37528227828443,"mean_signed_mm":3.37528227828443,"nearest_palm_gap_mm":27.8289441856129,"nearest_palm_signed_mm":21.1726259440184,"pad_facing":0.446685254573822},"middle":{"deepest_mm":-0.714893219992518,"fixed_palm_center_gap_mm":45.6648841500282,"gap_mm":2.04216502606869,"mean_signed_mm":2.04216525889933,"nearest_palm_gap_mm":30.4615049199878,"nearest_palm_signed_mm":21.0301112383604,"pad_facing":0.53890335559845},"ring":{"deepest_mm":-0.111614703200758,"fixed_palm_center_gap_mm":34.30300578475,"gap_mm":1.94317544810474,"mean_signed_mm":1.94317556452006,"nearest_palm_gap_mm":33.2323990125911,"nearest_palm_signed_mm":32.0686958730221,"pad_facing":0.70021915435791},"thumb":{"deepest_mm":-0.446128251496702,"gap_mm":1.46354455500841,"mean_signed_mm":1.46354467142373,"pad_facing":0.859027564525604}},"pose":"guard"},{"contacts":{"index":{"deepest_mm":0.0,"fixed_palm_center_gap_mm":33.3032198250294,"gap_mm":2.48364079743624,"mean_signed_mm":2.48364103026688,"nearest_palm_gap_mm":31.9297845125883,"nearest_palm_signed_mm":29.3120164424181,"pad_facing":0.610971391201019},"little":{"deepest_mm":-0.44021348003298,"fixed_palm_center_gap_mm":29.322313144803,"gap_mm":3.36733926087618,"mean_signed_mm":3.36733926087618,"nearest_palm_gap_mm":27.8304386101514,"nearest_palm_signed_mm":21.1702138185501,"pad_facing":0.446380168199539},"middle":{"deepest_mm":-0.722628203220665,"fixed_palm_center_gap_mm":45.6570386886597,"gap_mm":2.03438685275614,"mean_signed_mm":2.03438685275614,"nearest_palm_gap_mm":30.4573618945029,"nearest_palm_signed_mm":21.0278145968914,"pad_facing":0.53901869058609},"ring":{"deepest_mm":-0.119253905722871,"fixed_palm_center_gap_mm":34.297276288271,"gap_mm":1.93530146498233,"mean_signed_mm":1.93530169781297,"nearest_palm_gap_mm":33.2281915627233,"nearest_palm_signed_mm":32.0648960769176,"pad_facing":0.700310468673706},"thumb":{"deepest_mm":-0.450046180048957,"gap_mm":1.45984091795981,"mean_signed_mm":1.45984091795981,"pad_facing":0.858980357646942}},"pose":"impact"},{"contacts":{"index":{"deepest_mm":0.0,"fixed_palm_center_gap_mm":33.3005860447884,"gap_mm":2.51011969521642,"mean_signed_mm":2.51011992804706,"nearest_palm_gap_mm":31.9228509308209,"nearest_palm_signed_mm":29.3051600456238,"pad_facing":0.610902190208435},"little":{"deepest_mm":-0.411862944019958,"fixed_palm_center_gap_mm":29.3161049485207,"gap_mm":3.39418440125883,"mean_signed_mm":3.39418463408947,"nearest_palm_gap_mm":27.8254112100324,"nearest_palm_signed_mm":21.1787410080433,"pad_facing":0.447416663169861},"middle":{"deepest_mm":-0.696849543601274,"fixed_palm_center_gap_mm":45.6830263137817,"gap_mm":2.06097192130983,"mean_signed_mm":2.06097215414047,"nearest_palm_gap_mm":30.4713308864348,"nearest_palm_signed_mm":21.035622805357,"pad_facing":0.538628101348877},"ring":{"deepest_mm":-0.093518930952996,"fixed_palm_center_gap_mm":34.3169905245304,"gap_mm":1.96177931502461,"mean_signed_mm":1.96177931502461,"nearest_palm_gap_mm":33.2428907937491,"nearest_palm_signed_mm":32.0777520537376,"pad_facing":0.700001239776611},"thumb":{"deepest_mm":-0.43685213313438,"gap_mm":1.47217570338398,"mean_signed_mm":1.4721758197993,"pad_facing":0.859141290187836}},"pose":"riposte"}]
SWORD SHIELD MODEL PASS
[HEADLESS] sword_shield_gallery_test.gd
SWORD SHIELD GALLERY PASS: exact production scenes/materials and varied vertex AO, six real view buttons, front boss/rear straps, F2/close/reset cleanup and deep original restoration
WARNING: 2 ObjectDB instances were leaked at exit (run with `--verbose` for details).
   at: cleanup (core/object/object.cpp:2535)
[HEADLESS] sword_shield_choreography_test.gd
CHOREOGRAPHY ACTUAL ANATOMY shield {"max_contact":0.000000305382940268828,"max_contact_pose":"left_reverse charge 1 clash 0.075s recovery frame 9","max_forearm":0.340000450611115,"max_forearm_pose":"left_reverse charge 1 active frame 151","max_joint_error":0.000000536441802978516,"max_joint_error_pose":"overhead charge 1 recovery frame 235","max_upper":0.478395134210587,"max_upper_pose":"held ready","min_alignment":0.980570018291473,"min_alignment_pose":"overhead charge 0 recovery frame 67"}
ERROR: Actual imported sleeve endpoints must join the authored wrist, each other and the camera-relative shoulder through combat
   at: push_error (core/variant/variant_utility.cpp:1023)
   GDScript backtrace (most recent call first):
       [0] _run (res://tests/sword_shield_choreography_test.gd:45)
SWORD SHIELD CHOREOGRAPHY FAIL: continuous phase/knot velocity, three actual 120 Hz blade paths, modeled clash recovery without snapping, real wrist/limb/marker contacts, reversible shield raising, recoil and pause/aim isolation
[HEADLESS] sword_shield_choreography_preview_test.gd
SWORD SHIELD CHOREOGRAPHY PREVIEW TEST PASS: six real action sequences, four same-arm diagnostic cameras, numeric landmarks, isolated inputs and deep session restoration
[HEADLESS] first_person_motion_test_room_test.gd
FIRST PERSON MOTION TEST ROOM PASS: seven motion families plus five sword/shield trials, real cuts/guard/enemy impact, repeated F2, reset and complete original session restoration
WARNING: 2 ObjectDB instances were leaked at exit (run with `--verbose` for details).
   at: cleanup (core/object/object.cpp:2535)
[HEADLESS] player_arm_test.gd
PLAYER ARM PASS: full-body GLB/atlas sharing, articulated grip and wrist-preserving arm fit, actual combat/bow/chest preview paths, trial hits and contacts, F2/repeat/reset and expedition restoration
WARNING: 2 ObjectDB instances were leaked at exit (run with `--verbose` for details).
   at: cleanup (core/object/object.cpp:2535)
[HEADLESS] blacksmith_test_room_test.gd
BLACKSMITH TEST ROOM PASS: real hideout forge, grip/blade/rune effects, automatic catalogs, full-bag supplies, repeated F2, reset and complete original weapon-instance restoration
WARNING: 17 ObjectDB instances were leaked at exit (run with `--verbose` for details).
   at: cleanup (core/object/object.cpp:2535)
[HEADLESS] test_room_session_test.gd
TEST ROOM SESSION TEST PASS: inventory identity, stress accumulation/recovery isolation, camping supplies, bow and arrows, chain flail, wallet, deep stock copies, needs, ailments, magic, and unstarted-session restoration

Headless validation: 13 passed, 1 failed.
FAILED: sword_shield_choreography_test.gd (1)
