[HEADLESS] sword_shield_choreography_test.gd
CHOREOGRAPHY ACTUAL ANATOMY shield {"max_contact":0.000000448089082283332,"max_contact_pose":"right_diagonal charge 1 windup frame 124","max_forearm":0.340000212192535,"max_forearm_pose":"right_diagonal charge 1 clash 0.075s recovery frame 70","max_joint_error":0.000000476837158203125,"max_joint_error_pose":"left_reverse charge 0 windup frame 4","max_upper":0.529099822044373,"max_upper_pose":"guard raising frame 21","min_alignment":0.980570077896118,"min_alignment_pose":"right_diagonal charge 0 recovery frame 67"}
ERROR: shield max_upper physical limit 0.5000 failed at 0.529100 (guard raising frame 21)
   at: push_error (core/variant/variant_utility.cpp:1023)
   GDScript backtrace (most recent call first):
       [0] _run (res://tests/sword_shield_choreography_test.gd:45)
SWORD SHIELD CHOREOGRAPHY FAIL: continuous phase/knot velocity, three actual 120 Hz blade paths, modeled clash recovery without snapping, real wrist/limb/marker contacts, reversible shield raising, recoil and pause/aim isolation
[HEADLESS] reference_motion_shape_test.gd
right_diagonal contact linear difference=0.00802452078119 angular difference=0.03598126769066 speeds=(-0.835955, -0.593811, -4.848465) / (-0.816584, -0.596792, -4.87864)
left_reverse contact linear difference=0.00614390600617 angular difference=0.02771776169538 speeds=(3.379583, -1.165271, 4.430115) / (3.403425, -1.1608, 4.416704)
overhead contact linear difference=0.00149011611938 angular difference=0.0421406365931 speeds=(-4.070252, -3.004167, -0.698864) / (-4.098565, -3.031176, -0.683218)
REFERENCE MOTION SHAPE PASS
[HEADLESS] reference_sword_motion_data_test.gd
REFERENCE SWORD MOTION DATA PASS: parser and shared clock only; actual_delivery_evaluated=false; production_arm_available=true
[HEADLESS] first_person_motion_test_room_test.gd
FIRST PERSON MOTION TEST ROOM PASS: seven motion families plus five sword/shield trials, real cuts/guard/enemy impact, repeated F2, reset and complete original session restoration
WARNING: 2 ObjectDB instances were leaked at exit (run with `--verbose` for details).
   at: cleanup (core/object/object.cpp:2535)

Headless validation: 3 passed, 1 failed.
FAILED: sword_shield_choreography_test.gd (1)
