Godot Engine v4.7.stable.official.5b4e0cb0f - https://godotengine.org

[   0% ] [90m[1mfirst_scan_filesystem[22m | Started 프로젝트 초기화 (5 steps)[39m[0m
[   0% ] [90m[1mfirst_scan_filesystem[22m | 파일 구조 스캔 중...[39m[0m
[  16% ] [90m[1mfirst_scan_filesystem[22m | 전역 클래스 이름을 불러오는 중...[39m[0m
[  33% ] [90m[1mfirst_scan_filesystem[22m | GDExtensions 검증 중...[39m[0m
[  50% ] [90m[1mfirst_scan_filesystem[22m | 오토로드 스크립트를 만드는 중...[39m[0m
WARNING: 'res://assets/3d/items/beef_jerky/beef_jerky_variants.glb': In external resource #0, invalid UID: 'uid://cob3gqboci82a' - using text path instead: 'res://assets/3d/items/beef_jerky/beef_jerky_variants_jerky_basecolor.png'.
     at: open (core/io/resource_format_binary.cpp:1025)
WARNING: 'res://assets/3d/items/beef_jerky/beef_jerky_variants.glb': In external resource #1, invalid UID: 'uid://bbtsefkf5w23o' - using text path instead: 'res://assets/3d/items/beef_jerky/beef_jerky_variants_jerky_metallic-jerky_roughness.png'.
     at: open (core/io/resource_format_binary.cpp:1025)
WARNING: 'res://assets/3d/items/beef_jerky/beef_jerky_variants.glb': In external resource #2, invalid UID: 'uid://b7acmhalfjcx' - using text path instead: 'res://assets/3d/items/beef_jerky/beef_jerky_variants_jerky_normal.png'.
     at: open (core/io/resource_format_binary.cpp:1025)
[  66% ] [90m[1mfirst_scan_filesystem[22m | 플러그인을 초기화 중...[39m[0m
[  83% ] [90m[1mfirst_scan_filesystem[22m | 파일 스캔 시작 중...[39m[0m
[92m[ DONE ][39m [1mfirst_scan_filesystem[22m
[0m
[   0% ] [90m[1mupdate_scripts_classes[22m | Started 전역 클래스를 등록하는 중... (7 steps)[39m[0m
[   0% ] [90m[1mupdate_scripts_classes[22m | [39m[0m
[  12% ] [90m[1mupdate_scripts_classes[22m | [39m[0m
[  25% ] [90m[1mupdate_scripts_classes[22m | [39m[0m
[  37% ] [90m[1mupdate_scripts_classes[22m | [39m[0m
[  50% ] [90m[1mupdate_scripts_classes[22m | [39m[0m
[  62% ] [90m[1mupdate_scripts_classes[22m | [39m[0m
[  75% ] [90m[1mupdate_scripts_classes[22m | [39m[0m
[92m[ DONE ][39m [1mupdate_scripts_classes[22m
[0m
[   0% ] [90m[1m_update_scan_actions[22m | Started 액션 스캔 중... (9 steps)[39m[0m
[   0% ] [90m[1m_update_scan_actions[22m | beef_jerky_pile.glb[39m[0m
[  10% ] [90m[1m_update_scan_actions[22m | beef_jerky_pile_jerky_basecolor.png[39m[0m
[  20% ] [90m[1m_update_scan_actions[22m | beef_jerky_pile_jerky_metallic-jerky_roughness.png[39m[0m
[  30% ] [90m[1m_update_scan_actions[22m | beef_jerky_pile_jerky_normal.png[39m[0m
[  40% ] [90m[1m_update_scan_actions[22m | beef_jerky_variants.glb[39m[0m
[  50% ] [90m[1m_update_scan_actions[22m | beef_jerky_variants_jerky_basecolor.png[39m[0m
[  60% ] [90m[1m_update_scan_actions[22m | beef_jerky_variants_jerky_metallic-jerky_roughness.png[39m[0m
[  70% ] [90m[1m_update_scan_actions[22m | beef_jerky_variants_jerky_normal.png[39m[0m
[  80% ] [90m[1m_update_scan_actions[22m | beef_jerky.svg[39m[0m
[92m[ DONE ][39m [1m_update_scan_actions[22m
[0m
[   0% ] [90m[1mreimport[22m | Started 애셋 (다시) 가져오는 중 (1 steps)[39m[0m
[   0% ] [90m[1mreimport[22m | 다시 가져올 파일을 준비 중...[39m[0m
[   0% ] [90m[1mreimport[22m | 다시 가져오기 전 작업을 수행 중...[39m[0m
[   0% ] [90m[1mreimport[22m | beef_jerky.svg[39m[0m
[  50% ] [90m[1mreimport[22m | 애셋 가져오기 마무리 중...[39m[0m
[92m[ DONE ][39m [1mreimport[22m
[0m
[   0% ] [90m[1mreimport[22m | Started 애셋 (다시) 가져오는 중 (1 steps)[39m[0m
[   0% ] [90m[1mreimport[22m | 다시 가져오기 후 작업을 수행 중...[39m[0m
[92m[ DONE ][39m [1mreimport[22m
[0m
[   0% ] [90m[1mloading_editor_layout[22m | Started 편집기를 불러오는 중 (5 steps)[39m[0m
[   0% ] [90m[1mloading_editor_layout[22m | 편집기 레이아웃을 불러오는 중...[39m[0m
[  16% ] [90m[1mloading_editor_layout[22m | 독을 불러오는 중...[39m[0m
[  33% ] [90m[1mloading_editor_layout[22m | 씬을 다시 여는 중...[39m[0m
[  50% ] [90m[1mloading_editor_layout[22m | 중앙 편집기 레이아웃을 불러오는 중...[39m[0m
[  66% ] [90m[1mloading_editor_layout[22m | 플러그인 창 레이아웃을 불러오는 중...[39m[0m
[  83% ] [90m[1mloading_editor_layout[22m | 편집기 레이아웃이 준비되었습니다.[39m[0m
[92m[ DONE ][39m [1mloading_editor_layout[22m
[0m
