Godot Engine v4.7.stable.official.5b4e0cb0f - https://godotengine.org
Vulkan 1.2.334 - Forward+ - Using Device #0: Apple - Apple M4

WARNING: Values of the ternary operator are not mutually compatible.
     at: GDScript::reload (res://scripts/dungeon_combat_hud.gd:122)
WARNING: Values of the ternary operator are not mutually compatible.
     at: GDScript::reload (res://scripts/dungeon_combat_hud.gd:128)
WARNING: Integer division. Decimal part will be discarded.
     at: GDScript::reload (res://scripts/dungeon_combat_hud.gd:155)
WARNING: The variable "wrap" has the same name as a built-in function.
     at: GDScript::reload (res://scripts/warden_concept_visual.gd:173)
WARNING: The local variable "target" is shadowing an already-declared variable at line 43 in the current class.
     at: GDScript::reload (res://scripts/enemy.gd:248)
WARNING: The local variable "basis" is shadowing an already-declared property in the base class "Node3D".
     at: GDScript::reload (res://scripts/reference_continuous_sleeve.gd:162)
WARNING: The local variable "basis" is shadowing an already-declared property in the base class "Node3D".
     at: GDScript::reload (res://scripts/supplied_fp_arm.gd:161)
WARNING: The class variable "_forearm" is declared but never used in the class.
     at: GDScript::reload (res://scripts/sword_long_grip_visual.gd:41)
WARNING: The class variable "_upper_arm" is declared but never used in the class.
     at: GDScript::reload (res://scripts/sword_long_grip_visual.gd:42)
WARNING: The class variable "_cuff" is declared but never used in the class.
     at: GDScript::reload (res://scripts/sword_long_grip_visual.gd:43)
WARNING: The local variable "rotation" is shadowing an already-declared property in the base class "Node3D".
     at: GDScript::reload (res://scripts/sword_long_grip_visual.gd:89)
WARNING: The parameter "preserve_authored_elbow" is never used in the function "fit_arm()". If this is intended, prefix it with an underscore: "_preserve_authored_elbow".
     at: GDScript::reload (res://scripts/sword_long_grip_visual.gd:174)
WARNING: The local variable "rotation" is shadowing an already-declared property in the base class "Node3D".
     at: GDScript::reload (res://scripts/sword_long_grip_visual.gd:197)
WARNING: The local variable "basis" is shadowing an already-declared property in the base class "Node3D".
     at: GDScript::reload (res://scripts/sword_shield_arm_visual.gd:212)
WARNING: Integer division. Decimal part will be discarded.
     at: GDScript::reload (res://scripts/sword_shield_arm_visual.gd:448)
WARNING: The local variable "rotation" is shadowing an already-declared property in the base class "Node3D".
     at: GDScript::reload (res://scripts/sword_shield_arm_visual.gd:500)
WARNING: The function parameter "seed" has the same name as a built-in function.
     at: GDScript::reload (res://scripts/sword_shield_arm_visual.gd:512)
WARNING: The variable "correction" is declared below in the parent block.
     at: GDScript::reload (res://scripts/sword_shield_arm_visual.gd:532)
WARNING: The function parameter "seed" has the same name as a built-in function.
     at: GDScript::reload (res://scripts/sword_shield_arm_visual.gd:542)
WARNING: The variable "delta" is declared below in the parent block.
     at: GDScript::reload (res://scripts/sword_shield_arm_visual.gd:563)
WARNING: The variable "seed" has the same name as a built-in function.
     at: GDScript::reload (res://scripts/shield_shatter.gd:118)
WARNING: The variable "wrap" has the same name as a built-in function.
     at: GDScript::reload (res://scripts/flail_visuals.gd:31)
WARNING: The variable "wrap" has the same name as a built-in function.
     at: GDScript::reload (res://scripts/equipment_concept_visual.gd:238)
WARNING: Integer division. Decimal part will be discarded.
     at: GDScript::reload (res://scripts/reference_sword_motion.gd:95)
WARNING: Integer division. Decimal part will be discarded.
     at: GDScript::reload (res://scripts/reference_sword_motion.gd:177)
WARNING: The local function parameter "shield" is shadowing an already-declared function at line 118 in the current class.
     at: GDScript::reload (res://scripts/first_person_motion.gd:32)
WARNING: The local function parameter "shield" is shadowing an already-declared function at line 118 in the current class.
     at: GDScript::reload (res://scripts/first_person_motion.gd:42)
WARNING: The local function parameter "stab_basis" is shadowing an already-declared function at line 154 in the current class.
     at: GDScript::reload (res://scripts/rear_takedown_motion.gd:47)
WARNING: The local "for" iterator variable "name" is shadowing an already-declared property in the base class "Node".
     at: GDScript::reload (res://scripts/splint_use_visuals.gd:159)
WARNING: Integer division. Decimal part will be discarded.
     at: GDScript::reload (res://scripts/splint_use_visuals.gd:181)
WARNING: Integer division. Decimal part will be discarded.
     at: GDScript::reload (res://scripts/splint_use_visuals.gd:263)
WARNING: Integer division. Decimal part will be discarded.
     at: GDScript::reload (res://scripts/splint_use_visuals.gd:296)
WARNING: The variable "finger_axis" is declared below in the parent block.
     at: GDScript::reload (res://scripts/loot_chest.gd:402)
WARNING: The variable "wrap" has the same name as a built-in function.
     at: GDScript::reload (res://scripts/loot_chest.gd:435)
WARNING: The parameter "dark_steel" is never used in the function "_build_sword_visual()". If this is intended, prefix it with an underscore: "_dark_steel".
     at: GDScript::reload (res://scripts/player.gd:526)
WARNING: The parameter "blade_steel" is never used in the function "_build_sword_visual()". If this is intended, prefix it with an underscore: "_blade_steel".
     at: GDScript::reload (res://scripts/player.gd:526)
WARNING: The parameter "rusted_steel" is never used in the function "_build_sword_visual()". If this is intended, prefix it with an underscore: "_rusted_steel".
     at: GDScript::reload (res://scripts/player.gd:526)
WARNING: The parameter "iron" is never used in the function "_build_shield()". If this is intended, prefix it with an underscore: "_iron".
     at: GDScript::reload (res://scripts/player.gd:596)
WARNING: The parameter "leather" is never used in the function "_build_shield()". If this is intended, prefix it with an underscore: "_leather".
     at: GDScript::reload (res://scripts/player.gd:596)
WARNING: The local function parameter "owner" is shadowing an already-declared property in the base class "Node".
     at: GDScript::reload (res://scripts/player.gd:1940)
WARNING: The variable "result" is declared below in the parent block.
     at: GDScript::reload (res://scripts/player.gd:3759)
WARNING: The variable "wrist" is declared below in the parent block.
     at: GDScript::reload (res://scripts/player.gd:4162)
WARNING: The variable "fitted" is declared below in the parent block.
     at: GDScript::reload (res://scripts/player.gd:4165)
WARNING: The variable "axis" is declared below in the parent block.
     at: GDScript::reload (res://scripts/player.gd:4172)
WARNING: The variable "shoulder" is declared below in the parent block.
     at: GDScript::reload (res://scripts/player.gd:4179)
WARNING: The variable "pole" is declared below in the parent block.
     at: GDScript::reload (res://scripts/player.gd:4188)
WARNING: The local variable "scale" is shadowing an already-declared property in the base class "Node3D".
     at: GDScript::reload (res://scripts/player.gd:4512)
WARNING: Values of the ternary operator are not mutually compatible.
     at: GDScript::reload (res://scripts/health_panel.gd:301)
WARNING: The signal "health_requested" is declared but never explicitly used in the class.
     at: GDScript::reload (res://scripts/health_chrome.gd:6)
WARNING: Integer division. Decimal part will be discarded.
     at: GDScript::reload (res://scripts/combined_loadout_panel.gd:99)
WARNING: Integer division. Decimal part will be discarded.
     at: GDScript::reload (res://scripts/combined_loadout_panel.gd:104)
Embedded window can't be resized.
WARNING: 'res://assets/3d/player/gravebound_player.glb': In external resource #0, invalid UID: 'uid://baerjlo3dah8r' - using text path instead: 'res://assets/3d/player/gravebound_player_Gravebound_UserSupplied_OriginalAtlas_2048.png'.
     at: open (core/io/resource_format_binary.cpp:1025)
     GDScript backtrace (most recent call first):
         [0] create_body (res://scripts/player_appearance.gd:16)
         [1] _ready (res://scripts/player_portrait.gd:30)
         [2] _capture_body (res://tests/player_appearance_preview.gd:77)
         [3] _run (res://tests/player_appearance_preview.gd:43)
WARNING: 'res://assets/3d/player/gravebound_player.glb': In external resource #2, invalid UID: 'uid://by8m06mt6vmnl' - using text path instead: 'res://assets/3d/player/gravebound_player_Gravebound_Natural_Hand_Albedo.png'.
     at: open (core/io/resource_format_binary.cpp:1025)
     GDScript backtrace (most recent call first):
         [0] create_body (res://scripts/player_appearance.gd:16)
         [1] _ready (res://scripts/player_portrait.gd:30)
         [2] _capture_body (res://tests/player_appearance_preview.gd:77)
         [3] _run (res://tests/player_appearance_preview.gd:43)
WARNING: 'res://assets/3d/player/gravebound_player.glb': In external resource #5, invalid UID: 'uid://buvoevjkvebqq' - using text path instead: 'res://assets/3d/player/gravebound_player_Gravebound_Matched_Sleeve_Albedo.png'.
     at: open (core/io/resource_format_binary.cpp:1025)
     GDScript backtrace (most recent call first):
         [0] create_body (res://scripts/player_appearance.gd:16)
         [1] _ready (res://scripts/player_portrait.gd:30)
         [2] _capture_body (res://tests/player_appearance_preview.gd:77)
         [3] _run (res://tests/player_appearance_preview.gd:43)
PLAYER CAPTURE: /private/tmp/player-cowl-runtime/artifacts/visual_qa/player_appearance/shoulder_form_final_20260922/player_front.png
PLAYER CAPTURE: /private/tmp/player-cowl-runtime/artifacts/visual_qa/player_appearance/shoulder_form_final_20260922/player_three_quarter.png
PLAYER CAPTURE: /private/tmp/player-cowl-runtime/artifacts/visual_qa/player_appearance/shoulder_form_final_20260922/player_side.png
PLAYER CAPTURE: /private/tmp/player-cowl-runtime/artifacts/visual_qa/player_appearance/shoulder_form_final_20260922/player_back.png
PLAYER CAPTURE: /private/tmp/player-cowl-runtime/artifacts/visual_qa/player_appearance/shoulder_form_final_20260922/player_face_detail.png
PLAYER CAPTURE: /private/tmp/player-cowl-runtime/artifacts/visual_qa/player_appearance/shoulder_form_final_20260922/player_shoulder_form_front.png
PLAYER CAPTURE: /private/tmp/player-cowl-runtime/artifacts/visual_qa/player_appearance/shoulder_form_final_20260922/player_shoulder_form_front_clay.png
PLAYER CAPTURE: /private/tmp/player-cowl-runtime/artifacts/visual_qa/player_appearance/shoulder_form_final_20260922/player_shoulder_form_oblique.png
PLAYER CAPTURE: /private/tmp/player-cowl-runtime/artifacts/visual_qa/player_appearance/shoulder_form_final_20260922/player_shoulder_form_oblique_clay.png
PLAYER CAPTURE: /private/tmp/player-cowl-runtime/artifacts/visual_qa/player_appearance/shoulder_form_final_20260922/player_shoulder_form_side.png
PLAYER CAPTURE: /private/tmp/player-cowl-runtime/artifacts/visual_qa/player_appearance/shoulder_form_final_20260922/player_shoulder_form_side_clay.png
PLAYER CAPTURE: /private/tmp/player-cowl-runtime/artifacts/visual_qa/player_appearance/shoulder_form_final_20260922/player_shoulder_form_rear.png
PLAYER CAPTURE: /private/tmp/player-cowl-runtime/artifacts/visual_qa/player_appearance/shoulder_form_final_20260922/player_shoulder_form_rear_clay.png
PLAYER APPEARANCE PREVIEW PASS: 13 actual-renderer captures, input and expedition preserved; /private/tmp/player-cowl-runtime/artifacts/visual_qa/player_appearance/shoulder_form_final_20260922
