[HEADLESS] player_arm_test.gd
PLAYER ARM PASS: supplied default hand GLB/texture fidelity, real skinned grip and wrist-preserving arm fit, actual combat/bow/chest preview paths, trial hits and contacts, F2/repeat/reset and expedition restoration
WARNING: 2 ObjectDB instances were leaked at exit (run with `--verbose` for details).
   at: cleanup (core/object/object.cpp:2535)
[HEADLESS] player_appearance_test.gd
PLAYER APPEARANCE PASS: actual imported 3D body and shared inventory portrait, camera layers, paused rotation controls, repeated F2/dungeon roundtrips, reset, cleanup and full expedition restoration
WARNING: 2 ObjectDB instances were leaked at exit (run with `--verbose` for details).
   at: cleanup (core/object/object.cpp:2535)
[HEADLESS] chest_hands_test.gd
CHEST HANDS PASS: real stow/reach/fidget/lift phases, articulated fingers, synced lid, container hold/restore, all loadouts/full bag, cancellation, pause/scaled timing and scene cleanup
[HEADLESS] player_hands_detailed_test.gd
PBR CUFF SOURCE FRAME: WristCuff_Surface_left/0/Detailed_Glove; 5170 imported frames, 9101 UV-derivative comparisons, signed U/normal-map-Y min=(0.862633, 0.618852); no runtime tangent fallback
SUPPLIED FIXED WRIST: supplied wrist/-1; actual proximal vertices=3290, finger vertices=26274, full-flex wrist movement_m=0.0, finger movement_m=0.12740451097488
PBR CUFF SOURCE FRAME: WristCuff_Surface_right/0/Detailed_Glove; 5172 imported frames, 9102 UV-derivative comparisons, signed U/normal-map-Y min=(0.87721, 0.540393); no runtime tangent fallback
SUPPLIED FIXED WRIST: supplied wrist/1; actual proximal vertices=3290, finger vertices=26274, full-flex wrist movement_m=0.0, finger movement_m=0.12740440666676
ERROR: elastic fitting must preserve the outside and perpendicular width while compressing the inside monotonically within its allowed depth: chest_touch/CharacterArm max_error=0.00000003077595 invalid=0 min_inner_scale=0.43967772487488
   at: push_error (core/variant/variant_utility.cpp:1023)
   GDScript backtrace (most recent call first):
       [0] _run (res://tests/player_hands_detailed_test.gd:23)
PLAYER HANDS DETAILED FAIL: bilateral supplied anatomy and handedness, skinned fingers and rigid nail attachment, free/bow/chest gameplay, render layers, default fidelity and isolated F2/repeat/switch/reset/exit
WARNING: 2 ObjectDB instances were leaked at exit (run with `--verbose` for details).
   at: cleanup (core/object/object.cpp:2535)
[HEADLESS] player_finger_joints_test.gd
PLAYER FINGER JOINTS PASS: thirty independent local joints, source-localized morphs and weighted supplied anatomy, original nail attachment, limits/reset, bow/chest linkage, real controls and isolated F2/repeat/switch/reset/exit
WARNING: 2 ObjectDB instances were leaked at exit (run with `--verbose` for details).
   at: cleanup (core/object/object.cpp:2535)
[HEADLESS] player_hands_greybox_test.gd
PLAYER HANDS GREYBOX PASS: bilateral imported skin and handedness, real finger deformation, free/bow/chest gameplay, render layers, default fidelity and isolated F2/repeat/switch/reset/exit
WARNING: 2 ObjectDB instances were leaked at exit (run with `--verbose` for details).
   at: cleanup (core/object/object.cpp:2535)
[HEADLESS] test_room_session_test.gd
TEST ROOM SESSION TEST PASS: inventory identity, stress accumulation/recovery isolation, camping supplies, bow and arrows, chain flail, wallet, deep stock copies, needs, ailments, magic, and unstarted-session restoration
[HEADLESS] test_room_test.gd
TEST ROOM PASS: catalog, actors, chest hands/equipment/repeat/cancellation, stress accumulation/recovery/perception/isolation, pause, camping, flail, archery, fixtures, results, reset, scene roundtrip and original session restoration
WARNING: 2 ObjectDB instances were leaked at exit (run with `--verbose` for details).
   at: cleanup (core/object/object.cpp:2535)

Headless validation: 7 passed, 1 failed.
FAILED: player_hands_detailed_test.gd (1)
