{
  "engine_source": "https://github.com/godotengine/godot/blob/5b4e0cb0f/core/io/resource_uid.cpp#L283",
  "old_declared_record_count": 545,
  "actual_record_count": 545,
  "old_cache_sha256": "3ea42b0cc9d30f543a9c368645b0baa09dc402045caa9bc1da5f24765770e5d9",
  "restored_required_texture_mappings": {
    "183252097026760316": "res://assets/3d/player/hands_detailed/right_hand_detailed_supplied_hand_basecolor.png",
    "1100100818862061443": "res://assets/3d/player/gravebound_player_supplied_hand_normal.png",
    "1978200932201799081": "res://assets/3d/player/gravebound_player_supplied_hand_roughness.png",
    "4842675160709890326": "res://assets/3d/player/hands_detailed/left_hand_detailed_supplied_hand_roughness.png",
    "5601351616266531479": "res://assets/3d/player/hands_detailed/left_hand_detailed_supplied_hand_normal.png",
    "5699760655655130255": "res://assets/3d/player/hands_detailed/left_hand_detailed_supplied_hand_basecolor.png",
    "5843573236122994147": "res://assets/3d/player/hands_detailed/right_hand_detailed_supplied_hand_roughness.png",
    "6262950520411654699": "res://assets/3d/player/hands_detailed/right_hand_detailed_supplied_hand_normal.png",
    "7295701174431359546": "res://assets/3d/player/gravebound_player_supplied_hand_basecolor.png",
    "8066091555854940742": "res://assets/3d/player/gravebound_player_gravebound_atlas.png"
  },
  "trailing_records": [],
  "all_existing_record_bytes_preserved": true,
  "new_uids_generated": 0,
  "new_cache_sha256": "3ea42b0cc9d30f543a9c368645b0baa09dc402045caa9bc1da5f24765770e5d9",
  "changed_byte_offsets": [],
  "passed": true
}
