[HEADLESS] potion_test_room_test.gd
POTION_RESTORE state=true bag=true slots=true cursor=0/0
POTION TEST ROOM PASS: catalog, timed use, F/F2, repeat, recovery, reset, exact restoration
[HEADLESS] timed_item_use_test.gd
SCRIPT ERROR: Invalid call. Nonexistent function 'begin' in base 'Nil'.
          at: DungeonPlayer._play_consumable_motion (res://scripts/player.gd:3864)
          GDScript backtrace (most recent call first):
              [0] _play_consumable_motion (res://scripts/player.gd:3864)
              [1] begin_item_use (res://scripts/player.gd:3905)
              [2] _run (res://tests/timed_item_use_test.gd:24)
SCRIPT ERROR: Invalid call. Nonexistent function 'begin' in base 'Nil'.
          at: DungeonPlayer._play_consumable_motion (res://scripts/player.gd:3864)
          GDScript backtrace (most recent call first):
              [0] _play_consumable_motion (res://scripts/player.gd:3864)
              [1] begin_item_use (res://scripts/player.gd:3905)
              [2] _run (res://tests/timed_item_use_test.gd:34)
ERROR: Remaining time tracks actual elapsed without early effect
   at: push_error (core/variant/variant_utility.cpp:1023)
   GDScript backtrace (most recent call first):
       [0] _run (res://tests/timed_item_use_test.gd:73)
ERROR: Completion consumes once and heals
   at: push_error (core/variant/variant_utility.cpp:1023)
   GDScript backtrace (most recent call first):
       [0] _run (res://tests/timed_item_use_test.gd:73)
TIMED ITEM USE TEST FAIL: countdown, F cancellation, atomic completion, surgery, interruption and restoration
Script error detected in timed_item_use_test.gd, regardless of engine exit status.
[HEADLESS] splint_motion_test.gd
Wood support maximum surface contact error: 0.00100006437302
SPLINT MOTION TEST PASS: wrist gap 0.000000, maximum hand step 0.0436 at 2.583s

Headless validation: 2 passed, 1 failed.
FAILED: timed_item_use_test.gd (1)
