[HEADLESS] supplied_fp_arms_test.gd
WARNING: 'res://assets/3d/player/gravebound_player.glb': In external resource #0, invalid UID: 'uid://bsf1i7jfj73y3' - using text path instead: 'res://assets/3d/player/gravebound_player_gravebound_atlas.png'.
     at: open (core/io/resource_format_binary.cpp:1025)
     GDScript backtrace (most recent call first):
         [0] create_body (res://scripts/player_appearance.gd:16)
         [1] _build_body (res://scripts/player.gd:439)
         [2] _ready (res://scripts/player.gd:420)
         [3] populate_viewport (res://tests/player_arm_preview.gd:200)
         [4] _run (res://tests/supplied_fp_arms_test.gd:14)
WARNING: 'res://assets/3d/player/gravebound_player.glb': In external resource #1, invalid UID: 'uid://b6rw6ap30mdaj' - using text path instead: 'res://assets/3d/player/gravebound_player_albedo.png'.
     at: open (core/io/resource_format_binary.cpp:1025)
     GDScript backtrace (most recent call first):
         [0] create_body (res://scripts/player_appearance.gd:16)
         [1] _build_body (res://scripts/player.gd:439)
         [2] _ready (res://scripts/player.gd:420)
         [3] populate_viewport (res://tests/player_arm_preview.gd:200)
         [4] _run (res://tests/supplied_fp_arms_test.gd:14)
WARNING: 'res://assets/3d/player/gravebound_player.glb': In external resource #2, invalid UID: 'uid://ch8ykr2svbcx0' - using text path instead: 'res://assets/3d/player/gravebound_player_orm.png'.
     at: open (core/io/resource_format_binary.cpp:1025)
     GDScript backtrace (most recent call first):
         [0] create_body (res://scripts/player_appearance.gd:16)
         [1] _build_body (res://scripts/player.gd:439)
         [2] _ready (res://scripts/player.gd:420)
         [3] populate_viewport (res://tests/player_arm_preview.gd:200)
         [4] _run (res://tests/supplied_fp_arms_test.gd:14)
WARNING: 'res://assets/3d/player/gravebound_player.glb': In external resource #3, invalid UID: 'uid://bp1r0824j0xhq' - using text path instead: 'res://assets/3d/player/gravebound_player_normal.png'.
     at: open (core/io/resource_format_binary.cpp:1025)
     GDScript backtrace (most recent call first):
         [0] create_body (res://scripts/player_appearance.gd:16)
         [1] _build_body (res://scripts/player.gd:439)
         [2] _ready (res://scripts/player.gd:420)
         [3] populate_viewport (res://tests/player_arm_preview.gd:200)
         [4] _run (res://tests/supplied_fp_arms_test.gd:14)
SUPPLIED FP ARMS PASS
